
> mermaid-collab-ui@0.1.1 test:ci
> vitest --run


 RUN  v0.34.6 /Users/benmaderazo/Code/claude-mermaid-collab/.collab/agent-sessions/worktrees/leaf-exec-cde0f2bc/ui

stderr | src/hooks/__tests__/useDocumentHistory.test.ts > useDocumentHistory > Initialization > should initialize with null history and not loading when documentId is null
Failed to load session todos: TypeError: Failed to parse URL from /api/session-todos?project=%2Ftest%2Fproject&session=test-session
[90m    at node:internal/deps/undici/undici:15845:13[39m
    at Object.getSessionTodos [90m(/Users/benmaderazo/Code/claude-mermaid-collab/.collab/agent-sessions/worktrees/leaf-exec-cde0f2bc/ui/[39msrc/lib/api.ts:709:22[90m)[39m {
  [cause]: TypeError: Invalid URL: /api/session-todos?project=%2Ftest%2Fproject&session=test-session
      at new URLImpl (/Users/benmaderazo/Code/claude-mermaid-collab/ui/node_modules/[4mwhatwg-url[24m/lib/URL-impl.js:20:13)
      at Object.exports.setup (/Users/benmaderazo/Code/claude-mermaid-collab/ui/node_modules/[4mwhatwg-url[24m/lib/URL.js:54:12)
      at new URL (/Users/benmaderazo/Code/claude-mermaid-collab/ui/node_modules/[4mwhatwg-url[24m/lib/URL.js:115:22)
  [90m    at new Request (node:internal/deps/undici/undici:10413:25)[39m
  [90m    at fetch (node:internal/deps/undici/undici:11325:25)[39m
  [90m    at fetch (node:internal/deps/undici/undici:15843:10)[39m
  [90m    at fetch (node:internal/bootstrap/web/exposed-window-or-worker:83:12)[39m
      at Object.getSessionTodos [90m(/Users/benmaderazo/Code/claude-mermaid-collab/.collab/agent-sessions/worktrees/leaf-exec-cde0f2bc/ui/[39msrc/lib/api.ts:709:28[90m)[39m
      at Object.setCurrentSession [90m(/Users/benmaderazo/Code/claude-mermaid-collab/.collab/agent-sessions/worktrees/leaf-exec-cde0f2bc/ui/[39msrc/stores/sessionStore.ts:281:10[90m)[39m
      at [90m/Users/benmaderazo/Code/claude-mermaid-collab/.collab/agent-sessions/worktrees/leaf-exec-cde0f2bc/ui/[39msrc/hooks/__tests__/useDocumentHistory.test.ts:37:32
}

stderr | src/hooks/__tests__/useDocumentHistory.test.ts > useDocumentHistory > Initialization > should start loading when documentId is provided
Failed to load session todos: TypeError: Failed to parse URL from /api/session-todos?project=%2Ftest%2Fproject&session=test-session
[90m    at node:internal/deps/undici/undici:15845:13[39m
    at Object.getSessionTodos [90m(/Users/benmaderazo/Code/claude-mermaid-collab/.collab/agent-sessions/worktrees/leaf-exec-cde0f2bc/ui/[39msrc/lib/api.ts:709:22[90m)[39m {
  [cause]: TypeError: Invalid URL: /api/session-todos?project=%2Ftest%2Fproject&session=test-session
      at new URLImpl (/Users/benmaderazo/Code/claude-mermaid-collab/ui/node_modules/[4mwhatwg-url[24m/lib/URL-impl.js:20:13)
      at Object.exports.setup (/Users/benmaderazo/Code/claude-mermaid-collab/ui/node_modules/[4mwhatwg-url[24m/lib/URL.js:54:12)
      at new URL (/Users/benmaderazo/Code/claude-mermaid-collab/ui/node_modules/[4mwhatwg-url[24m/lib/URL.js:115:22)
  [90m    at new Request (node:internal/deps/undici/undici:10413:25)[39m
  [90m    at fetch (node:internal/deps/undici/undici:11325:25)[39m
  [90m    at fetch (node:internal/deps/undici/undici:15843:10)[39m
  [90m    at fetch (node:internal/bootstrap/web/exposed-window-or-worker:83:12)[39m
      at Object.getSessionTodos [90m(/Users/benmaderazo/Code/claude-mermaid-collab/.collab/agent-sessions/worktrees/leaf-exec-cde0f2bc/ui/[39msrc/lib/api.ts:709:28[90m)[39m
      at Object.setCurrentSession [90m(/Users/benmaderazo/Code/claude-mermaid-collab/.collab/agent-sessions/worktrees/leaf-exec-cde0f2bc/ui/[39msrc/stores/sessionStore.ts:281:10[90m)[39m
      at [90m/Users/benmaderazo/Code/claude-mermaid-collab/.collab/agent-sessions/worktrees/leaf-exec-cde0f2bc/ui/[39msrc/hooks/__tests__/useDocumentHistory.test.ts:37:32
}

 ❯ src/components/layout/__tests__/SupervisorPanel.byProject.test.tsx  (6 tests | 1 failed) 34ms
   ❯ src/components/layout/__tests__/SupervisorPanel.byProject.test.tsx > SupervisorPanel — per-project collapsible group > renders a project header with the claudepix avatar and the combined-state attribute
     → useSupervisorStore.getState is not a function
stderr | src/hooks/__tests__/useDocumentHistory.test.ts > useDocumentHistory > Error Handling > should set error on non-ok response
Failed to load session todos: TypeError: Cannot read properties of undefined (reading 'ok')
    at Object.getSessionTodos [90m(/Users/benmaderazo/Code/claude-mermaid-collab/.collab/agent-sessions/worktrees/leaf-exec-cde0f2bc/ui/[39msrc/lib/api.ts:710:19[90m)[39m

stderr | src/hooks/__tests__/useDocumentHistory.test.ts > useDocumentHistory > Error Handling > should set error on network failure
Failed to load session todos: Error: 
    at Object.getSessionTodos [90m(/Users/benmaderazo/Code/claude-mermaid-collab/.collab/agent-sessions/worktrees/leaf-exec-cde0f2bc/ui/[39msrc/lib/api.ts:711:13[90m)[39m

stderr | src/lib/__tests__/data-loader.test.ts > Data Loader > loadDiagrams > should handle load failures gracefully
Failed to load diagrams: Cannot read properties of undefined (reading 'length')

stderr | src/hooks/__tests__/useDocumentHistory.test.ts > useDocumentHistory > Error Handling > should set history to null on 404 (no history yet)
Failed to load session todos: Error: Network error
    at [90m/Users/benmaderazo/Code/claude-mermaid-collab/.collab/agent-sessions/worktrees/leaf-exec-cde0f2bc/ui/[39msrc/hooks/__tests__/useDocumentHistory.test.ts:149:49
    at mockCall (file:///Users/benmaderazo/Code/claude-mermaid-collab/ui/node_modules/[4m@vitest/spy[24m/dist/index.js:50:17)
    at spy (file:///Users/benmaderazo/Code/claude-mermaid-collab/ui/node_modules/[4mtinyspy[24m/dist/index.js:42:80)
    at Object.getSessionTodos [90m(/Users/benmaderazo/Code/claude-mermaid-collab/.collab/agent-sessions/worktrees/leaf-exec-cde0f2bc/ui/[39msrc/lib/api.ts:709:28[90m)[39m
    at Object.setCurrentSession [90m(/Users/benmaderazo/Code/claude-mermaid-collab/.collab/agent-sessions/worktrees/leaf-exec-cde0f2bc/ui/[39msrc/stores/sessionStore.ts:281:10[90m)[39m
    at [90m/Users/benmaderazo/Code/claude-mermaid-collab/.collab/agent-sessions/worktrees/leaf-exec-cde0f2bc/ui/[39msrc/hooks/__tests__/useDocumentHistory.test.ts:37:32
    at file:///Users/benmaderazo/Code/claude-mermaid-collab/ui/node_modules/[4m@vitest/runner[24m/dist/index.js:135:14
    at file:///Users/benmaderazo/Code/claude-mermaid-collab/ui/node_modules/[4m@vitest/runner[24m/dist/index.js:58:26
    at file:///Users/benmaderazo/Code/claude-mermaid-collab/ui/node_modules/[4m@vitest/runner[24m/dist/index.js:582:59
    at Array.map (<anonymous>)

stderr | src/hooks/__tests__/useDocumentHistory.test.ts > useDocumentHistory > Refetch > should refetch when refetch is called
Failed to load session todos: Error: 
    at Object.getSessionTodos [90m(/Users/benmaderazo/Code/claude-mermaid-collab/.collab/agent-sessions/worktrees/leaf-exec-cde0f2bc/ui/[39msrc/lib/api.ts:711:13[90m)[39m

 ✓ src/components/chat-drawer/InputControls.test.tsx  (24 tests) 388ms
stderr | src/hooks/__tests__/useDocumentHistory.test.ts > useDocumentHistory > getVersionAt > should return null when version fetch fails
Failed to load session todos: TypeError: Cannot read properties of undefined (reading 'ok')
    at Object.getSessionTodos [90m(/Users/benmaderazo/Code/claude-mermaid-collab/.collab/agent-sessions/worktrees/leaf-exec-cde0f2bc/ui/[39msrc/lib/api.ts:710:19[90m)[39m

stderr | src/hooks/__tests__/useAgentStatus.test.ts > useAgentStatus > Error Handling > should handle API errors gracefully
Failed to fetch agent status: Error: Connection refused
    at [90m/Users/benmaderazo/Code/claude-mermaid-collab/.collab/agent-sessions/worktrees/leaf-exec-cde0f2bc/ui/[39msrc/hooks/__tests__/useAgentStatus.test.ts:233:24
    at mockCall (file:///Users/benmaderazo/Code/claude-mermaid-collab/ui/node_modules/[4m@vitest/spy[24m/dist/index.js:50:17)
    at spy (file:///Users/benmaderazo/Code/claude-mermaid-collab/ui/node_modules/[4mtinyspy[24m/dist/index.js:42:80)
    at [90m/Users/benmaderazo/Code/claude-mermaid-collab/.collab/agent-sessions/worktrees/leaf-exec-cde0f2bc/ui/[39msrc/hooks/useAgentStatus.ts:55:30
    at [90m/Users/benmaderazo/Code/claude-mermaid-collab/.collab/agent-sessions/worktrees/leaf-exec-cde0f2bc/ui/[39msrc/hooks/useAgentStatus.ts:88:5
    at Object.react_stack_bottom_frame (/Users/benmaderazo/Code/claude-mermaid-collab/ui/node_modules/[4mreact-dom[24m/cjs/react-dom-client.development.js:25989:20)
    at runWithFiberInDEV (/Users/benmaderazo/Code/claude-mermaid-collab/ui/node_modules/[4mreact-dom[24m/cjs/react-dom-client.development.js:874:13)
    at commitHookEffectListMount (/Users/benmaderazo/Code/claude-mermaid-collab/ui/node_modules/[4mreact-dom[24m/cjs/react-dom-client.development.js:13249:29)
    at commitHookPassiveMountEffects (/Users/benmaderazo/Code/claude-mermaid-collab/ui/node_modules/[4mreact-dom[24m/cjs/react-dom-client.development.js:13336:11)
    at commitPassiveMountOnFiber (/Users/benmaderazo/Code/claude-mermaid-collab/ui/node_modules/[4mreact-dom[24m/cjs/react-dom-client.development.js:15484:13)

 ✓ src/hooks/__tests__/useAgentStatus.test.ts  (16 tests) 513ms
 ✓ src/components/shared/ProjectSelector.test.tsx  (34 tests) 489ms
stderr | src/hooks/__tests__/useDocumentHistory.test.ts > useDocumentHistory > getVersionAt > should return null when documentId is null
Failed to load session todos: TypeError: Cannot read properties of undefined (reading 'ok')
    at Object.getSessionTodos [90m(/Users/benmaderazo/Code/claude-mermaid-collab/.collab/agent-sessions/worktrees/leaf-exec-cde0f2bc/ui/[39msrc/lib/api.ts:710:19[90m)[39m

stderr | src/hooks/__tests__/useDocumentHistory.test.ts > useDocumentHistory > getVersionAt > should return null when session is not set
Failed to load session todos: TypeError: Cannot read properties of undefined (reading 'ok')
    at Object.getSessionTodos [90m(/Users/benmaderazo/Code/claude-mermaid-collab/.collab/agent-sessions/worktrees/leaf-exec-cde0f2bc/ui/[39msrc/lib/api.ts:710:19[90m)[39m

stderr | src/hooks/__tests__/useDocumentHistory.test.ts > useDocumentHistory > Session Changes > should clear history when session changes
Failed to load session todos: TypeError: Cannot read properties of undefined (reading 'ok')
    at Object.getSessionTodos [90m(/Users/benmaderazo/Code/claude-mermaid-collab/.collab/agent-sessions/worktrees/leaf-exec-cde0f2bc/ui/[39msrc/lib/api.ts:710:19[90m)[39m

stderr | src/vendored/t3chat/chat/__tests__/ChatComposer.lexical.test.tsx > ChatComposer (Lexical) > opens slash menu for "/cl"; single-pill intercept does not call onSend
[composer] Error: Unexpected empty pending editor state on discrete nested update
    at formatDevErrorMessage (file:///Users/benmaderazo/Code/claude-mermaid-collab/ui/node_modules/[4mlexical[24m/Lexical.dev.mjs:20:9)
    at $processNestedUpdates (file:///Users/benmaderazo/Code/claude-mermaid-collab/ui/node_modules/[4mlexical[24m/Lexical.dev.mjs:8773:13)
    at $beginUpdate (file:///Users/benmaderazo/Code/claude-mermaid-collab/ui/node_modules/[4mlexical[24m/Lexical.dev.mjs:8835:22)
    at updateEditorSync (file:///Users/benmaderazo/Code/claude-mermaid-collab/ui/node_modules/[4mlexical[24m/Lexical.dev.mjs:8916:5)
    at triggerCommandListeners (file:///Users/benmaderazo/Code/claude-mermaid-collab/ui/node_modules/[4mlexical[24m/Lexical.dev.mjs:8704:11)
    at dispatchCommand (file:///Users/benmaderazo/Code/claude-mermaid-collab/ui/node_modules/[4mlexical[24m/Lexical.dev.mjs:12001:10)
    at onKeyDown (file:///Users/benmaderazo/Code/claude-mermaid-collab/ui/node_modules/[4mlexical[24m/Lexical.dev.mjs:2821:3)
    at HTMLDivElement.<anonymous> (file:///Users/benmaderazo/Code/claude-mermaid-collab/ui/node_modules/[4mlexical[24m/Lexical.dev.mjs:3025:9)
    at HTMLDivElement.callTheUserObjectsOperation (/Users/benmaderazo/Code/claude-mermaid-collab/ui/node_modules/[4mjsdom[24m/lib/jsdom/living/generated/EventListener.js:26:30)
    at innerInvokeEventListeners (/Users/benmaderazo/Code/claude-mermaid-collab/ui/node_modules/[4mjsdom[24m/lib/jsdom/living/events/EventTarget-impl.js:360:16)

 ✓ src/vendored/t3chat/chat/__tests__/ChatComposer.lexical.test.tsx  (3 tests) 546ms
 ✓ src/hooks/__tests__/useDocumentHistory.test.ts  (18 tests) 514ms
stderr | unknown test
Not implemented: HTMLCanvasElement's getContext() method: without installing the canvas npm package

 ✓ src/hooks/__tests__/useTaskGraph.test.ts  (16 tests) 879ms
 ✓ src/components/ai-ui/inputs/__tests__/TextArea.test.tsx  (24 tests) 234ms
stderr | src/components/ai-ui/__tests__/renderer.test.tsx > AIUIRenderer > All 22 components rendering > should render DiagramEmbed component
Not implemented: HTMLCanvasElement's getContext() method: without installing the canvas npm package
Not implemented: HTMLCanvasElement's getContext() method: without installing the canvas npm package
Not implemented: HTMLCanvasElement's getContext() method: without installing the canvas npm package
Not implemented: HTMLCanvasElement's getContext() method: without installing the canvas npm package
Not implemented: HTMLCanvasElement's getContext() method: without installing the canvas npm package
Not implemented: HTMLCanvasElement's getContext() method: without installing the canvas npm package
An update to DiagramEmbed inside a test was not wrapped in act(...).

When testing, code that causes React state updates should be wrapped into act(...):

act(() => {
  /* fire events that update state */
});
/* assert on the output */

This ensures that you're testing the behavior the user would see in the browser. Learn more at https://react.dev/link/wrap-tests-with-act

stderr | src/components/mobile/__tests__/MobilePreviewTab.test.tsx > MobilePreviewTab Integration > Workflow: Browse and Select Items > should allow browsing and selecting multiple items in sequence
An update to MobilePreviewTab inside a test was not wrapped in act(...).

When testing, code that causes React state updates should be wrapped into act(...):

act(() => {
  /* fire events that update state */
});
/* assert on the output */

This ensures that you're testing the behavior the user would see in the browser. Learn more at https://react.dev/link/wrap-tests-with-act

stderr | src/components/mobile/__tests__/MobilePreviewTab.test.tsx > MobilePreviewTab Integration > Workflow: Browse and Select Items > should allow browsing and selecting multiple items in sequence
An update to MobilePreviewTab inside a test was not wrapped in act(...).

When testing, code that causes React state updates should be wrapped into act(...):

act(() => {
  /* fire events that update state */
});
/* assert on the output */

This ensures that you're testing the behavior the user would see in the browser. Learn more at https://react.dev/link/wrap-tests-with-act

stderr | src/components/mobile/__tests__/MobilePreviewTab.test.tsx > MobilePreviewTab Integration > State Management > should maintain drawer state independently from item selection
An update to MobilePreviewTab inside a test was not wrapped in act(...).

When testing, code that causes React state updates should be wrapped into act(...):

act(() => {
  /* fire events that update state */
});
/* assert on the output */

This ensures that you're testing the behavior the user would see in the browser. Learn more at https://react.dev/link/wrap-tests-with-act

 ✓ src/components/ai-ui/interactive/__tests__/Wizard.test.tsx  (15 tests) 195ms
 ✓ src/stores/__tests__/notificationStore.test.ts  (17 tests) 334ms
stderr | src/components/mobile/__tests__/MobilePreviewTab.test.tsx > MobilePreviewTab Integration > Empty State Handling > should transition from empty state to preview when item is selected
An update to MobilePreviewTab inside a test was not wrapped in act(...).

When testing, code that causes React state updates should be wrapped into act(...):

act(() => {
  /* fire events that update state */
});
/* assert on the output */

This ensures that you're testing the behavior the user would see in the browser. Learn more at https://react.dev/link/wrap-tests-with-act

stderr | src/components/mobile/__tests__/MobilePreviewTab.test.tsx > MobilePreviewTab Integration > Content Type Switching > should correctly render both diagram and document types
An update to MobilePreviewTab inside a test was not wrapped in act(...).

When testing, code that causes React state updates should be wrapped into act(...):

act(() => {
  /* fire events that update state */
});
/* assert on the output */

This ensures that you're testing the behavior the user would see in the browser. Learn more at https://react.dev/link/wrap-tests-with-act

stderr | src/components/mobile/__tests__/MobilePreviewTab.test.tsx > MobilePreviewTab Integration > Content Type Switching > should correctly render both diagram and document types
An update to MobilePreviewTab inside a test was not wrapped in act(...).

When testing, code that causes React state updates should be wrapped into act(...):

act(() => {
  /* fire events that update state */
});
/* assert on the output */

This ensures that you're testing the behavior the user would see in the browser. Learn more at https://react.dev/link/wrap-tests-with-act

stderr | src/components/mobile/__tests__/MobilePreviewTab.test.tsx > MobilePreviewTab Integration > Store Updates > should update preview content when diagram content changes in store
An update to MobilePreviewTab inside a test was not wrapped in act(...).

When testing, code that causes React state updates should be wrapped into act(...):

act(() => {
  /* fire events that update state */
});
/* assert on the output */

This ensures that you're testing the behavior the user would see in the browser. Learn more at https://react.dev/link/wrap-tests-with-act

stderr | src/components/mobile/__tests__/MobilePreviewTab.test.tsx > MobilePreviewTab Integration > Store Updates > should update drawer items list when diagrams/documents are added to store
An update to MobilePreviewTab inside a test was not wrapped in act(...).

When testing, code that causes React state updates should be wrapped into act(...):

act(() => {
  /* fire events that update state */
});
/* assert on the output */

This ensures that you're testing the behavior the user would see in the browser. Learn more at https://react.dev/link/wrap-tests-with-act

 ✓ src/components/mobile/__tests__/MobilePreviewTab.test.tsx  (9 tests) 178ms
stderr | src/components/dashboard/__tests__/TaskGraphCard.test.tsx > TaskGraphCard > diagram display > should render diagram when data present
Not implemented: HTMLCanvasElement's getContext() method: without installing the canvas npm package
Not implemented: HTMLCanvasElement's getContext() method: without installing the canvas npm package
Not implemented: HTMLCanvasElement's getContext() method: without installing the canvas npm package
Not implemented: HTMLCanvasElement's getContext() method: without installing the canvas npm package
Not implemented: HTMLCanvasElement's getContext() method: without installing the canvas npm package
Not implemented: HTMLCanvasElement's getContext() method: without installing the canvas npm package
An update to DiagramEmbed inside a test was not wrapped in act(...).

When testing, code that causes React state updates should be wrapped into act(...):

act(() => {
  /* fire events that update state */
});
/* assert on the output */

This ensures that you're testing the behavior the user would see in the browser. Learn more at https://react.dev/link/wrap-tests-with-act

stderr | src/components/dashboard/__tests__/TaskGraphCard.test.tsx > TaskGraphCard > diagram display > should pass diagram content to DiagramEmbed
Not implemented: HTMLCanvasElement's getContext() method: without installing the canvas npm package
Not implemented: HTMLCanvasElement's getContext() method: without installing the canvas npm package
Not implemented: HTMLCanvasElement's getContext() method: without installing the canvas npm package
Not implemented: HTMLCanvasElement's getContext() method: without installing the canvas npm package
Not implemented: HTMLCanvasElement's getContext() method: without installing the canvas npm package
Not implemented: HTMLCanvasElement's getContext() method: without installing the canvas npm package
An update to DiagramEmbed inside a test was not wrapped in act(...).

When testing, code that causes React state updates should be wrapped into act(...):

act(() => {
  /* fire events that update state */
});
/* assert on the output */

This ensures that you're testing the behavior the user would see in the browser. Learn more at https://react.dev/link/wrap-tests-with-act

stderr | src/components/dashboard/__tests__/TaskGraphCard.test.tsx > TaskGraphCard > close button > should render close button when onClose provided
Not implemented: HTMLCanvasElement's getContext() method: without installing the canvas npm package
Not implemented: HTMLCanvasElement's getContext() method: without installing the canvas npm package
Not implemented: HTMLCanvasElement's getContext() method: without installing the canvas npm package
Not implemented: HTMLCanvasElement's getContext() method: without installing the canvas npm package
Not implemented: HTMLCanvasElement's getContext() method: without installing the canvas npm package
Not implemented: HTMLCanvasElement's getContext() method: without installing the canvas npm package
An update to DiagramEmbed inside a test was not wrapped in act(...).

When testing, code that causes React state updates should be wrapped into act(...):

act(() => {
  /* fire events that update state */
});
/* assert on the output */

This ensures that you're testing the behavior the user would see in the browser. Learn more at https://react.dev/link/wrap-tests-with-act

stderr | src/components/dashboard/__tests__/TaskGraphCard.test.tsx > TaskGraphCard > close button > should call onClose callback when close button clicked
Not implemented: HTMLCanvasElement's getContext() method: without installing the canvas npm package
Not implemented: HTMLCanvasElement's getContext() method: without installing the canvas npm package
Not implemented: HTMLCanvasElement's getContext() method: without installing the canvas npm package
Not implemented: HTMLCanvasElement's getContext() method: without installing the canvas npm package
Not implemented: HTMLCanvasElement's getContext() method: without installing the canvas npm package
Not implemented: HTMLCanvasElement's getContext() method: without installing the canvas npm package

 ✓ src/components/ai-ui/inputs/__tests__/Checkbox.test.tsx  (20 tests) 305ms
 ✓ src/components/ai-ui/__tests__/renderer.test.tsx  (60 tests) 426ms
stderr | src/lib/__tests__/data-loader.test.ts > Data Loader > loadDocuments > should handle load failures gracefully
Failed to load documents: Cannot read properties of undefined (reading 'length')

stderr | src/components/dashboard/__tests__/TaskGraphCard.test.tsx > TaskGraphCard > close button > should not render close button when onClose not provided
Not implemented: HTMLCanvasElement's getContext() method: without installing the canvas npm package
Not implemented: HTMLCanvasElement's getContext() method: without installing the canvas npm package
Not implemented: HTMLCanvasElement's getContext() method: without installing the canvas npm package
Not implemented: HTMLCanvasElement's getContext() method: without installing the canvas npm package
Not implemented: HTMLCanvasElement's getContext() method: without installing the canvas npm package
Not implemented: HTMLCanvasElement's getContext() method: without installing the canvas npm package
An update to DiagramEmbed inside a test was not wrapped in act(...).

When testing, code that causes React state updates should be wrapped into act(...):

act(() => {
  /* fire events that update state */
});
/* assert on the output */

This ensures that you're testing the behavior the user would see in the browser. Learn more at https://react.dev/link/wrap-tests-with-act

stderr | src/components/dashboard/__tests__/TaskGraphCard.test.tsx > TaskGraphCard > card title > should always display card title
Not implemented: HTMLCanvasElement's getContext() method: without installing the canvas npm package
Not implemented: HTMLCanvasElement's getContext() method: without installing the canvas npm package
Not implemented: HTMLCanvasElement's getContext() method: without installing the canvas npm package
Not implemented: HTMLCanvasElement's getContext() method: without installing the canvas npm package
Not implemented: HTMLCanvasElement's getContext() method: without installing the canvas npm package
Not implemented: HTMLCanvasElement's getContext() method: without installing the canvas npm package
An update to DiagramEmbed inside a test was not wrapped in act(...).

When testing, code that causes React state updates should be wrapped into act(...):

act(() => {
  /* fire events that update state */
});
/* assert on the output */

This ensures that you're testing the behavior the user would see in the browser. Learn more at https://react.dev/link/wrap-tests-with-act

 ✓ src/components/dashboard/__tests__/TaskGraphCard.test.tsx  (10 tests) 410ms
 ✓ src/components/diagram/__tests__/PropertiesPane.test.tsx  (31 tests) 305ms
stderr | src/components/editors/__tests__/CodeMirrorWrapper.test.tsx > MonacoWrapper > Rendering > should show loading state initially
An update to MonacoWrapper inside a test was not wrapped in act(...).

When testing, code that causes React state updates should be wrapped into act(...):

act(() => {
  /* fire events that update state */
});
/* assert on the output */

This ensures that you're testing the behavior the user would see in the browser. Learn more at https://react.dev/link/wrap-tests-with-act

 ✓ src/vendored/t3chat/chat/ModeSelector.test.tsx  (5 tests) 264ms
 ✓ src/hooks/__tests__/useSessionPolling.test.ts  (16 tests) 1758ms
stderr | src/lib/__tests__/data-loader.test.ts > Data Loader > loadDesigns > should handle load failures gracefully
Failed to load designs: Cannot read properties of undefined (reading 'length')

stderr | src/components/editors/__tests__/CodeMirrorWrapper.test.tsx > MonacoWrapper > Theme Support > should respond to theme changes
An update to MonacoWrapper inside a test was not wrapped in act(...).

When testing, code that causes React state updates should be wrapped into act(...):

act(() => {
  /* fire events that update state */
});
/* assert on the output */

This ensures that you're testing the behavior the user would see in the browser. Learn more at https://react.dev/link/wrap-tests-with-act

stderr | src/components/editors/__tests__/MermaidPreview.test.tsx > MermaidPreview > rendering > should render the preview container
An update to MermaidPreview inside a test was not wrapped in act(...).

When testing, code that causes React state updates should be wrapped into act(...):

act(() => {
  /* fire events that update state */
});
/* assert on the output */

This ensures that you're testing the behavior the user would see in the browser. Learn more at https://react.dev/link/wrap-tests-with-act

stderr | src/components/editors/__tests__/MermaidPreview.test.tsx > MermaidPreview > rendering > should render with responsive width classes
An update to MermaidPreview inside a test was not wrapped in act(...).

When testing, code that causes React state updates should be wrapped into act(...):

act(() => {
  /* fire events that update state */
});
/* assert on the output */

This ensures that you're testing the behavior the user would see in the browser. Learn more at https://react.dev/link/wrap-tests-with-act

stderr | src/components/editors/__tests__/MermaidPreview.test.tsx > MermaidPreview > rendering > should show empty state when content is empty
An update to MermaidPreview inside a test was not wrapped in act(...).

When testing, code that causes React state updates should be wrapped into act(...):

act(() => {
  /* fire events that update state */
});
/* assert on the output */

This ensures that you're testing the behavior the user would see in the browser. Learn more at https://react.dev/link/wrap-tests-with-act

stderr | src/components/editors/__tests__/MermaidPreview.test.tsx > MermaidPreview > rendering > should show empty state when content is only whitespace
An update to MermaidPreview inside a test was not wrapped in act(...).

When testing, code that causes React state updates should be wrapped into act(...):

act(() => {
  /* fire events that update state */
});
/* assert on the output */

This ensures that you're testing the behavior the user would see in the browser. Learn more at https://react.dev/link/wrap-tests-with-act

stderr | src/components/editors/__tests__/MermaidPreview.test.tsx > MermaidPreview > styling > should apply custom className to container
An update to MermaidPreview inside a test was not wrapped in act(...).

When testing, code that causes React state updates should be wrapped into act(...):

act(() => {
  /* fire events that update state */
});
/* assert on the output */

This ensures that you're testing the behavior the user would see in the browser. Learn more at https://react.dev/link/wrap-tests-with-act

stderr | src/components/editors/__tests__/MermaidPreview.test.tsx > MermaidPreview > styling > should have dark mode support classes
An update to MermaidPreview inside a test was not wrapped in act(...).

When testing, code that causes React state updates should be wrapped into act(...):

act(() => {
  /* fire events that update state */
});
/* assert on the output */

This ensures that you're testing the behavior the user would see in the browser. Learn more at https://react.dev/link/wrap-tests-with-act

stderr | src/components/editors/__tests__/MermaidPreview.test.tsx > MermaidPreview > styling > should apply proper border and padding classes to diagram wrapper
An update to MermaidPreview inside a test was not wrapped in act(...).

When testing, code that causes React state updates should be wrapped into act(...):

act(() => {
  /* fire events that update state */
});
/* assert on the output */

This ensures that you're testing the behavior the user would see in the browser. Learn more at https://react.dev/link/wrap-tests-with-act

stderr | src/components/editors/__tests__/MermaidPreview.test.tsx > MermaidPreview > props and content > should accept and handle content prop
An update to MermaidPreview inside a test was not wrapped in act(...).

When testing, code that causes React state updates should be wrapped into act(...):

act(() => {
  /* fire events that update state */
});
/* assert on the output */

This ensures that you're testing the behavior the user would see in the browser. Learn more at https://react.dev/link/wrap-tests-with-act
An update to MermaidPreview inside a test was not wrapped in act(...).

When testing, code that causes React state updates should be wrapped into act(...):

act(() => {
  /* fire events that update state */
});
/* assert on the output */

This ensures that you're testing the behavior the user would see in the browser. Learn more at https://react.dev/link/wrap-tests-with-act

stderr | src/components/editors/__tests__/MermaidPreview.test.tsx > MermaidPreview > props and content > should handle very long content
An update to MermaidPreview inside a test was not wrapped in act(...).

When testing, code that causes React state updates should be wrapped into act(...):

act(() => {
  /* fire events that update state */
});
/* assert on the output */

This ensures that you're testing the behavior the user would see in the browser. Learn more at https://react.dev/link/wrap-tests-with-act

stderr | src/components/editors/__tests__/MermaidPreview.test.tsx > MermaidPreview > props and content > should handle special characters
An update to MermaidPreview inside a test was not wrapped in act(...).

When testing, code that causes React state updates should be wrapped into act(...):

act(() => {
  /* fire events that update state */
});
/* assert on the output */

This ensures that you're testing the behavior the user would see in the browser. Learn more at https://react.dev/link/wrap-tests-with-act

stderr | src/components/editors/__tests__/MermaidPreview.test.tsx > MermaidPreview > mermaid initialization > should initialize mermaid via initializeMermaid
An update to MermaidPreview inside a test was not wrapped in act(...).

When testing, code that causes React state updates should be wrapped into act(...):

act(() => {
  /* fire events that update state */
});
/* assert on the output */

This ensures that you're testing the behavior the user would see in the browser. Learn more at https://react.dev/link/wrap-tests-with-act

stderr | src/components/editors/__tests__/MermaidPreview.test.tsx > MermaidPreview > mermaid initialization > should pass theme to initializeMermaid
An update to MermaidPreview inside a test was not wrapped in act(...).

When testing, code that causes React state updates should be wrapped into act(...):

act(() => {
  /* fire events that update state */
});
/* assert on the output */

This ensures that you're testing the behavior the user would see in the browser. Learn more at https://react.dev/link/wrap-tests-with-act

stderr | src/components/editors/__tests__/MermaidPreview.test.tsx > MermaidPreview > error handling and callbacks > should handle onRender callback prop
An update to MermaidPreview inside a test was not wrapped in act(...).

When testing, code that causes React state updates should be wrapped into act(...):

act(() => {
  /* fire events that update state */
});
/* assert on the output */

This ensures that you're testing the behavior the user would see in the browser. Learn more at https://react.dev/link/wrap-tests-with-act

stderr | src/components/editors/__tests__/MermaidPreview.test.tsx > MermaidPreview > error handling and callbacks > should handle onError callback prop
An update to MermaidPreview inside a test was not wrapped in act(...).

When testing, code that causes React state updates should be wrapped into act(...):

act(() => {
  /* fire events that update state */
});
/* assert on the output */

This ensures that you're testing the behavior the user would see in the browser. Learn more at https://react.dev/link/wrap-tests-with-act

stderr | src/components/editors/__tests__/MermaidPreview.test.tsx > MermaidPreview > error handling and callbacks > should not throw on render error scenarios
An update to MermaidPreview inside a test was not wrapped in act(...).

When testing, code that causes React state updates should be wrapped into act(...):

act(() => {
  /* fire events that update state */
});
/* assert on the output */

This ensures that you're testing the behavior the user would see in the browser. Learn more at https://react.dev/link/wrap-tests-with-act

stderr | src/components/editors/__tests__/MermaidPreview.test.tsx > MermaidPreview > component lifecycle > should render without errors
An update to MermaidPreview inside a test was not wrapped in act(...).

When testing, code that causes React state updates should be wrapped into act(...):

act(() => {
  /* fire events that update state */
});
/* assert on the output */

This ensures that you're testing the behavior the user would see in the browser. Learn more at https://react.dev/link/wrap-tests-with-act

stderr | src/components/editors/__tests__/MermaidPreview.test.tsx > MermaidPreview > component lifecycle > should handle updates without errors
An update to MermaidPreview inside a test was not wrapped in act(...).

When testing, code that causes React state updates should be wrapped into act(...):

act(() => {
  /* fire events that update state */
});
/* assert on the output */

This ensures that you're testing the behavior the user would see in the browser. Learn more at https://react.dev/link/wrap-tests-with-act
An update to MermaidPreview inside a test was not wrapped in act(...).

When testing, code that causes React state updates should be wrapped into act(...):

act(() => {
  /* fire events that update state */
});
/* assert on the output */

This ensures that you're testing the behavior the user would see in the browser. Learn more at https://react.dev/link/wrap-tests-with-act

stderr | src/components/editors/__tests__/MermaidPreview.test.tsx > MermaidPreview > component lifecycle > should handle rapid prop changes
An update to MermaidPreview inside a test was not wrapped in act(...).

When testing, code that causes React state updates should be wrapped into act(...):

act(() => {
  /* fire events that update state */
});
/* assert on the output */

This ensures that you're testing the behavior the user would see in the browser. Learn more at https://react.dev/link/wrap-tests-with-act
An update to MermaidPreview inside a test was not wrapped in act(...).

When testing, code that causes React state updates should be wrapped into act(...):

act(() => {
  /* fire events that update state */
});
/* assert on the output */

This ensures that you're testing the behavior the user would see in the browser. Learn more at https://react.dev/link/wrap-tests-with-act
An update to MermaidPreview inside a test was not wrapped in act(...).

When testing, code that causes React state updates should be wrapped into act(...):

act(() => {
  /* fire events that update state */
});
/* assert on the output */

This ensures that you're testing the behavior the user would see in the browser. Learn more at https://react.dev/link/wrap-tests-with-act
An update to MermaidPreview inside a test was not wrapped in act(...).

When testing, code that causes React state updates should be wrapped into act(...):

act(() => {
  /* fire events that update state */
});
/* assert on the output */

This ensures that you're testing the behavior the user would see in the browser. Learn more at https://react.dev/link/wrap-tests-with-act

stderr | src/components/editors/__tests__/MermaidPreview.test.tsx > MermaidPreview > interface compliance > should have all required properties in props interface
An update to MermaidPreview inside a test was not wrapped in act(...).

When testing, code that causes React state updates should be wrapped into act(...):

act(() => {
  /* fire events that update state */
});
/* assert on the output */

This ensures that you're testing the behavior the user would see in the browser. Learn more at https://react.dev/link/wrap-tests-with-act

stderr | src/components/editors/__tests__/MermaidPreview.test.tsx > MermaidPreview > interface compliance > should render with minimal required props
An update to MermaidPreview inside a test was not wrapped in act(...).

When testing, code that causes React state updates should be wrapped into act(...):

act(() => {
  /* fire events that update state */
});
/* assert on the output */

This ensures that you're testing the behavior the user would see in the browser. Learn more at https://react.dev/link/wrap-tests-with-act

stderr | src/components/editors/__tests__/MermaidPreview.test.tsx > MermaidPreview > interface compliance > should work with className prop
An update to MermaidPreview inside a test was not wrapped in act(...).

When testing, code that causes React state updates should be wrapped into act(...):

act(() => {
  /* fire events that update state */
});
/* assert on the output */

This ensures that you're testing the behavior the user would see in the browser. Learn more at https://react.dev/link/wrap-tests-with-act

stderr | src/components/editors/__tests__/MermaidPreview.test.tsx > MermaidPreview > edge cases > should handle empty string
An update to MermaidPreview inside a test was not wrapped in act(...).

When testing, code that causes React state updates should be wrapped into act(...):

act(() => {
  /* fire events that update state */
});
/* assert on the output */

This ensures that you're testing the behavior the user would see in the browser. Learn more at https://react.dev/link/wrap-tests-with-act

stderr | src/components/editors/__tests__/MermaidPreview.test.tsx > MermaidPreview > edge cases > should handle null-like string
An update to MermaidPreview inside a test was not wrapped in act(...).

When testing, code that causes React state updates should be wrapped into act(...):

act(() => {
  /* fire events that update state */
});
/* assert on the output */

This ensures that you're testing the behavior the user would see in the browser. Learn more at https://react.dev/link/wrap-tests-with-act

stderr | src/components/editors/__tests__/MermaidPreview.test.tsx > MermaidPreview > edge cases > should handle multiline content
An update to MermaidPreview inside a test was not wrapped in act(...).

When testing, code that causes React state updates should be wrapped into act(...):

act(() => {
  /* fire events that update state */
});
/* assert on the output */

This ensures that you're testing the behavior the user would see in the browser. Learn more at https://react.dev/link/wrap-tests-with-act

stderr | src/components/editors/__tests__/MermaidPreview.test.tsx > MermaidPreview > edge cases > should handle content with newlines and tabs
An update to MermaidPreview inside a test was not wrapped in act(...).

When testing, code that causes React state updates should be wrapped into act(...):

act(() => {
  /* fire events that update state */
});
/* assert on the output */

This ensures that you're testing the behavior the user would see in the browser. Learn more at https://react.dev/link/wrap-tests-with-act

stderr | src/components/editors/__tests__/MermaidPreview.test.tsx > MermaidPreview > render ID caching (Item 8 - Fix) > should generate unique render ID with timestamp on each render
An update to MermaidPreview inside a test was not wrapped in act(...).

When testing, code that causes React state updates should be wrapped into act(...):

act(() => {
  /* fire events that update state */
});
/* assert on the output */

This ensures that you're testing the behavior the user would see in the browser. Learn more at https://react.dev/link/wrap-tests-with-act

stderr | src/components/editors/__tests__/MermaidPreview.test.tsx > MermaidPreview > render ID caching (Item 8 - Fix) > should generate unique render ID with timestamp on each render
An update to MermaidPreview inside a test was not wrapped in act(...).

When testing, code that causes React state updates should be wrapped into act(...):

act(() => {
  /* fire events that update state */
});
/* assert on the output */

This ensures that you're testing the behavior the user would see in the browser. Learn more at https://react.dev/link/wrap-tests-with-act
An update to MermaidPreview inside a test was not wrapped in act(...).

When testing, code that causes React state updates should be wrapped into act(...):

act(() => {
  /* fire events that update state */
});
/* assert on the output */

This ensures that you're testing the behavior the user would see in the browser. Learn more at https://react.dev/link/wrap-tests-with-act

stderr | src/components/editors/__tests__/CodeMirrorWrapper.test.tsx > MonacoWrapper > Edge Cases > should handle null or undefined onChange gracefully
An update to MonacoWrapper inside a test was not wrapped in act(...).

When testing, code that causes React state updates should be wrapped into act(...):

act(() => {
  /* fire events that update state */
});
/* assert on the output */

This ensures that you're testing the behavior the user would see in the browser. Learn more at https://react.dev/link/wrap-tests-with-act

stderr | src/components/editors/__tests__/CodeMirrorWrapper.test.tsx > MonacoWrapper > Edge Cases > should handle rapid theme switching
An update to MonacoWrapper inside a test was not wrapped in act(...).

When testing, code that causes React state updates should be wrapped into act(...):

act(() => {
  /* fire events that update state */
});
/* assert on the output */

This ensures that you're testing the behavior the user would see in the browser. Learn more at https://react.dev/link/wrap-tests-with-act
An update to MonacoWrapper inside a test was not wrapped in act(...).

When testing, code that causes React state updates should be wrapped into act(...):

act(() => {
  /* fire events that update state */
});
/* assert on the output */

This ensures that you're testing the behavior the user would see in the browser. Learn more at https://react.dev/link/wrap-tests-with-act

 ✓ src/components/mobile/ItemDrawer.test.tsx  (23 tests) 261ms
stderr | src/components/editors/__tests__/MermaidPreview.test.tsx > MermaidPreview > render ID caching (Item 8 - Fix) > should generate unique render ID with timestamp on each render
An update to MermaidPreview inside a test was not wrapped in act(...).

When testing, code that causes React state updates should be wrapped into act(...):

act(() => {
  /* fire events that update state */
});
/* assert on the output */

This ensures that you're testing the behavior the user would see in the browser. Learn more at https://react.dev/link/wrap-tests-with-act
An update to MermaidPreview inside a test was not wrapped in act(...).

When testing, code that causes React state updates should be wrapped into act(...):

act(() => {
  /* fire events that update state */
});
/* assert on the output */

This ensures that you're testing the behavior the user would see in the browser. Learn more at https://react.dev/link/wrap-tests-with-act

 ✓ src/components/editors/__tests__/CodeMirrorWrapper.test.tsx  (40 tests) 281ms
 ✓ src/components/ai-ui/interactive/__tests__/Checklist.test.tsx  (14 tests) 245ms
stderr | src/components/editors/__tests__/MermaidPreview.test.tsx > MermaidPreview > render ID caching (Item 8 - Fix) > should pass unique render ID to mermaid.render
An update to MermaidPreview inside a test was not wrapped in act(...).

When testing, code that causes React state updates should be wrapped into act(...):

act(() => {
  /* fire events that update state */
});
/* assert on the output */

This ensures that you're testing the behavior the user would see in the browser. Learn more at https://react.dev/link/wrap-tests-with-act
An update to MermaidPreview inside a test was not wrapped in act(...).

When testing, code that causes React state updates should be wrapped into act(...):

act(() => {
  /* fire events that update state */
});
/* assert on the output */

This ensures that you're testing the behavior the user would see in the browser. Learn more at https://react.dev/link/wrap-tests-with-act
An update to MermaidPreview inside a test was not wrapped in act(...).

When testing, code that causes React state updates should be wrapped into act(...):

act(() => {
  /* fire events that update state */
});
/* assert on the output */

This ensures that you're testing the behavior the user would see in the browser. Learn more at https://react.dev/link/wrap-tests-with-act

stderr | src/components/editors/__tests__/MermaidPreview.test.tsx > MermaidPreview > edit mode click handlers (Item 3 - Node/Edge Detection) > should accept editMode prop
An update to MermaidPreview inside a test was not wrapped in act(...).

When testing, code that causes React state updates should be wrapped into act(...):

act(() => {
  /* fire events that update state */
});
/* assert on the output */

This ensures that you're testing the behavior the user would see in the browser. Learn more at https://react.dev/link/wrap-tests-with-act

stderr | src/components/editors/__tests__/MermaidPreview.test.tsx > MermaidPreview > edit mode click handlers (Item 3 - Node/Edge Detection) > should accept onNodeClick callback prop
An update to MermaidPreview inside a test was not wrapped in act(...).

When testing, code that causes React state updates should be wrapped into act(...):

act(() => {
  /* fire events that update state */
});
/* assert on the output */

This ensures that you're testing the behavior the user would see in the browser. Learn more at https://react.dev/link/wrap-tests-with-act

stderr | src/components/editors/__tests__/MermaidPreview.test.tsx > MermaidPreview > edit mode click handlers (Item 3 - Node/Edge Detection) > should accept onEdgeClick callback prop
An update to MermaidPreview inside a test was not wrapped in act(...).

When testing, code that causes React state updates should be wrapped into act(...):

act(() => {
  /* fire events that update state */
});
/* assert on the output */

This ensures that you're testing the behavior the user would see in the browser. Learn more at https://react.dev/link/wrap-tests-with-act

stderr | src/components/editors/__tests__/MermaidPreview.test.tsx > MermaidPreview > edit mode click handlers (Item 3 - Node/Edge Detection) > should trigger onNodeClick when node element is clicked in edit mode
An update to MermaidPreview inside a test was not wrapped in act(...).

When testing, code that causes React state updates should be wrapped into act(...):

act(() => {
  /* fire events that update state */
});
/* assert on the output */

This ensures that you're testing the behavior the user would see in the browser. Learn more at https://react.dev/link/wrap-tests-with-act

stderr | src/components/editors/__tests__/MermaidPreview.test.tsx > MermaidPreview > edit mode click handlers (Item 3 - Node/Edge Detection) > should not trigger click handlers when editMode is false
An update to MermaidPreview inside a test was not wrapped in act(...).

When testing, code that causes React state updates should be wrapped into act(...):

act(() => {
  /* fire events that update state */
});
/* assert on the output */

This ensures that you're testing the behavior the user would see in the browser. Learn more at https://react.dev/link/wrap-tests-with-act

stderr | src/components/editors/__tests__/MermaidPreview.test.tsx > MermaidPreview > shift+click pan (Item 5) > should detect shift+left-click+drag pan gesture
An update to MermaidPreview inside a test was not wrapped in act(...).

When testing, code that causes React state updates should be wrapped into act(...):

act(() => {
  /* fire events that update state */
});
/* assert on the output */

This ensures that you're testing the behavior the user would see in the browser. Learn more at https://react.dev/link/wrap-tests-with-act
An update to MermaidPreview inside a test was not wrapped in act(...).

When testing, code that causes React state updates should be wrapped into act(...):

act(() => {
  /* fire events that update state */
});
/* assert on the output */

This ensures that you're testing the behavior the user would see in the browser. Learn more at https://react.dev/link/wrap-tests-with-act

stderr | src/components/editors/__tests__/MermaidPreview.test.tsx > MermaidPreview > shift+click pan (Item 5) > should maintain middle-click panning functionality
An update to MermaidPreview inside a test was not wrapped in act(...).

When testing, code that causes React state updates should be wrapped into act(...):

act(() => {
  /* fire events that update state */
});
/* assert on the output */

This ensures that you're testing the behavior the user would see in the browser. Learn more at https://react.dev/link/wrap-tests-with-act
An update to MermaidPreview inside a test was not wrapped in act(...).

When testing, code that causes React state updates should be wrapped into act(...):

act(() => {
  /* fire events that update state */
});
/* assert on the output */

This ensures that you're testing the behavior the user would see in the browser. Learn more at https://react.dev/link/wrap-tests-with-act

stderr | src/components/editors/__tests__/MermaidPreview.test.tsx > MermaidPreview > shift+click pan (Item 5) > should update cursor to grabbing during shift+click pan
An update to MermaidPreview inside a test was not wrapped in act(...).

When testing, code that causes React state updates should be wrapped into act(...):

act(() => {
  /* fire events that update state */
});
/* assert on the output */

This ensures that you're testing the behavior the user would see in the browser. Learn more at https://react.dev/link/wrap-tests-with-act
An update to MermaidPreview inside a test was not wrapped in act(...).

When testing, code that causes React state updates should be wrapped into act(...):

act(() => {
  /* fire events that update state */
});
/* assert on the output */

This ensures that you're testing the behavior the user would see in the browser. Learn more at https://react.dev/link/wrap-tests-with-act

stderr | src/components/editors/__tests__/MermaidPreview.test.tsx > MermaidPreview > shift+click pan (Item 5) > should change cursor to grab when shift key is held
An update to MermaidPreview inside a test was not wrapped in act(...).

When testing, code that causes React state updates should be wrapped into act(...):

act(() => {
  /* fire events that update state */
});
/* assert on the output */

This ensures that you're testing the behavior the user would see in the browser. Learn more at https://react.dev/link/wrap-tests-with-act

stderr | src/components/editors/__tests__/MermaidPreview.test.tsx > MermaidPreview > shift+click pan (Item 5) > should reset cursor when shift key is released
An update to MermaidPreview inside a test was not wrapped in act(...).

When testing, code that causes React state updates should be wrapped into act(...):

act(() => {
  /* fire events that update state */
});
/* assert on the output */

This ensures that you're testing the behavior the user would see in the browser. Learn more at https://react.dev/link/wrap-tests-with-act

stderr | src/components/editors/__tests__/MermaidPreview.test.tsx > MermaidPreview > shift+click pan (Item 5) > should track drag movement during shift+click pan
An update to MermaidPreview inside a test was not wrapped in act(...).

When testing, code that causes React state updates should be wrapped into act(...):

act(() => {
  /* fire events that update state */
});
/* assert on the output */

This ensures that you're testing the behavior the user would see in the browser. Learn more at https://react.dev/link/wrap-tests-with-act
An update to MermaidPreview inside a test was not wrapped in act(...).

When testing, code that causes React state updates should be wrapped into act(...):

act(() => {
  /* fire events that update state */
});
/* assert on the output */

This ensures that you're testing the behavior the user would see in the browser. Learn more at https://react.dev/link/wrap-tests-with-act
An update to MermaidPreview inside a test was not wrapped in act(...).

When testing, code that causes React state updates should be wrapped into act(...):

act(() => {
  /* fire events that update state */
});
/* assert on the output */

This ensures that you're testing the behavior the user would see in the browser. Learn more at https://react.dev/link/wrap-tests-with-act

stderr | src/components/editors/__tests__/MermaidPreview.test.tsx > MermaidPreview > shift+click pan (Item 5) > should update viewBox-like behavior when panning
An update to MermaidPreview inside a test was not wrapped in act(...).

When testing, code that causes React state updates should be wrapped into act(...):

act(() => {
  /* fire events that update state */
});
/* assert on the output */

This ensures that you're testing the behavior the user would see in the browser. Learn more at https://react.dev/link/wrap-tests-with-act
An update to MermaidPreview inside a test was not wrapped in act(...).

When testing, code that causes React state updates should be wrapped into act(...):

act(() => {
  /* fire events that update state */
});
/* assert on the output */

This ensures that you're testing the behavior the user would see in the browser. Learn more at https://react.dev/link/wrap-tests-with-act
An update to MermaidPreview inside a test was not wrapped in act(...).

When testing, code that causes React state updates should be wrapped into act(...):

act(() => {
  /* fire events that update state */
});
/* assert on the output */

This ensures that you're testing the behavior the user would see in the browser. Learn more at https://react.dev/link/wrap-tests-with-act

stderr | src/components/editors/__tests__/MermaidPreview.test.tsx > MermaidPreview > shift+click pan (Item 5) > should maintain zoom level while panning
An update to MermaidPreview inside a test was not wrapped in act(...).

When testing, code that causes React state updates should be wrapped into act(...):

act(() => {
  /* fire events that update state */
});
/* assert on the output */

This ensures that you're testing the behavior the user would see in the browser. Learn more at https://react.dev/link/wrap-tests-with-act
An update to MermaidPreview inside a test was not wrapped in act(...).

When testing, code that causes React state updates should be wrapped into act(...):

act(() => {
  /* fire events that update state */
});
/* assert on the output */

This ensures that you're testing the behavior the user would see in the browser. Learn more at https://react.dev/link/wrap-tests-with-act
An update to MermaidPreview inside a test was not wrapped in act(...).

When testing, code that causes React state updates should be wrapped into act(...):

act(() => {
  /* fire events that update state */
});
/* assert on the output */

This ensures that you're testing the behavior the user would see in the browser. Learn more at https://react.dev/link/wrap-tests-with-act

stderr | src/components/editors/__tests__/MermaidPreview.test.tsx > MermaidPreview > shift+click pan (Item 5) > should end pan on mouseup after shift+click drag
An update to MermaidPreview inside a test was not wrapped in act(...).

When testing, code that causes React state updates should be wrapped into act(...):

act(() => {
  /* fire events that update state */
});
/* assert on the output */

This ensures that you're testing the behavior the user would see in the browser. Learn more at https://react.dev/link/wrap-tests-with-act
An update to MermaidPreview inside a test was not wrapped in act(...).

When testing, code that causes React state updates should be wrapped into act(...):

act(() => {
  /* fire events that update state */
});
/* assert on the output */

This ensures that you're testing the behavior the user would see in the browser. Learn more at https://react.dev/link/wrap-tests-with-act
An update to MermaidPreview inside a test was not wrapped in act(...).

When testing, code that causes React state updates should be wrapped into act(...):

act(() => {
  /* fire events that update state */
});
/* assert on the output */

This ensures that you're testing the behavior the user would see in the browser. Learn more at https://react.dev/link/wrap-tests-with-act

stderr | src/components/editors/__tests__/MermaidPreview.test.tsx > MermaidPreview > shift+click pan (Item 5) > should not interfere with other interactions
An update to MermaidPreview inside a test was not wrapped in act(...).

When testing, code that causes React state updates should be wrapped into act(...):

act(() => {
  /* fire events that update state */
});
/* assert on the output */

This ensures that you're testing the behavior the user would see in the browser. Learn more at https://react.dev/link/wrap-tests-with-act

stderr | src/components/editors/__tests__/MermaidPreview.test.tsx > MermaidPreview > shift+click pan (Item 5) > should handle rapid shift key presses
An update to MermaidPreview inside a test was not wrapped in act(...).

When testing, code that causes React state updates should be wrapped into act(...):

act(() => {
  /* fire events that update state */
});
/* assert on the output */

This ensures that you're testing the behavior the user would see in the browser. Learn more at https://react.dev/link/wrap-tests-with-act

 ✓ src/components/editors/__tests__/MermaidPreview.test.tsx  (44 tests) 262ms
 ✓ src/components/mobile/__tests__/ItemDrawer.test.tsx  (11 tests) 232ms
stderr | src/lib/__tests__/data-loader.test.ts > Data Loader > loadSpreadsheets > should handle load failures gracefully
Failed to load spreadsheets: Cannot read properties of undefined (reading 'length')

 ✓ src/vendored/t3chat/ChatMarkdown.test.tsx  (3 tests) 281ms
 ✓ src/components/ai-ui/inputs/__tests__/TextInput.test.tsx  (23 tests) 256ms
 ✓ src/components/editors/__tests__/HistoryDropdown.test.tsx  (28 tests) 200ms
 ✓ src/components/ai-ui/layout/__tests__/Accordion.test.tsx  (18 tests) 258ms
 ✓ src/components/editors/__tests__/HistoryModal.test.tsx  (35 tests) 174ms
stderr | src/components/ai-ui/display/__tests__/CodeBlock.test.tsx > CodeBlock Component > supports different themes
Updating a style property during rerender (background) when a conflicting property is set (backgroundColor) can lead to styling bugs. To avoid this, don't mix shorthand and non-shorthand properties for the same value; instead, replace the shorthand with separate values.

 ✓ src/components/ai-ui/display/__tests__/CodeBlock.test.tsx  (16 tests) 2224ms
 ✓ src/components/diagram/__tests__/ContextMenu.test.tsx  (23 tests) 333ms
stderr | src/lib/__tests__/data-loader.test.ts > Data Loader > loadSnippets > should handle load failures gracefully
Failed to load snippets: Cannot read properties of undefined (reading 'length')

 ✓ src/components/settings/DaemonNodesMatrix.test.tsx  (9 tests) 272ms
stderr | src/components/supervisor/zen/__tests__/mobile-parity.test.tsx > Zen mobile-parity — ZenMode renders purely from store state > renders one card per watched session, showing the session name
An update to ZenMode inside a test was not wrapped in act(...).

When testing, code that causes React state updates should be wrapped into act(...):

act(() => {
  /* fire events that update state */
});
/* assert on the output */

This ensures that you're testing the behavior the user would see in the browser. Learn more at https://react.dev/link/wrap-tests-with-act

stderr | src/components/supervisor/zen/__tests__/mobile-parity.test.tsx > Zen mobile-parity — ZenMode renders purely from store state > card body shows the session paragraph from sessionSummaries
An update to ZenMode inside a test was not wrapped in act(...).

When testing, code that causes React state updates should be wrapped into act(...):

act(() => {
  /* fire events that update state */
});
/* assert on the output */

This ensures that you're testing the behavior the user would see in the browser. Learn more at https://react.dev/link/wrap-tests-with-act

stderr | src/components/supervisor/zen/__tests__/mobile-parity.test.tsx > Zen mobile-parity — ZenMode renders purely from store state > a needs-input session renders the question with selectable answers
An update to ZenMode inside a test was not wrapped in act(...).

When testing, code that causes React state updates should be wrapped into act(...):

act(() => {
  /* fire events that update state */
});
/* assert on the output */

This ensures that you're testing the behavior the user would see in the browser. Learn more at https://react.dev/link/wrap-tests-with-act

stderr | src/components/supervisor/zen/__tests__/mobile-parity.test.tsx > Zen mobile-parity — ZenMode renders purely from store state > each card has an Open button (bring the session up in full collab)
An update to ZenMode inside a test was not wrapped in act(...).

When testing, code that causes React state updates should be wrapped into act(...):

act(() => {
  /* fire events that update state */
});
/* assert on the output */

This ensures that you're testing the behavior the user would see in the browser. Learn more at https://react.dev/link/wrap-tests-with-act

stderr | src/components/supervisor/zen/__tests__/mobile-parity.test.tsx > Zen mobile-parity — ZenMode renders purely from store state > expanding a card collapses any other expanded one (single-open accordion)
An update to ZenMode inside a test was not wrapped in act(...).

When testing, code that causes React state updates should be wrapped into act(...):

act(() => {
  /* fire events that update state */
});
/* assert on the output */

This ensures that you're testing the behavior the user would see in the browser. Learn more at https://react.dev/link/wrap-tests-with-act

stderr | src/components/supervisor/zen/__tests__/mobile-parity.test.tsx > Zen mobile-parity — ZenMode renders purely from store state > re-seeding store changes the view (pure function of store state)
An update to ZenMode inside a test was not wrapped in act(...).

When testing, code that causes React state updates should be wrapped into act(...):

act(() => {
  /* fire events that update state */
});
/* assert on the output */

This ensures that you're testing the behavior the user would see in the browser. Learn more at https://react.dev/link/wrap-tests-with-act
An update to ZenMode inside a test was not wrapped in act(...).

When testing, code that causes React state updates should be wrapped into act(...):

act(() => {
  /* fire events that update state */
});
/* assert on the output */

This ensures that you're testing the behavior the user would see in the browser. Learn more at https://react.dev/link/wrap-tests-with-act
An update to ZenMode inside a test was not wrapped in act(...).

When testing, code that causes React state updates should be wrapped into act(...):

act(() => {
  /* fire events that update state */
});
/* assert on the output */

This ensures that you're testing the behavior the user would see in the browser. Learn more at https://react.dev/link/wrap-tests-with-act
An update to ZenMode inside a test was not wrapped in act(...).

When testing, code that causes React state updates should be wrapped into act(...):

act(() => {
  /* fire events that update state */
});
/* assert on the output */

This ensures that you're testing the behavior the user would see in the browser. Learn more at https://react.dev/link/wrap-tests-with-act

 ✓ src/components/supervisor/zen/__tests__/mobile-parity.test.tsx  (34 tests | 3 skipped) 240ms
 ✓ src/components/DiffControls.test.tsx  (18 tests) 150ms
 ✓ src/components/supervisor/__tests__/MissionsStrip.authoring.test.tsx  (8 tests) 201ms
 ✓ src/components/ai-ui/display/__tests__/DiffView.test.tsx  (18 tests) 332ms
 ✓ src/components/editors/__tests__/DocumentEditor.test.tsx  (36 tests) 243ms
stderr | src/lib/__tests__/data-loader.test.ts > Data Loader > loadAllArtifacts > should continue loading if some artifacts fail
Failed to load designs: Cannot read properties of undefined (reading 'length')

 ✓ src/components/ai-ui/inputs/__tests__/Confirmation.test.tsx  (18 tests) 285ms
 ✓ src/components/__tests__/ArtifactLink.integration.test.tsx  (9 tests) 236ms
 ✓ src/components/editors/HistoryToolbar.test.tsx  (17 tests) 156ms
 ✓ src/components/ArtifactLink.test.tsx  (31 tests) 215ms
 ✓ src/components/chat-drawer/__tests__/ChatToggle.test.tsx  (31 tests) 223ms
stderr | src/lib/__tests__/data-loader.test.ts > Data Loader > loadAllArtifacts > should return partial results if all loads fail
Failed to load diagrams: Cannot read properties of undefined (reading 'length')
Failed to load documents: Cannot read properties of undefined (reading 'length')
Failed to load designs: Cannot read properties of undefined (reading 'length')
Failed to load spreadsheets: Cannot read properties of undefined (reading 'length')
Failed to load snippets: Cannot read properties of undefined (reading 'length')

 ✓ src/components/terminal/MessageComposer.test.tsx  (6 tests) 179ms
stderr | src/components/supervisor/zen/__tests__/answer-gate-pane-hash.test.tsx > Zen answer gate — pane-hash ground truth (false-stale fix) > stale-failing + pane MATCHES → multi-select is answerable; Submit fires onAnswerPaneMulti([1,2])
An update to ZenSessionCard inside a test was not wrapped in act(...).

When testing, code that causes React state updates should be wrapped into act(...):

act(() => {
  /* fire events that update state */
});
/* assert on the output */

This ensures that you're testing the behavior the user would see in the browser. Learn more at https://react.dev/link/wrap-tests-with-act
An update to ZenSessionCard inside a test was not wrapped in act(...).

When testing, code that causes React state updates should be wrapped into act(...):

act(() => {
  /* fire events that update state */
});
/* assert on the output */

This ensures that you're testing the behavior the user would see in the browser. Learn more at https://react.dev/link/wrap-tests-with-act

 ✓ src/components/supervisor/zen/__tests__/answer-gate-pane-hash.test.tsx  (3 tests) 170ms
 ✓ src/components/ai-ui/inputs/Dropdown.test.tsx  (18 tests) 234ms
 ✓ src/components/layout/__tests__/ItemCard.test.tsx  (27 tests) 207ms
 ✓ src/components/editors/__tests__/SmachPropertiesPane.test.tsx  (37 tests) 168ms
 ✓ src/components/ai-ui/display/__tests__/Table.test.tsx  (13 tests) 231ms
 ✓ src/components/ai-ui/interactive/__tests__/ApprovalButtons.test.tsx  (18 tests) 221ms
 ✓ src/components/ai-ui/inputs/__tests__/MultipleChoice.test.tsx  (15 tests) 256ms
 ✓ src/components/supervisor/bridge/__tests__/CommandBar.test.tsx  (16 tests) 52ms
 ✓ src/components/chat-drawer/MessageArea.test.tsx  (21 tests) 130ms
 ✓ src/components/editors/__tests__/DiagramEditor.test.tsx  (29 tests) 4338ms
 ✓ src/components/supervisor/bridge/rail/BridgeRail.test.tsx  (14 tests) 149ms
stderr | src/components/layout/sidebar-tree/__tests__/ArtifactTree.clicks.test.tsx > ArtifactTree click handling > plain click selects single node, calls selectDiagram + openPreview
[ArtifactTree] getDiagram failed TypeError: Failed to parse URL from /api/diagram/d1?project=proj&session=sess
[90m    at node:internal/deps/undici/undici:15845:13[39m {
  [cause]: TypeError: Invalid URL: /api/diagram/d1?project=proj&session=sess
      at new URLImpl (/Users/benmaderazo/Code/claude-mermaid-collab/ui/node_modules/[4mwhatwg-url[24m/lib/URL-impl.js:20:13)
      at Object.exports.setup (/Users/benmaderazo/Code/claude-mermaid-collab/ui/node_modules/[4mwhatwg-url[24m/lib/URL.js:54:12)
      at new URL (/Users/benmaderazo/Code/claude-mermaid-collab/ui/node_modules/[4mwhatwg-url[24m/lib/URL.js:115:22)
  [90m    at new Request (node:internal/deps/undici/undici:10413:25)[39m
  [90m    at fetch (node:internal/deps/undici/undici:11325:25)[39m
  [90m    at fetch (node:internal/deps/undici/undici:15843:10)[39m
  [90m    at fetch (node:internal/bootstrap/web/exposed-window-or-worker:83:12)[39m
      at apiFetch [90m(/Users/benmaderazo/Code/claude-mermaid-collab/.collab/agent-sessions/worktrees/leaf-exec-cde0f2bc/ui/[39msrc/lib/api.ts:117:10[90m)[39m
      at Object.getDiagram [90m(/Users/benmaderazo/Code/claude-mermaid-collab/.collab/agent-sessions/worktrees/leaf-exec-cde0f2bc/ui/[39msrc/lib/api.ts:327:28[90m)[39m
      at loadDiagramContent [90m(/Users/benmaderazo/Code/claude-mermaid-collab/.collab/agent-sessions/worktrees/leaf-exec-cde0f2bc/ui/[39msrc/components/layout/sidebar-tree/ArtifactTree.tsx:604:33[90m)[39m
}

stderr | src/components/layout/sidebar-tree/__tests__/ArtifactTree.clicks.test.tsx > ArtifactTree click handling > ctrl-click adds to selection without invoking selectDiagram/openPreview
[ArtifactTree] getDiagram failed TypeError: Failed to parse URL from /api/diagram/d1?project=proj&session=sess
[90m    at node:internal/deps/undici/undici:15845:13[39m {
  [cause]: TypeError: Invalid URL: /api/diagram/d1?project=proj&session=sess
      at new URLImpl (/Users/benmaderazo/Code/claude-mermaid-collab/ui/node_modules/[4mwhatwg-url[24m/lib/URL-impl.js:20:13)
      at Object.exports.setup (/Users/benmaderazo/Code/claude-mermaid-collab/ui/node_modules/[4mwhatwg-url[24m/lib/URL.js:54:12)
      at new URL (/Users/benmaderazo/Code/claude-mermaid-collab/ui/node_modules/[4mwhatwg-url[24m/lib/URL.js:115:22)
  [90m    at new Request (node:internal/deps/undici/undici:10413:25)[39m
  [90m    at fetch (node:internal/deps/undici/undici:11325:25)[39m
  [90m    at fetch (node:internal/deps/undici/undici:15843:10)[39m
  [90m    at fetch (node:internal/bootstrap/web/exposed-window-or-worker:83:12)[39m
      at apiFetch [90m(/Users/benmaderazo/Code/claude-mermaid-collab/.collab/agent-sessions/worktrees/leaf-exec-cde0f2bc/ui/[39msrc/lib/api.ts:117:10[90m)[39m
      at Object.getDiagram [90m(/Users/benmaderazo/Code/claude-mermaid-collab/.collab/agent-sessions/worktrees/leaf-exec-cde0f2bc/ui/[39msrc/lib/api.ts:327:28[90m)[39m
      at loadDiagramContent [90m(/Users/benmaderazo/Code/claude-mermaid-collab/.collab/agent-sessions/worktrees/leaf-exec-cde0f2bc/ui/[39msrc/components/layout/sidebar-tree/ArtifactTree.tsx:604:33[90m)[39m
}

stderr | src/components/layout/sidebar-tree/__tests__/ArtifactTree.clicks.test.tsx > ArtifactTree click handling > ctrl-click on an already-selected node removes it from selection
[ArtifactTree] getDiagram failed TypeError: Failed to parse URL from /api/diagram/d1?project=proj&session=sess
[90m    at node:internal/deps/undici/undici:15845:13[39m {
  [cause]: TypeError: Invalid URL: /api/diagram/d1?project=proj&session=sess
      at new URLImpl (/Users/benmaderazo/Code/claude-mermaid-collab/ui/node_modules/[4mwhatwg-url[24m/lib/URL-impl.js:20:13)
      at Object.exports.setup (/Users/benmaderazo/Code/claude-mermaid-collab/ui/node_modules/[4mwhatwg-url[24m/lib/URL.js:54:12)
      at new URL (/Users/benmaderazo/Code/claude-mermaid-collab/ui/node_modules/[4mwhatwg-url[24m/lib/URL.js:115:22)
  [90m    at new Request (node:internal/deps/undici/undici:10413:25)[39m
  [90m    at fetch (node:internal/deps/undici/undici:11325:25)[39m
  [90m    at fetch (node:internal/deps/undici/undici:15843:10)[39m
  [90m    at fetch (node:internal/bootstrap/web/exposed-window-or-worker:83:12)[39m
      at apiFetch [90m(/Users/benmaderazo/Code/claude-mermaid-collab/.collab/agent-sessions/worktrees/leaf-exec-cde0f2bc/ui/[39msrc/lib/api.ts:117:10[90m)[39m
      at Object.getDiagram [90m(/Users/benmaderazo/Code/claude-mermaid-collab/.collab/agent-sessions/worktrees/leaf-exec-cde0f2bc/ui/[39msrc/lib/api.ts:327:28[90m)[39m
      at loadDiagramContent [90m(/Users/benmaderazo/Code/claude-mermaid-collab/.collab/agent-sessions/worktrees/leaf-exec-cde0f2bc/ui/[39msrc/components/layout/sidebar-tree/ArtifactTree.tsx:604:33[90m)[39m
}

stderr | src/components/layout/sidebar-tree/__tests__/ArtifactTree.clicks.test.tsx > ArtifactTree click handling > shift-click extends from anchor without invoking selectDiagram
[ArtifactTree] getDiagram failed TypeError: Failed to parse URL from /api/diagram/d1?project=proj&session=sess
[90m    at node:internal/deps/undici/undici:15845:13[39m {
  [cause]: TypeError: Invalid URL: /api/diagram/d1?project=proj&session=sess
      at new URLImpl (/Users/benmaderazo/Code/claude-mermaid-collab/ui/node_modules/[4mwhatwg-url[24m/lib/URL-impl.js:20:13)
      at Object.exports.setup (/Users/benmaderazo/Code/claude-mermaid-collab/ui/node_modules/[4mwhatwg-url[24m/lib/URL.js:54:12)
      at new URL (/Users/benmaderazo/Code/claude-mermaid-collab/ui/node_modules/[4mwhatwg-url[24m/lib/URL.js:115:22)
  [90m    at new Request (node:internal/deps/undici/undici:10413:25)[39m
  [90m    at fetch (node:internal/deps/undici/undici:11325:25)[39m
  [90m    at fetch (node:internal/deps/undici/undici:15843:10)[39m
  [90m    at fetch (node:internal/bootstrap/web/exposed-window-or-worker:83:12)[39m
      at apiFetch [90m(/Users/benmaderazo/Code/claude-mermaid-collab/.collab/agent-sessions/worktrees/leaf-exec-cde0f2bc/ui/[39msrc/lib/api.ts:117:10[90m)[39m
      at Object.getDiagram [90m(/Users/benmaderazo/Code/claude-mermaid-collab/.collab/agent-sessions/worktrees/leaf-exec-cde0f2bc/ui/[39msrc/lib/api.ts:327:28[90m)[39m
      at loadDiagramContent [90m(/Users/benmaderazo/Code/claude-mermaid-collab/.collab/agent-sessions/worktrees/leaf-exec-cde0f2bc/ui/[39msrc/components/layout/sidebar-tree/ArtifactTree.tsx:604:33[90m)[39m
}

stderr | src/components/layout/sidebar-tree/__tests__/ArtifactTree.clicks.test.tsx > ArtifactTree click handling > multi-selected nodes get the highlight class applied via isInMultiSelection
[ArtifactTree] getDiagram failed TypeError: Failed to parse URL from /api/diagram/d1?project=proj&session=sess
[90m    at node:internal/deps/undici/undici:15845:13[39m {
  [cause]: TypeError: Invalid URL: /api/diagram/d1?project=proj&session=sess
      at new URLImpl (/Users/benmaderazo/Code/claude-mermaid-collab/ui/node_modules/[4mwhatwg-url[24m/lib/URL-impl.js:20:13)
      at Object.exports.setup (/Users/benmaderazo/Code/claude-mermaid-collab/ui/node_modules/[4mwhatwg-url[24m/lib/URL.js:54:12)
      at new URL (/Users/benmaderazo/Code/claude-mermaid-collab/ui/node_modules/[4mwhatwg-url[24m/lib/URL.js:115:22)
  [90m    at new Request (node:internal/deps/undici/undici:10413:25)[39m
  [90m    at fetch (node:internal/deps/undici/undici:11325:25)[39m
  [90m    at fetch (node:internal/deps/undici/undici:15843:10)[39m
  [90m    at fetch (node:internal/bootstrap/web/exposed-window-or-worker:83:12)[39m
      at apiFetch [90m(/Users/benmaderazo/Code/claude-mermaid-collab/.collab/agent-sessions/worktrees/leaf-exec-cde0f2bc/ui/[39msrc/lib/api.ts:117:10[90m)[39m
      at Object.getDiagram [90m(/Users/benmaderazo/Code/claude-mermaid-collab/.collab/agent-sessions/worktrees/leaf-exec-cde0f2bc/ui/[39msrc/lib/api.ts:327:28[90m)[39m
      at loadDiagramContent [90m(/Users/benmaderazo/Code/claude-mermaid-collab/.collab/agent-sessions/worktrees/leaf-exec-cde0f2bc/ui/[39msrc/components/layout/sidebar-tree/ArtifactTree.tsx:604:33[90m)[39m
}

stderr | src/components/layout/sidebar-tree/__tests__/ArtifactTree.clicks.test.tsx > ArtifactTree context menu + summary bar > right-click on node inside multi-selection opens menu with nodes=selection
[ArtifactTree] getDiagram failed TypeError: Failed to parse URL from /api/diagram/d1?project=proj&session=sess
[90m    at node:internal/deps/undici/undici:15845:13[39m {
  [cause]: TypeError: Invalid URL: /api/diagram/d1?project=proj&session=sess
      at new URLImpl (/Users/benmaderazo/Code/claude-mermaid-collab/ui/node_modules/[4mwhatwg-url[24m/lib/URL-impl.js:20:13)
      at Object.exports.setup (/Users/benmaderazo/Code/claude-mermaid-collab/ui/node_modules/[4mwhatwg-url[24m/lib/URL.js:54:12)
      at new URL (/Users/benmaderazo/Code/claude-mermaid-collab/ui/node_modules/[4mwhatwg-url[24m/lib/URL.js:115:22)
  [90m    at new Request (node:internal/deps/undici/undici:10413:25)[39m
  [90m    at fetch (node:internal/deps/undici/undici:11325:25)[39m
  [90m    at fetch (node:internal/deps/undici/undici:15843:10)[39m
  [90m    at fetch (node:internal/bootstrap/web/exposed-window-or-worker:83:12)[39m
      at apiFetch [90m(/Users/benmaderazo/Code/claude-mermaid-collab/.collab/agent-sessions/worktrees/leaf-exec-cde0f2bc/ui/[39msrc/lib/api.ts:117:10[90m)[39m
      at Object.getDiagram [90m(/Users/benmaderazo/Code/claude-mermaid-collab/.collab/agent-sessions/worktrees/leaf-exec-cde0f2bc/ui/[39msrc/lib/api.ts:327:28[90m)[39m
      at loadDiagramContent [90m(/Users/benmaderazo/Code/claude-mermaid-collab/.collab/agent-sessions/worktrees/leaf-exec-cde0f2bc/ui/[39msrc/components/layout/sidebar-tree/ArtifactTree.tsx:604:33[90m)[39m
}

stderr | src/components/layout/sidebar-tree/__tests__/ArtifactTree.clicks.test.tsx > ArtifactTree context menu + summary bar > right-click outside selection collapses to single
[ArtifactTree] getDiagram failed TypeError: Failed to parse URL from /api/diagram/d1?project=proj&session=sess
[90m    at node:internal/deps/undici/undici:15845:13[39m {
  [cause]: TypeError: Invalid URL: /api/diagram/d1?project=proj&session=sess
      at new URLImpl (/Users/benmaderazo/Code/claude-mermaid-collab/ui/node_modules/[4mwhatwg-url[24m/lib/URL-impl.js:20:13)
      at Object.exports.setup (/Users/benmaderazo/Code/claude-mermaid-collab/ui/node_modules/[4mwhatwg-url[24m/lib/URL.js:54:12)
      at new URL (/Users/benmaderazo/Code/claude-mermaid-collab/ui/node_modules/[4mwhatwg-url[24m/lib/URL.js:115:22)
  [90m    at new Request (node:internal/deps/undici/undici:10413:25)[39m
  [90m    at fetch (node:internal/deps/undici/undici:11325:25)[39m
  [90m    at fetch (node:internal/deps/undici/undici:15843:10)[39m
  [90m    at fetch (node:internal/bootstrap/web/exposed-window-or-worker:83:12)[39m
      at apiFetch [90m(/Users/benmaderazo/Code/claude-mermaid-collab/.collab/agent-sessions/worktrees/leaf-exec-cde0f2bc/ui/[39msrc/lib/api.ts:117:10[90m)[39m
      at Object.getDiagram [90m(/Users/benmaderazo/Code/claude-mermaid-collab/.collab/agent-sessions/worktrees/leaf-exec-cde0f2bc/ui/[39msrc/lib/api.ts:327:28[90m)[39m
      at loadDiagramContent [90m(/Users/benmaderazo/Code/claude-mermaid-collab/.collab/agent-sessions/worktrees/leaf-exec-cde0f2bc/ui/[39msrc/components/layout/sidebar-tree/ArtifactTree.tsx:604:33[90m)[39m
}

stderr | src/components/layout/sidebar-tree/__tests__/ArtifactTree.clicks.test.tsx > ArtifactTree context menu + summary bar > selection summary bar renders when size > 1 and Clear resets
[ArtifactTree] getDiagram failed TypeError: Failed to parse URL from /api/diagram/d1?project=proj&session=sess
[90m    at node:internal/deps/undici/undici:15845:13[39m {
  [cause]: TypeError: Invalid URL: /api/diagram/d1?project=proj&session=sess
      at new URLImpl (/Users/benmaderazo/Code/claude-mermaid-collab/ui/node_modules/[4mwhatwg-url[24m/lib/URL-impl.js:20:13)
      at Object.exports.setup (/Users/benmaderazo/Code/claude-mermaid-collab/ui/node_modules/[4mwhatwg-url[24m/lib/URL.js:54:12)
      at new URL (/Users/benmaderazo/Code/claude-mermaid-collab/ui/node_modules/[4mwhatwg-url[24m/lib/URL.js:115:22)
  [90m    at new Request (node:internal/deps/undici/undici:10413:25)[39m
  [90m    at fetch (node:internal/deps/undici/undici:11325:25)[39m
  [90m    at fetch (node:internal/deps/undici/undici:15843:10)[39m
  [90m    at fetch (node:internal/bootstrap/web/exposed-window-or-worker:83:12)[39m
      at apiFetch [90m(/Users/benmaderazo/Code/claude-mermaid-collab/.collab/agent-sessions/worktrees/leaf-exec-cde0f2bc/ui/[39msrc/lib/api.ts:117:10[90m)[39m
      at Object.getDiagram [90m(/Users/benmaderazo/Code/claude-mermaid-collab/.collab/agent-sessions/worktrees/leaf-exec-cde0f2bc/ui/[39msrc/lib/api.ts:327:28[90m)[39m
      at loadDiagramContent [90m(/Users/benmaderazo/Code/claude-mermaid-collab/.collab/agent-sessions/worktrees/leaf-exec-cde0f2bc/ui/[39msrc/components/layout/sidebar-tree/ArtifactTree.tsx:604:33[90m)[39m
}

stderr | src/components/layout/sidebar-tree/__tests__/ArtifactTree.clicks.test.tsx > ArtifactTree context menu + summary bar > selection summary bar hidden when size <= 1
[ArtifactTree] getDiagram failed TypeError: Failed to parse URL from /api/diagram/d1?project=proj&session=sess
[90m    at node:internal/deps/undici/undici:15845:13[39m {
  [cause]: TypeError: Invalid URL: /api/diagram/d1?project=proj&session=sess
      at new URLImpl (/Users/benmaderazo/Code/claude-mermaid-collab/ui/node_modules/[4mwhatwg-url[24m/lib/URL-impl.js:20:13)
      at Object.exports.setup (/Users/benmaderazo/Code/claude-mermaid-collab/ui/node_modules/[4mwhatwg-url[24m/lib/URL.js:54:12)
      at new URL (/Users/benmaderazo/Code/claude-mermaid-collab/ui/node_modules/[4mwhatwg-url[24m/lib/URL.js:115:22)
  [90m    at new Request (node:internal/deps/undici/undici:10413:25)[39m
  [90m    at fetch (node:internal/deps/undici/undici:11325:25)[39m
  [90m    at fetch (node:internal/deps/undici/undici:15843:10)[39m
  [90m    at fetch (node:internal/bootstrap/web/exposed-window-or-worker:83:12)[39m
      at apiFetch [90m(/Users/benmaderazo/Code/claude-mermaid-collab/.collab/agent-sessions/worktrees/leaf-exec-cde0f2bc/ui/[39msrc/lib/api.ts:117:10[90m)[39m
      at Object.getDiagram [90m(/Users/benmaderazo/Code/claude-mermaid-collab/.collab/agent-sessions/worktrees/leaf-exec-cde0f2bc/ui/[39msrc/lib/api.ts:327:28[90m)[39m
      at loadDiagramContent [90m(/Users/benmaderazo/Code/claude-mermaid-collab/.collab/agent-sessions/worktrees/leaf-exec-cde0f2bc/ui/[39msrc/components/layout/sidebar-tree/ArtifactTree.tsx:604:33[90m)[39m
}

 ✓ src/components/layout/sidebar-tree/__tests__/ArtifactTree.clicks.test.tsx  (9 tests) 163ms
 ✓ src/components/question-panel/__tests__/QuestionPanel.test.tsx  (14 tests) 197ms
 ✓ src/components/supervisor/bridge/rail/__tests__/MissionBlock.test.tsx  (10 tests) 144ms
stderr | src/hooks/__tests__/useExportDiagram.test.ts > useExportDiagram > exportAsPNG > should handle SVG with fallback dimensions
Not implemented: HTMLCanvasElement's getContext() method: without installing the canvas npm package

 ✓ src/components/ai-ui/layout/__tests__/Card.test.tsx  (16 tests) 290ms
stderr | unknown test
Not implemented: navigation to another Document
Not implemented: navigation to another Document
Not implemented: navigation to another Document

 ✓ src/hooks/__tests__/useExportDiagram.test.ts  (19 tests) 159ms
 ✓ src/components/editors/__tests__/CodeFileView.test.tsx  (6 tests) 158ms
 ✓ src/vendored/t3chat/chat/__tests__/ThinkingBlock.test.tsx  (3 tests) 126ms
 ✓ src/components/layout/sidebar-tree/__tests__/ArtifactTreeNode.multiselect.test.tsx  (5 tests) 119ms
 ✓ src/components/layout/tabs/__tests__/PinnedTabBar.test.tsx  (6 tests) 84ms
stderr | src/App.test.tsx > App Component > Rendering > should render without crashing
WARNING: Panel defaultSize prop recommended to avoid layout shift after server rendering
Notification API not available
Failed to load projects: TypeError: Failed to parse URL from /api/projects
[90m    at node:internal/deps/undici/undici:15845:13[39m
    at [90m/Users/benmaderazo/Code/claude-mermaid-collab/.collab/agent-sessions/worktrees/leaf-exec-cde0f2bc/ui/[39msrc/App.tsx:465:24 {
  [cause]: TypeError: Invalid URL: /api/projects
      at new URLImpl (/Users/benmaderazo/Code/claude-mermaid-collab/ui/node_modules/[4mwhatwg-url[24m/lib/URL-impl.js:20:13)
      at Object.exports.setup (/Users/benmaderazo/Code/claude-mermaid-collab/ui/node_modules/[4mwhatwg-url[24m/lib/URL.js:54:12)
      at new URL (/Users/benmaderazo/Code/claude-mermaid-collab/ui/node_modules/[4mwhatwg-url[24m/lib/URL.js:115:22)
  [90m    at new Request (node:internal/deps/undici/undici:10413:25)[39m
  [90m    at fetch (node:internal/deps/undici/undici:11325:25)[39m
  [90m    at fetch (node:internal/deps/undici/undici:15843:10)[39m
  [90m    at fetch (node:internal/bootstrap/web/exposed-window-or-worker:83:12)[39m
      at [90m/Users/benmaderazo/Code/claude-mermaid-collab/.collab/agent-sessions/worktrees/leaf-exec-cde0f2bc/ui/[39msrc/App.tsx:465:30
      at [90m/Users/benmaderazo/Code/claude-mermaid-collab/.collab/agent-sessions/worktrees/leaf-exec-cde0f2bc/ui/[39msrc/App.tsx:1342:21
      at Object.react_stack_bottom_frame (/Users/benmaderazo/Code/claude-mermaid-collab/ui/node_modules/[4mreact-dom[24m/cjs/react-dom-client.development.js:25989:20)
}
An update to App inside a test was not wrapped in act(...).

When testing, code that causes React state updates should be wrapped into act(...):

act(() => {
  /* fire events that update state */
});
/* assert on the output */

This ensures that you're testing the behavior the user would see in the browser. Learn more at https://react.dev/link/wrap-tests-with-act
An update to App inside a test was not wrapped in act(...).

When testing, code that causes React state updates should be wrapped into act(...):

act(() => {
  /* fire events that update state */
});
/* assert on the output */

This ensures that you're testing the behavior the user would see in the browser. Learn more at https://react.dev/link/wrap-tests-with-act
An update to ConnectingConsole inside a test was not wrapped in act(...).

When testing, code that causes React state updates should be wrapped into act(...):

act(() => {
  /* fire events that update state */
});
/* assert on the output */

This ensures that you're testing the behavior the user would see in the browser. Learn more at https://react.dev/link/wrap-tests-with-act
An update to ConnectingConsole inside a test was not wrapped in act(...).

When testing, code that causes React state updates should be wrapped into act(...):

act(() => {
  /* fire events that update state */
});
/* assert on the output */

This ensures that you're testing the behavior the user would see in the browser. Learn more at https://react.dev/link/wrap-tests-with-act

stderr | src/App.test.tsx > App Component > Rendering > should render the header
WARNING: Panel defaultSize prop recommended to avoid layout shift after server rendering
Notification API not available
Failed to load projects: TypeError: Failed to parse URL from /api/projects
[90m    at node:internal/deps/undici/undici:15845:13[39m
    at [90m/Users/benmaderazo/Code/claude-mermaid-collab/.collab/agent-sessions/worktrees/leaf-exec-cde0f2bc/ui/[39msrc/App.tsx:465:24 {
  [cause]: TypeError: Invalid URL: /api/projects
      at new URLImpl (/Users/benmaderazo/Code/claude-mermaid-collab/ui/node_modules/[4mwhatwg-url[24m/lib/URL-impl.js:20:13)
      at Object.exports.setup (/Users/benmaderazo/Code/claude-mermaid-collab/ui/node_modules/[4mwhatwg-url[24m/lib/URL.js:54:12)
      at new URL (/Users/benmaderazo/Code/claude-mermaid-collab/ui/node_modules/[4mwhatwg-url[24m/lib/URL.js:115:22)
  [90m    at new Request (node:internal/deps/undici/undici:10413:25)[39m
  [90m    at fetch (node:internal/deps/undici/undici:11325:25)[39m
  [90m    at fetch (node:internal/deps/undici/undici:15843:10)[39m
  [90m    at fetch (node:internal/bootstrap/web/exposed-window-or-worker:83:12)[39m
      at [90m/Users/benmaderazo/Code/claude-mermaid-collab/.collab/agent-sessions/worktrees/leaf-exec-cde0f2bc/ui/[39msrc/App.tsx:465:30
      at [90m/Users/benmaderazo/Code/claude-mermaid-collab/.collab/agent-sessions/worktrees/leaf-exec-cde0f2bc/ui/[39msrc/App.tsx:1342:21
      at Object.react_stack_bottom_frame (/Users/benmaderazo/Code/claude-mermaid-collab/ui/node_modules/[4mreact-dom[24m/cjs/react-dom-client.development.js:25989:20)
}
An update to App inside a test was not wrapped in act(...).

When testing, code that causes React state updates should be wrapped into act(...):

act(() => {
  /* fire events that update state */
});
/* assert on the output */

This ensures that you're testing the behavior the user would see in the browser. Learn more at https://react.dev/link/wrap-tests-with-act
An update to App inside a test was not wrapped in act(...).

When testing, code that causes React state updates should be wrapped into act(...):

act(() => {
  /* fire events that update state */
});
/* assert on the output */

This ensures that you're testing the behavior the user would see in the browser. Learn more at https://react.dev/link/wrap-tests-with-act
An update to ConnectingConsole inside a test was not wrapped in act(...).

When testing, code that causes React state updates should be wrapped into act(...):

act(() => {
  /* fire events that update state */
});
/* assert on the output */

This ensures that you're testing the behavior the user would see in the browser. Learn more at https://react.dev/link/wrap-tests-with-act
An update to ConnectingConsole inside a test was not wrapped in act(...).

When testing, code that causes React state updates should be wrapped into act(...):

act(() => {
  /* fire events that update state */
});
/* assert on the output */

This ensures that you're testing the behavior the user would see in the browser. Learn more at https://react.dev/link/wrap-tests-with-act

stderr | src/App.test.tsx > App Component > Rendering > should render the main content area
WARNING: Panel defaultSize prop recommended to avoid layout shift after server rendering
Notification API not available
Failed to load projects: TypeError: Failed to parse URL from /api/projects
[90m    at node:internal/deps/undici/undici:15845:13[39m
    at [90m/Users/benmaderazo/Code/claude-mermaid-collab/.collab/agent-sessions/worktrees/leaf-exec-cde0f2bc/ui/[39msrc/App.tsx:465:24 {
  [cause]: TypeError: Invalid URL: /api/projects
      at new URLImpl (/Users/benmaderazo/Code/claude-mermaid-collab/ui/node_modules/[4mwhatwg-url[24m/lib/URL-impl.js:20:13)
      at Object.exports.setup (/Users/benmaderazo/Code/claude-mermaid-collab/ui/node_modules/[4mwhatwg-url[24m/lib/URL.js:54:12)
      at new URL (/Users/benmaderazo/Code/claude-mermaid-collab/ui/node_modules/[4mwhatwg-url[24m/lib/URL.js:115:22)
  [90m    at new Request (node:internal/deps/undici/undici:10413:25)[39m
  [90m    at fetch (node:internal/deps/undici/undici:11325:25)[39m
  [90m    at fetch (node:internal/deps/undici/undici:15843:10)[39m
  [90m    at fetch (node:internal/bootstrap/web/exposed-window-or-worker:83:12)[39m
      at [90m/Users/benmaderazo/Code/claude-mermaid-collab/.collab/agent-sessions/worktrees/leaf-exec-cde0f2bc/ui/[39msrc/App.tsx:465:30
      at [90m/Users/benmaderazo/Code/claude-mermaid-collab/.collab/agent-sessions/worktrees/leaf-exec-cde0f2bc/ui/[39msrc/App.tsx:1342:21
      at Object.react_stack_bottom_frame (/Users/benmaderazo/Code/claude-mermaid-collab/ui/node_modules/[4mreact-dom[24m/cjs/react-dom-client.development.js:25989:20)
}
An update to App inside a test was not wrapped in act(...).

When testing, code that causes React state updates should be wrapped into act(...):

act(() => {
  /* fire events that update state */
});
/* assert on the output */

This ensures that you're testing the behavior the user would see in the browser. Learn more at https://react.dev/link/wrap-tests-with-act
An update to App inside a test was not wrapped in act(...).

When testing, code that causes React state updates should be wrapped into act(...):

act(() => {
  /* fire events that update state */
});
/* assert on the output */

This ensures that you're testing the behavior the user would see in the browser. Learn more at https://react.dev/link/wrap-tests-with-act
An update to ConnectingConsole inside a test was not wrapped in act(...).

When testing, code that causes React state updates should be wrapped into act(...):

act(() => {
  /* fire events that update state */
});
/* assert on the output */

This ensures that you're testing the behavior the user would see in the browser. Learn more at https://react.dev/link/wrap-tests-with-act
An update to ConnectingConsole inside a test was not wrapped in act(...).

When testing, code that causes React state updates should be wrapped into act(...):

act(() => {
  /* fire events that update state */
});
/* assert on the output */

This ensures that you're testing the behavior the user would see in the browser. Learn more at https://react.dev/link/wrap-tests-with-act

stderr | src/App.test.tsx > App Component > Rendering > should have the correct page structure
WARNING: Panel defaultSize prop recommended to avoid layout shift after server rendering
Notification API not available
Failed to load projects: TypeError: Failed to parse URL from /api/projects
[90m    at node:internal/deps/undici/undici:15845:13[39m
    at [90m/Users/benmaderazo/Code/claude-mermaid-collab/.collab/agent-sessions/worktrees/leaf-exec-cde0f2bc/ui/[39msrc/App.tsx:465:24 {
  [cause]: TypeError: Invalid URL: /api/projects
      at new URLImpl (/Users/benmaderazo/Code/claude-mermaid-collab/ui/node_modules/[4mwhatwg-url[24m/lib/URL-impl.js:20:13)
      at Object.exports.setup (/Users/benmaderazo/Code/claude-mermaid-collab/ui/node_modules/[4mwhatwg-url[24m/lib/URL.js:54:12)
      at new URL (/Users/benmaderazo/Code/claude-mermaid-collab/ui/node_modules/[4mwhatwg-url[24m/lib/URL.js:115:22)
  [90m    at new Request (node:internal/deps/undici/undici:10413:25)[39m
  [90m    at fetch (node:internal/deps/undici/undici:11325:25)[39m
  [90m    at fetch (node:internal/deps/undici/undici:15843:10)[39m
  [90m    at fetch (node:internal/bootstrap/web/exposed-window-or-worker:83:12)[39m
      at [90m/Users/benmaderazo/Code/claude-mermaid-collab/.collab/agent-sessions/worktrees/leaf-exec-cde0f2bc/ui/[39msrc/App.tsx:465:30
      at [90m/Users/benmaderazo/Code/claude-mermaid-collab/.collab/agent-sessions/worktrees/leaf-exec-cde0f2bc/ui/[39msrc/App.tsx:1342:21
      at Object.react_stack_bottom_frame (/Users/benmaderazo/Code/claude-mermaid-collab/ui/node_modules/[4mreact-dom[24m/cjs/react-dom-client.development.js:25989:20)
}
An update to App inside a test was not wrapped in act(...).

When testing, code that causes React state updates should be wrapped into act(...):

act(() => {
  /* fire events that update state */
});
/* assert on the output */

This ensures that you're testing the behavior the user would see in the browser. Learn more at https://react.dev/link/wrap-tests-with-act
An update to App inside a test was not wrapped in act(...).

When testing, code that causes React state updates should be wrapped into act(...):

act(() => {
  /* fire events that update state */
});
/* assert on the output */

This ensures that you're testing the behavior the user would see in the browser. Learn more at https://react.dev/link/wrap-tests-with-act
An update to ConnectingConsole inside a test was not wrapped in act(...).

When testing, code that causes React state updates should be wrapped into act(...):

act(() => {
  /* fire events that update state */
});
/* assert on the output */

This ensures that you're testing the behavior the user would see in the browser. Learn more at https://react.dev/link/wrap-tests-with-act
An update to ConnectingConsole inside a test was not wrapped in act(...).

When testing, code that causes React state updates should be wrapped into act(...):

act(() => {
  /* fire events that update state */
});
/* assert on the output */

This ensures that you're testing the behavior the user would see in the browser. Learn more at https://react.dev/link/wrap-tests-with-act

stderr | src/App.test.tsx > App Component > Theme Management > should apply theme class to document root
WARNING: Panel defaultSize prop recommended to avoid layout shift after server rendering
Notification API not available
Failed to load projects: TypeError: Failed to parse URL from /api/projects
[90m    at node:internal/deps/undici/undici:15845:13[39m
    at [90m/Users/benmaderazo/Code/claude-mermaid-collab/.collab/agent-sessions/worktrees/leaf-exec-cde0f2bc/ui/[39msrc/App.tsx:465:24 {
  [cause]: TypeError: Invalid URL: /api/projects
      at new URLImpl (/Users/benmaderazo/Code/claude-mermaid-collab/ui/node_modules/[4mwhatwg-url[24m/lib/URL-impl.js:20:13)
      at Object.exports.setup (/Users/benmaderazo/Code/claude-mermaid-collab/ui/node_modules/[4mwhatwg-url[24m/lib/URL.js:54:12)
      at new URL (/Users/benmaderazo/Code/claude-mermaid-collab/ui/node_modules/[4mwhatwg-url[24m/lib/URL.js:115:22)
  [90m    at new Request (node:internal/deps/undici/undici:10413:25)[39m
  [90m    at fetch (node:internal/deps/undici/undici:11325:25)[39m
  [90m    at fetch (node:internal/deps/undici/undici:15843:10)[39m
  [90m    at fetch (node:internal/bootstrap/web/exposed-window-or-worker:83:12)[39m
      at [90m/Users/benmaderazo/Code/claude-mermaid-collab/.collab/agent-sessions/worktrees/leaf-exec-cde0f2bc/ui/[39msrc/App.tsx:465:30
      at [90m/Users/benmaderazo/Code/claude-mermaid-collab/.collab/agent-sessions/worktrees/leaf-exec-cde0f2bc/ui/[39msrc/App.tsx:1342:21
      at Object.react_stack_bottom_frame (/Users/benmaderazo/Code/claude-mermaid-collab/ui/node_modules/[4mreact-dom[24m/cjs/react-dom-client.development.js:25989:20)
}
An update to App inside a test was not wrapped in act(...).

When testing, code that causes React state updates should be wrapped into act(...):

act(() => {
  /* fire events that update state */
});
/* assert on the output */

This ensures that you're testing the behavior the user would see in the browser. Learn more at https://react.dev/link/wrap-tests-with-act
An update to App inside a test was not wrapped in act(...).

When testing, code that causes React state updates should be wrapped into act(...):

act(() => {
  /* fire events that update state */
});
/* assert on the output */

This ensures that you're testing the behavior the user would see in the browser. Learn more at https://react.dev/link/wrap-tests-with-act
An update to ConnectingConsole inside a test was not wrapped in act(...).

When testing, code that causes React state updates should be wrapped into act(...):

act(() => {
  /* fire events that update state */
});
/* assert on the output */

This ensures that you're testing the behavior the user would see in the browser. Learn more at https://react.dev/link/wrap-tests-with-act
An update to ConnectingConsole inside a test was not wrapped in act(...).

When testing, code that causes React state updates should be wrapped into act(...):

act(() => {
  /* fire events that update state */
});
/* assert on the output */

This ensures that you're testing the behavior the user would see in the browser. Learn more at https://react.dev/link/wrap-tests-with-act

stderr | src/App.test.tsx > App Component > Theme Management > should render with dark background on dark theme
WARNING: Panel defaultSize prop recommended to avoid layout shift after server rendering
Notification API not available
Failed to load projects: TypeError: Failed to parse URL from /api/projects
[90m    at node:internal/deps/undici/undici:15845:13[39m
    at [90m/Users/benmaderazo/Code/claude-mermaid-collab/.collab/agent-sessions/worktrees/leaf-exec-cde0f2bc/ui/[39msrc/App.tsx:465:24 {
  [cause]: TypeError: Invalid URL: /api/projects
      at new URLImpl (/Users/benmaderazo/Code/claude-mermaid-collab/ui/node_modules/[4mwhatwg-url[24m/lib/URL-impl.js:20:13)
      at Object.exports.setup (/Users/benmaderazo/Code/claude-mermaid-collab/ui/node_modules/[4mwhatwg-url[24m/lib/URL.js:54:12)
      at new URL (/Users/benmaderazo/Code/claude-mermaid-collab/ui/node_modules/[4mwhatwg-url[24m/lib/URL.js:115:22)
  [90m    at new Request (node:internal/deps/undici/undici:10413:25)[39m
  [90m    at fetch (node:internal/deps/undici/undici:11325:25)[39m
  [90m    at fetch (node:internal/deps/undici/undici:15843:10)[39m
  [90m    at fetch (node:internal/bootstrap/web/exposed-window-or-worker:83:12)[39m
      at [90m/Users/benmaderazo/Code/claude-mermaid-collab/.collab/agent-sessions/worktrees/leaf-exec-cde0f2bc/ui/[39msrc/App.tsx:465:30
      at [90m/Users/benmaderazo/Code/claude-mermaid-collab/.collab/agent-sessions/worktrees/leaf-exec-cde0f2bc/ui/[39msrc/App.tsx:1342:21
      at Object.react_stack_bottom_frame (/Users/benmaderazo/Code/claude-mermaid-collab/ui/node_modules/[4mreact-dom[24m/cjs/react-dom-client.development.js:25989:20)
}
An update to App inside a test was not wrapped in act(...).

When testing, code that causes React state updates should be wrapped into act(...):

act(() => {
  /* fire events that update state */
});
/* assert on the output */

This ensures that you're testing the behavior the user would see in the browser. Learn more at https://react.dev/link/wrap-tests-with-act
An update to App inside a test was not wrapped in act(...).

When testing, code that causes React state updates should be wrapped into act(...):

act(() => {
  /* fire events that update state */
});
/* assert on the output */

This ensures that you're testing the behavior the user would see in the browser. Learn more at https://react.dev/link/wrap-tests-with-act
An update to ConnectingConsole inside a test was not wrapped in act(...).

When testing, code that causes React state updates should be wrapped into act(...):

act(() => {
  /* fire events that update state */
});
/* assert on the output */

This ensures that you're testing the behavior the user would see in the browser. Learn more at https://react.dev/link/wrap-tests-with-act
An update to ConnectingConsole inside a test was not wrapped in act(...).

When testing, code that causes React state updates should be wrapped into act(...):

act(() => {
  /* fire events that update state */
});
/* assert on the output */

This ensures that you're testing the behavior the user would see in the browser. Learn more at https://react.dev/link/wrap-tests-with-act

stderr | src/App.test.tsx > App Component > Theme Management > should render with light background on light theme
WARNING: Panel defaultSize prop recommended to avoid layout shift after server rendering
Notification API not available
Failed to load projects: TypeError: Failed to parse URL from /api/projects
[90m    at node:internal/deps/undici/undici:15845:13[39m
    at [90m/Users/benmaderazo/Code/claude-mermaid-collab/.collab/agent-sessions/worktrees/leaf-exec-cde0f2bc/ui/[39msrc/App.tsx:465:24 {
  [cause]: TypeError: Invalid URL: /api/projects
      at new URLImpl (/Users/benmaderazo/Code/claude-mermaid-collab/ui/node_modules/[4mwhatwg-url[24m/lib/URL-impl.js:20:13)
      at Object.exports.setup (/Users/benmaderazo/Code/claude-mermaid-collab/ui/node_modules/[4mwhatwg-url[24m/lib/URL.js:54:12)
      at new URL (/Users/benmaderazo/Code/claude-mermaid-collab/ui/node_modules/[4mwhatwg-url[24m/lib/URL.js:115:22)
  [90m    at new Request (node:internal/deps/undici/undici:10413:25)[39m
  [90m    at fetch (node:internal/deps/undici/undici:11325:25)[39m
  [90m    at fetch (node:internal/deps/undici/undici:15843:10)[39m
  [90m    at fetch (node:internal/bootstrap/web/exposed-window-or-worker:83:12)[39m
      at [90m/Users/benmaderazo/Code/claude-mermaid-collab/.collab/agent-sessions/worktrees/leaf-exec-cde0f2bc/ui/[39msrc/App.tsx:465:30
      at [90m/Users/benmaderazo/Code/claude-mermaid-collab/.collab/agent-sessions/worktrees/leaf-exec-cde0f2bc/ui/[39msrc/App.tsx:1342:21
      at Object.react_stack_bottom_frame (/Users/benmaderazo/Code/claude-mermaid-collab/ui/node_modules/[4mreact-dom[24m/cjs/react-dom-client.development.js:25989:20)
}
An update to App inside a test was not wrapped in act(...).

When testing, code that causes React state updates should be wrapped into act(...):

act(() => {
  /* fire events that update state */
});
/* assert on the output */

This ensures that you're testing the behavior the user would see in the browser. Learn more at https://react.dev/link/wrap-tests-with-act
An update to App inside a test was not wrapped in act(...).

When testing, code that causes React state updates should be wrapped into act(...):

act(() => {
  /* fire events that update state */
});
/* assert on the output */

This ensures that you're testing the behavior the user would see in the browser. Learn more at https://react.dev/link/wrap-tests-with-act
An update to ConnectingConsole inside a test was not wrapped in act(...).

When testing, code that causes React state updates should be wrapped into act(...):

act(() => {
  /* fire events that update state */
});
/* assert on the output */

This ensures that you're testing the behavior the user would see in the browser. Learn more at https://react.dev/link/wrap-tests-with-act
An update to ConnectingConsole inside a test was not wrapped in act(...).

When testing, code that causes React state updates should be wrapped into act(...):

act(() => {
  /* fire events that update state */
});
/* assert on the output */

This ensures that you're testing the behavior the user would see in the browser. Learn more at https://react.dev/link/wrap-tests-with-act

stderr | src/App.test.tsx > App Component > Unified Editor View > should render editor toolbar by default
WARNING: Panel defaultSize prop recommended to avoid layout shift after server rendering
Notification API not available
Failed to load projects: TypeError: Failed to parse URL from /api/projects
[90m    at node:internal/deps/undici/undici:15845:13[39m
    at [90m/Users/benmaderazo/Code/claude-mermaid-collab/.collab/agent-sessions/worktrees/leaf-exec-cde0f2bc/ui/[39msrc/App.tsx:465:24 {
  [cause]: TypeError: Invalid URL: /api/projects
      at new URLImpl (/Users/benmaderazo/Code/claude-mermaid-collab/ui/node_modules/[4mwhatwg-url[24m/lib/URL-impl.js:20:13)
      at Object.exports.setup (/Users/benmaderazo/Code/claude-mermaid-collab/ui/node_modules/[4mwhatwg-url[24m/lib/URL.js:54:12)
      at new URL (/Users/benmaderazo/Code/claude-mermaid-collab/ui/node_modules/[4mwhatwg-url[24m/lib/URL.js:115:22)
  [90m    at new Request (node:internal/deps/undici/undici:10413:25)[39m
  [90m    at fetch (node:internal/deps/undici/undici:11325:25)[39m
  [90m    at fetch (node:internal/deps/undici/undici:15843:10)[39m
  [90m    at fetch (node:internal/bootstrap/web/exposed-window-or-worker:83:12)[39m
      at [90m/Users/benmaderazo/Code/claude-mermaid-collab/.collab/agent-sessions/worktrees/leaf-exec-cde0f2bc/ui/[39msrc/App.tsx:465:30
      at [90m/Users/benmaderazo/Code/claude-mermaid-collab/.collab/agent-sessions/worktrees/leaf-exec-cde0f2bc/ui/[39msrc/App.tsx:1342:21
      at Object.react_stack_bottom_frame (/Users/benmaderazo/Code/claude-mermaid-collab/ui/node_modules/[4mreact-dom[24m/cjs/react-dom-client.development.js:25989:20)
}
An update to App inside a test was not wrapped in act(...).

When testing, code that causes React state updates should be wrapped into act(...):

act(() => {
  /* fire events that update state */
});
/* assert on the output */

This ensures that you're testing the behavior the user would see in the browser. Learn more at https://react.dev/link/wrap-tests-with-act
An update to App inside a test was not wrapped in act(...).

When testing, code that causes React state updates should be wrapped into act(...):

act(() => {
  /* fire events that update state */
});
/* assert on the output */

This ensures that you're testing the behavior the user would see in the browser. Learn more at https://react.dev/link/wrap-tests-with-act
An update to ConnectingConsole inside a test was not wrapped in act(...).

When testing, code that causes React state updates should be wrapped into act(...):

act(() => {
  /* fire events that update state */
});
/* assert on the output */

This ensures that you're testing the behavior the user would see in the browser. Learn more at https://react.dev/link/wrap-tests-with-act
An update to ConnectingConsole inside a test was not wrapped in act(...).

When testing, code that causes React state updates should be wrapped into act(...):

act(() => {
  /* fire events that update state */
});
/* assert on the output */

This ensures that you're testing the behavior the user would see in the browser. Learn more at https://react.dev/link/wrap-tests-with-act

stderr | src/App.test.tsx > App Component > Unified Editor View > should display unified editor on initial load
WARNING: Panel defaultSize prop recommended to avoid layout shift after server rendering
Notification API not available
Failed to load projects: TypeError: Failed to parse URL from /api/projects
[90m    at node:internal/deps/undici/undici:15845:13[39m
    at [90m/Users/benmaderazo/Code/claude-mermaid-collab/.collab/agent-sessions/worktrees/leaf-exec-cde0f2bc/ui/[39msrc/App.tsx:465:24 {
  [cause]: TypeError: Invalid URL: /api/projects
      at new URLImpl (/Users/benmaderazo/Code/claude-mermaid-collab/ui/node_modules/[4mwhatwg-url[24m/lib/URL-impl.js:20:13)
      at Object.exports.setup (/Users/benmaderazo/Code/claude-mermaid-collab/ui/node_modules/[4mwhatwg-url[24m/lib/URL.js:54:12)
      at new URL (/Users/benmaderazo/Code/claude-mermaid-collab/ui/node_modules/[4mwhatwg-url[24m/lib/URL.js:115:22)
  [90m    at new Request (node:internal/deps/undici/undici:10413:25)[39m
  [90m    at fetch (node:internal/deps/undici/undici:11325:25)[39m
  [90m    at fetch (node:internal/deps/undici/undici:15843:10)[39m
  [90m    at fetch (node:internal/bootstrap/web/exposed-window-or-worker:83:12)[39m
      at [90m/Users/benmaderazo/Code/claude-mermaid-collab/.collab/agent-sessions/worktrees/leaf-exec-cde0f2bc/ui/[39msrc/App.tsx:465:30
      at [90m/Users/benmaderazo/Code/claude-mermaid-collab/.collab/agent-sessions/worktrees/leaf-exec-cde0f2bc/ui/[39msrc/App.tsx:1342:21
      at Object.react_stack_bottom_frame (/Users/benmaderazo/Code/claude-mermaid-collab/ui/node_modules/[4mreact-dom[24m/cjs/react-dom-client.development.js:25989:20)
}
An update to App inside a test was not wrapped in act(...).

When testing, code that causes React state updates should be wrapped into act(...):

act(() => {
  /* fire events that update state */
});
/* assert on the output */

This ensures that you're testing the behavior the user would see in the browser. Learn more at https://react.dev/link/wrap-tests-with-act
An update to App inside a test was not wrapped in act(...).

When testing, code that causes React state updates should be wrapped into act(...):

act(() => {
  /* fire events that update state */
});
/* assert on the output */

This ensures that you're testing the behavior the user would see in the browser. Learn more at https://react.dev/link/wrap-tests-with-act
An update to ConnectingConsole inside a test was not wrapped in act(...).

When testing, code that causes React state updates should be wrapped into act(...):

act(() => {
  /* fire events that update state */
});
/* assert on the output */

This ensures that you're testing the behavior the user would see in the browser. Learn more at https://react.dev/link/wrap-tests-with-act
An update to ConnectingConsole inside a test was not wrapped in act(...).

When testing, code that causes React state updates should be wrapped into act(...):

act(() => {
  /* fire events that update state */
});
/* assert on the output */

This ensures that you're testing the behavior the user would see in the browser. Learn more at https://react.dev/link/wrap-tests-with-act

stderr | src/App.test.tsx > App Component > Sidebar Navigation > should render sidebar component
WARNING: Panel defaultSize prop recommended to avoid layout shift after server rendering
Notification API not available
Failed to load projects: TypeError: Failed to parse URL from /api/projects
[90m    at node:internal/deps/undici/undici:15845:13[39m
    at [90m/Users/benmaderazo/Code/claude-mermaid-collab/.collab/agent-sessions/worktrees/leaf-exec-cde0f2bc/ui/[39msrc/App.tsx:465:24 {
  [cause]: TypeError: Invalid URL: /api/projects
      at new URLImpl (/Users/benmaderazo/Code/claude-mermaid-collab/ui/node_modules/[4mwhatwg-url[24m/lib/URL-impl.js:20:13)
      at Object.exports.setup (/Users/benmaderazo/Code/claude-mermaid-collab/ui/node_modules/[4mwhatwg-url[24m/lib/URL.js:54:12)
      at new URL (/Users/benmaderazo/Code/claude-mermaid-collab/ui/node_modules/[4mwhatwg-url[24m/lib/URL.js:115:22)
  [90m    at new Request (node:internal/deps/undici/undici:10413:25)[39m
  [90m    at fetch (node:internal/deps/undici/undici:11325:25)[39m
  [90m    at fetch (node:internal/deps/undici/undici:15843:10)[39m
  [90m    at fetch (node:internal/bootstrap/web/exposed-window-or-worker:83:12)[39m
      at [90m/Users/benmaderazo/Code/claude-mermaid-collab/.collab/agent-sessions/worktrees/leaf-exec-cde0f2bc/ui/[39msrc/App.tsx:465:30
      at [90m/Users/benmaderazo/Code/claude-mermaid-collab/.collab/agent-sessions/worktrees/leaf-exec-cde0f2bc/ui/[39msrc/App.tsx:1342:21
      at Object.react_stack_bottom_frame (/Users/benmaderazo/Code/claude-mermaid-collab/ui/node_modules/[4mreact-dom[24m/cjs/react-dom-client.development.js:25989:20)
}
An update to App inside a test was not wrapped in act(...).

When testing, code that causes React state updates should be wrapped into act(...):

act(() => {
  /* fire events that update state */
});
/* assert on the output */

This ensures that you're testing the behavior the user would see in the browser. Learn more at https://react.dev/link/wrap-tests-with-act
An update to App inside a test was not wrapped in act(...).

When testing, code that causes React state updates should be wrapped into act(...):

act(() => {
  /* fire events that update state */
});
/* assert on the output */

This ensures that you're testing the behavior the user would see in the browser. Learn more at https://react.dev/link/wrap-tests-with-act
An update to ConnectingConsole inside a test was not wrapped in act(...).

When testing, code that causes React state updates should be wrapped into act(...):

act(() => {
  /* fire events that update state */
});
/* assert on the output */

This ensures that you're testing the behavior the user would see in the browser. Learn more at https://react.dev/link/wrap-tests-with-act
An update to ConnectingConsole inside a test was not wrapped in act(...).

When testing, code that causes React state updates should be wrapped into act(...):

act(() => {
  /* fire events that update state */
});
/* assert on the output */

This ensures that you're testing the behavior the user would see in the browser. Learn more at https://react.dev/link/wrap-tests-with-act

stderr | src/App.test.tsx > App Component > Sidebar Navigation > should have navigation items in sidebar
WARNING: Panel defaultSize prop recommended to avoid layout shift after server rendering
Notification API not available
Failed to load projects: TypeError: Failed to parse URL from /api/projects
[90m    at node:internal/deps/undici/undici:15845:13[39m
    at [90m/Users/benmaderazo/Code/claude-mermaid-collab/.collab/agent-sessions/worktrees/leaf-exec-cde0f2bc/ui/[39msrc/App.tsx:465:24 {
  [cause]: TypeError: Invalid URL: /api/projects
      at new URLImpl (/Users/benmaderazo/Code/claude-mermaid-collab/ui/node_modules/[4mwhatwg-url[24m/lib/URL-impl.js:20:13)
      at Object.exports.setup (/Users/benmaderazo/Code/claude-mermaid-collab/ui/node_modules/[4mwhatwg-url[24m/lib/URL.js:54:12)
      at new URL (/Users/benmaderazo/Code/claude-mermaid-collab/ui/node_modules/[4mwhatwg-url[24m/lib/URL.js:115:22)
  [90m    at new Request (node:internal/deps/undici/undici:10413:25)[39m
  [90m    at fetch (node:internal/deps/undici/undici:11325:25)[39m
  [90m    at fetch (node:internal/deps/undici/undici:15843:10)[39m
  [90m    at fetch (node:internal/bootstrap/web/exposed-window-or-worker:83:12)[39m
      at [90m/Users/benmaderazo/Code/claude-mermaid-collab/.collab/agent-sessions/worktrees/leaf-exec-cde0f2bc/ui/[39msrc/App.tsx:465:30
      at [90m/Users/benmaderazo/Code/claude-mermaid-collab/.collab/agent-sessions/worktrees/leaf-exec-cde0f2bc/ui/[39msrc/App.tsx:1342:21
      at Object.react_stack_bottom_frame (/Users/benmaderazo/Code/claude-mermaid-collab/ui/node_modules/[4mreact-dom[24m/cjs/react-dom-client.development.js:25989:20)
}
An update to App inside a test was not wrapped in act(...).

When testing, code that causes React state updates should be wrapped into act(...):

act(() => {
  /* fire events that update state */
});
/* assert on the output */

This ensures that you're testing the behavior the user would see in the browser. Learn more at https://react.dev/link/wrap-tests-with-act
An update to App inside a test was not wrapped in act(...).

When testing, code that causes React state updates should be wrapped into act(...):

act(() => {
  /* fire events that update state */
});
/* assert on the output */

This ensures that you're testing the behavior the user would see in the browser. Learn more at https://react.dev/link/wrap-tests-with-act
An update to ConnectingConsole inside a test was not wrapped in act(...).

When testing, code that causes React state updates should be wrapped into act(...):

act(() => {
  /* fire events that update state */
});
/* assert on the output */

This ensures that you're testing the behavior the user would see in the browser. Learn more at https://react.dev/link/wrap-tests-with-act
An update to ConnectingConsole inside a test was not wrapped in act(...).

When testing, code that causes React state updates should be wrapped into act(...):

act(() => {
  /* fire events that update state */
});
/* assert on the output */

This ensures that you're testing the behavior the user would see in the browser. Learn more at https://react.dev/link/wrap-tests-with-act

stderr | src/App.test.tsx > App Component > Sidebar Navigation > should mark dashboard as active in initial view
WARNING: Panel defaultSize prop recommended to avoid layout shift after server rendering
Notification API not available
Failed to load projects: TypeError: Failed to parse URL from /api/projects
[90m    at node:internal/deps/undici/undici:15845:13[39m
    at [90m/Users/benmaderazo/Code/claude-mermaid-collab/.collab/agent-sessions/worktrees/leaf-exec-cde0f2bc/ui/[39msrc/App.tsx:465:24 {
  [cause]: TypeError: Invalid URL: /api/projects
      at new URLImpl (/Users/benmaderazo/Code/claude-mermaid-collab/ui/node_modules/[4mwhatwg-url[24m/lib/URL-impl.js:20:13)
      at Object.exports.setup (/Users/benmaderazo/Code/claude-mermaid-collab/ui/node_modules/[4mwhatwg-url[24m/lib/URL.js:54:12)
      at new URL (/Users/benmaderazo/Code/claude-mermaid-collab/ui/node_modules/[4mwhatwg-url[24m/lib/URL.js:115:22)
  [90m    at new Request (node:internal/deps/undici/undici:10413:25)[39m
  [90m    at fetch (node:internal/deps/undici/undici:11325:25)[39m
  [90m    at fetch (node:internal/deps/undici/undici:15843:10)[39m
  [90m    at fetch (node:internal/bootstrap/web/exposed-window-or-worker:83:12)[39m
      at [90m/Users/benmaderazo/Code/claude-mermaid-collab/.collab/agent-sessions/worktrees/leaf-exec-cde0f2bc/ui/[39msrc/App.tsx:465:30
      at [90m/Users/benmaderazo/Code/claude-mermaid-collab/.collab/agent-sessions/worktrees/leaf-exec-cde0f2bc/ui/[39msrc/App.tsx:1342:21
      at Object.react_stack_bottom_frame (/Users/benmaderazo/Code/claude-mermaid-collab/ui/node_modules/[4mreact-dom[24m/cjs/react-dom-client.development.js:25989:20)
}
An update to App inside a test was not wrapped in act(...).

When testing, code that causes React state updates should be wrapped into act(...):

act(() => {
  /* fire events that update state */
});
/* assert on the output */

This ensures that you're testing the behavior the user would see in the browser. Learn more at https://react.dev/link/wrap-tests-with-act
An update to App inside a test was not wrapped in act(...).

When testing, code that causes React state updates should be wrapped into act(...):

act(() => {
  /* fire events that update state */
});
/* assert on the output */

This ensures that you're testing the behavior the user would see in the browser. Learn more at https://react.dev/link/wrap-tests-with-act
An update to ConnectingConsole inside a test was not wrapped in act(...).

When testing, code that causes React state updates should be wrapped into act(...):

act(() => {
  /* fire events that update state */
});
/* assert on the output */

This ensures that you're testing the behavior the user would see in the browser. Learn more at https://react.dev/link/wrap-tests-with-act
An update to ConnectingConsole inside a test was not wrapped in act(...).

When testing, code that causes React state updates should be wrapped into act(...):

act(() => {
  /* fire events that update state */
});
/* assert on the output */

This ensures that you're testing the behavior the user would see in the browser. Learn more at https://react.dev/link/wrap-tests-with-act

stderr | src/App.test.tsx > App Component > Provider Setup > should have Zustand stores initialized
WARNING: Panel defaultSize prop recommended to avoid layout shift after server rendering
Notification API not available
Failed to load projects: TypeError: Failed to parse URL from /api/projects
[90m    at node:internal/deps/undici/undici:15845:13[39m
    at [90m/Users/benmaderazo/Code/claude-mermaid-collab/.collab/agent-sessions/worktrees/leaf-exec-cde0f2bc/ui/[39msrc/App.tsx:465:24 {
  [cause]: TypeError: Invalid URL: /api/projects
      at new URLImpl (/Users/benmaderazo/Code/claude-mermaid-collab/ui/node_modules/[4mwhatwg-url[24m/lib/URL-impl.js:20:13)
      at Object.exports.setup (/Users/benmaderazo/Code/claude-mermaid-collab/ui/node_modules/[4mwhatwg-url[24m/lib/URL.js:54:12)
      at new URL (/Users/benmaderazo/Code/claude-mermaid-collab/ui/node_modules/[4mwhatwg-url[24m/lib/URL.js:115:22)
  [90m    at new Request (node:internal/deps/undici/undici:10413:25)[39m
  [90m    at fetch (node:internal/deps/undici/undici:11325:25)[39m
  [90m    at fetch (node:internal/deps/undici/undici:15843:10)[39m
  [90m    at fetch (node:internal/bootstrap/web/exposed-window-or-worker:83:12)[39m
      at [90m/Users/benmaderazo/Code/claude-mermaid-collab/.collab/agent-sessions/worktrees/leaf-exec-cde0f2bc/ui/[39msrc/App.tsx:465:30
      at [90m/Users/benmaderazo/Code/claude-mermaid-collab/.collab/agent-sessions/worktrees/leaf-exec-cde0f2bc/ui/[39msrc/App.tsx:1342:21
      at Object.react_stack_bottom_frame (/Users/benmaderazo/Code/claude-mermaid-collab/ui/node_modules/[4mreact-dom[24m/cjs/react-dom-client.development.js:25989:20)
}
An update to App inside a test was not wrapped in act(...).

When testing, code that causes React state updates should be wrapped into act(...):

act(() => {
  /* fire events that update state */
});
/* assert on the output */

This ensures that you're testing the behavior the user would see in the browser. Learn more at https://react.dev/link/wrap-tests-with-act
An update to App inside a test was not wrapped in act(...).

When testing, code that causes React state updates should be wrapped into act(...):

act(() => {
  /* fire events that update state */
});
/* assert on the output */

This ensures that you're testing the behavior the user would see in the browser. Learn more at https://react.dev/link/wrap-tests-with-act
An update to ConnectingConsole inside a test was not wrapped in act(...).

When testing, code that causes React state updates should be wrapped into act(...):

act(() => {
  /* fire events that update state */
});
/* assert on the output */

This ensures that you're testing the behavior the user would see in the browser. Learn more at https://react.dev/link/wrap-tests-with-act
An update to ConnectingConsole inside a test was not wrapped in act(...).

When testing, code that causes React state updates should be wrapped into act(...):

act(() => {
  /* fire events that update state */
});
/* assert on the output */

This ensures that you're testing the behavior the user would see in the browser. Learn more at https://react.dev/link/wrap-tests-with-act

stderr | src/App.test.tsx > App Component > Provider Setup > should provide theme context
WARNING: Panel defaultSize prop recommended to avoid layout shift after server rendering
Notification API not available
Failed to load projects: TypeError: Failed to parse URL from /api/projects
[90m    at node:internal/deps/undici/undici:15845:13[39m
    at [90m/Users/benmaderazo/Code/claude-mermaid-collab/.collab/agent-sessions/worktrees/leaf-exec-cde0f2bc/ui/[39msrc/App.tsx:465:24 {
  [cause]: TypeError: Invalid URL: /api/projects
      at new URLImpl (/Users/benmaderazo/Code/claude-mermaid-collab/ui/node_modules/[4mwhatwg-url[24m/lib/URL-impl.js:20:13)
      at Object.exports.setup (/Users/benmaderazo/Code/claude-mermaid-collab/ui/node_modules/[4mwhatwg-url[24m/lib/URL.js:54:12)
      at new URL (/Users/benmaderazo/Code/claude-mermaid-collab/ui/node_modules/[4mwhatwg-url[24m/lib/URL.js:115:22)
  [90m    at new Request (node:internal/deps/undici/undici:10413:25)[39m
  [90m    at fetch (node:internal/deps/undici/undici:11325:25)[39m
  [90m    at fetch (node:internal/deps/undici/undici:15843:10)[39m
  [90m    at fetch (node:internal/bootstrap/web/exposed-window-or-worker:83:12)[39m
      at [90m/Users/benmaderazo/Code/claude-mermaid-collab/.collab/agent-sessions/worktrees/leaf-exec-cde0f2bc/ui/[39msrc/App.tsx:465:30
      at [90m/Users/benmaderazo/Code/claude-mermaid-collab/.collab/agent-sessions/worktrees/leaf-exec-cde0f2bc/ui/[39msrc/App.tsx:1342:21
      at Object.react_stack_bottom_frame (/Users/benmaderazo/Code/claude-mermaid-collab/ui/node_modules/[4mreact-dom[24m/cjs/react-dom-client.development.js:25989:20)
}
An update to App inside a test was not wrapped in act(...).

When testing, code that causes React state updates should be wrapped into act(...):

act(() => {
  /* fire events that update state */
});
/* assert on the output */

This ensures that you're testing the behavior the user would see in the browser. Learn more at https://react.dev/link/wrap-tests-with-act
An update to App inside a test was not wrapped in act(...).

When testing, code that causes React state updates should be wrapped into act(...):

act(() => {
  /* fire events that update state */
});
/* assert on the output */

This ensures that you're testing the behavior the user would see in the browser. Learn more at https://react.dev/link/wrap-tests-with-act
An update to ConnectingConsole inside a test was not wrapped in act(...).

When testing, code that causes React state updates should be wrapped into act(...):

act(() => {
  /* fire events that update state */
});
/* assert on the output */

This ensures that you're testing the behavior the user would see in the browser. Learn more at https://react.dev/link/wrap-tests-with-act
An update to ConnectingConsole inside a test was not wrapped in act(...).

When testing, code that causes React state updates should be wrapped into act(...):

act(() => {
  /* fire events that update state */
});
/* assert on the output */

This ensures that you're testing the behavior the user would see in the browser. Learn more at https://react.dev/link/wrap-tests-with-act

stderr | src/App.test.tsx > App Component > Error Handling > should handle errors gracefully with error boundary
WARNING: Panel defaultSize prop recommended to avoid layout shift after server rendering
Notification API not available
Failed to load projects: TypeError: Failed to parse URL from /api/projects
[90m    at node:internal/deps/undici/undici:15845:13[39m
    at [90m/Users/benmaderazo/Code/claude-mermaid-collab/.collab/agent-sessions/worktrees/leaf-exec-cde0f2bc/ui/[39msrc/App.tsx:465:24 {
  [cause]: TypeError: Invalid URL: /api/projects
      at new URLImpl (/Users/benmaderazo/Code/claude-mermaid-collab/ui/node_modules/[4mwhatwg-url[24m/lib/URL-impl.js:20:13)
      at Object.exports.setup (/Users/benmaderazo/Code/claude-mermaid-collab/ui/node_modules/[4mwhatwg-url[24m/lib/URL.js:54:12)
      at new URL (/Users/benmaderazo/Code/claude-mermaid-collab/ui/node_modules/[4mwhatwg-url[24m/lib/URL.js:115:22)
  [90m    at new Request (node:internal/deps/undici/undici:10413:25)[39m
  [90m    at fetch (node:internal/deps/undici/undici:11325:25)[39m
  [90m    at fetch (node:internal/deps/undici/undici:15843:10)[39m
  [90m    at fetch (node:internal/bootstrap/web/exposed-window-or-worker:83:12)[39m
      at [90m/Users/benmaderazo/Code/claude-mermaid-collab/.collab/agent-sessions/worktrees/leaf-exec-cde0f2bc/ui/[39msrc/App.tsx:465:30
      at [90m/Users/benmaderazo/Code/claude-mermaid-collab/.collab/agent-sessions/worktrees/leaf-exec-cde0f2bc/ui/[39msrc/App.tsx:1342:21
      at Object.react_stack_bottom_frame (/Users/benmaderazo/Code/claude-mermaid-collab/ui/node_modules/[4mreact-dom[24m/cjs/react-dom-client.development.js:25989:20)
}
An update to App inside a test was not wrapped in act(...).

When testing, code that causes React state updates should be wrapped into act(...):

act(() => {
  /* fire events that update state */
});
/* assert on the output */

This ensures that you're testing the behavior the user would see in the browser. Learn more at https://react.dev/link/wrap-tests-with-act
An update to App inside a test was not wrapped in act(...).

When testing, code that causes React state updates should be wrapped into act(...):

act(() => {
  /* fire events that update state */
});
/* assert on the output */

This ensures that you're testing the behavior the user would see in the browser. Learn more at https://react.dev/link/wrap-tests-with-act
An update to ConnectingConsole inside a test was not wrapped in act(...).

When testing, code that causes React state updates should be wrapped into act(...):

act(() => {
  /* fire events that update state */
});
/* assert on the output */

This ensures that you're testing the behavior the user would see in the browser. Learn more at https://react.dev/link/wrap-tests-with-act
An update to ConnectingConsole inside a test was not wrapped in act(...).

When testing, code that causes React state updates should be wrapped into act(...):

act(() => {
  /* fire events that update state */
});
/* assert on the output */

This ensures that you're testing the behavior the user would see in the browser. Learn more at https://react.dev/link/wrap-tests-with-act

stderr | src/App.test.tsx > App Component > Error Handling > should show error boundary fallback when error occurs
WARNING: Panel defaultSize prop recommended to avoid layout shift after server rendering
Notification API not available
Failed to load projects: TypeError: Failed to parse URL from /api/projects
[90m    at node:internal/deps/undici/undici:15845:13[39m
    at [90m/Users/benmaderazo/Code/claude-mermaid-collab/.collab/agent-sessions/worktrees/leaf-exec-cde0f2bc/ui/[39msrc/App.tsx:465:24 {
  [cause]: TypeError: Invalid URL: /api/projects
      at new URLImpl (/Users/benmaderazo/Code/claude-mermaid-collab/ui/node_modules/[4mwhatwg-url[24m/lib/URL-impl.js:20:13)
      at Object.exports.setup (/Users/benmaderazo/Code/claude-mermaid-collab/ui/node_modules/[4mwhatwg-url[24m/lib/URL.js:54:12)
      at new URL (/Users/benmaderazo/Code/claude-mermaid-collab/ui/node_modules/[4mwhatwg-url[24m/lib/URL.js:115:22)
  [90m    at new Request (node:internal/deps/undici/undici:10413:25)[39m
  [90m    at fetch (node:internal/deps/undici/undici:11325:25)[39m
  [90m    at fetch (node:internal/deps/undici/undici:15843:10)[39m
  [90m    at fetch (node:internal/bootstrap/web/exposed-window-or-worker:83:12)[39m
      at [90m/Users/benmaderazo/Code/claude-mermaid-collab/.collab/agent-sessions/worktrees/leaf-exec-cde0f2bc/ui/[39msrc/App.tsx:465:30
      at [90m/Users/benmaderazo/Code/claude-mermaid-collab/.collab/agent-sessions/worktrees/leaf-exec-cde0f2bc/ui/[39msrc/App.tsx:1342:21
      at Object.react_stack_bottom_frame (/Users/benmaderazo/Code/claude-mermaid-collab/ui/node_modules/[4mreact-dom[24m/cjs/react-dom-client.development.js:25989:20)
}
An update to App inside a test was not wrapped in act(...).

When testing, code that causes React state updates should be wrapped into act(...):

act(() => {
  /* fire events that update state */
});
/* assert on the output */

This ensures that you're testing the behavior the user would see in the browser. Learn more at https://react.dev/link/wrap-tests-with-act
An update to App inside a test was not wrapped in act(...).

When testing, code that causes React state updates should be wrapped into act(...):

act(() => {
  /* fire events that update state */
});
/* assert on the output */

This ensures that you're testing the behavior the user would see in the browser. Learn more at https://react.dev/link/wrap-tests-with-act
An update to ConnectingConsole inside a test was not wrapped in act(...).

When testing, code that causes React state updates should be wrapped into act(...):

act(() => {
  /* fire events that update state */
});
/* assert on the output */

This ensures that you're testing the behavior the user would see in the browser. Learn more at https://react.dev/link/wrap-tests-with-act
An update to ConnectingConsole inside a test was not wrapped in act(...).

When testing, code that causes React state updates should be wrapped into act(...):

act(() => {
  /* fire events that update state */
});
/* assert on the output */

This ensures that you're testing the behavior the user would see in the browser. Learn more at https://react.dev/link/wrap-tests-with-act

stderr | src/App.test.tsx > App Component > Loading States > should render loading overlay when isLoading is true
WARNING: Panel defaultSize prop recommended to avoid layout shift after server rendering
Notification API not available
Failed to load projects: TypeError: Failed to parse URL from /api/projects
[90m    at node:internal/deps/undici/undici:15845:13[39m
    at [90m/Users/benmaderazo/Code/claude-mermaid-collab/.collab/agent-sessions/worktrees/leaf-exec-cde0f2bc/ui/[39msrc/App.tsx:465:24 {
  [cause]: TypeError: Invalid URL: /api/projects
      at new URLImpl (/Users/benmaderazo/Code/claude-mermaid-collab/ui/node_modules/[4mwhatwg-url[24m/lib/URL-impl.js:20:13)
      at Object.exports.setup (/Users/benmaderazo/Code/claude-mermaid-collab/ui/node_modules/[4mwhatwg-url[24m/lib/URL.js:54:12)
      at new URL (/Users/benmaderazo/Code/claude-mermaid-collab/ui/node_modules/[4mwhatwg-url[24m/lib/URL.js:115:22)
  [90m    at new Request (node:internal/deps/undici/undici:10413:25)[39m
  [90m    at fetch (node:internal/deps/undici/undici:11325:25)[39m
  [90m    at fetch (node:internal/deps/undici/undici:15843:10)[39m
  [90m    at fetch (node:internal/bootstrap/web/exposed-window-or-worker:83:12)[39m
      at [90m/Users/benmaderazo/Code/claude-mermaid-collab/.collab/agent-sessions/worktrees/leaf-exec-cde0f2bc/ui/[39msrc/App.tsx:465:30
      at [90m/Users/benmaderazo/Code/claude-mermaid-collab/.collab/agent-sessions/worktrees/leaf-exec-cde0f2bc/ui/[39msrc/App.tsx:1342:21
      at Object.react_stack_bottom_frame (/Users/benmaderazo/Code/claude-mermaid-collab/ui/node_modules/[4mreact-dom[24m/cjs/react-dom-client.development.js:25989:20)
}
An update to App inside a test was not wrapped in act(...).

When testing, code that causes React state updates should be wrapped into act(...):

act(() => {
  /* fire events that update state */
});
/* assert on the output */

This ensures that you're testing the behavior the user would see in the browser. Learn more at https://react.dev/link/wrap-tests-with-act
An update to App inside a test was not wrapped in act(...).

When testing, code that causes React state updates should be wrapped into act(...):

act(() => {
  /* fire events that update state */
});
/* assert on the output */

This ensures that you're testing the behavior the user would see in the browser. Learn more at https://react.dev/link/wrap-tests-with-act
An update to ConnectingConsole inside a test was not wrapped in act(...).

When testing, code that causes React state updates should be wrapped into act(...):

act(() => {
  /* fire events that update state */
});
/* assert on the output */

This ensures that you're testing the behavior the user would see in the browser. Learn more at https://react.dev/link/wrap-tests-with-act
An update to ConnectingConsole inside a test was not wrapped in act(...).

When testing, code that causes React state updates should be wrapped into act(...):

act(() => {
  /* fire events that update state */
});
/* assert on the output */

This ensures that you're testing the behavior the user would see in the browser. Learn more at https://react.dev/link/wrap-tests-with-act

stderr | src/App.test.tsx > App Component > Loading States > should show loading state initially while fetching data
WARNING: Panel defaultSize prop recommended to avoid layout shift after server rendering
Notification API not available
Failed to load projects: TypeError: Failed to parse URL from /api/projects
[90m    at node:internal/deps/undici/undici:15845:13[39m
    at [90m/Users/benmaderazo/Code/claude-mermaid-collab/.collab/agent-sessions/worktrees/leaf-exec-cde0f2bc/ui/[39msrc/App.tsx:465:24 {
  [cause]: TypeError: Invalid URL: /api/projects
      at new URLImpl (/Users/benmaderazo/Code/claude-mermaid-collab/ui/node_modules/[4mwhatwg-url[24m/lib/URL-impl.js:20:13)
      at Object.exports.setup (/Users/benmaderazo/Code/claude-mermaid-collab/ui/node_modules/[4mwhatwg-url[24m/lib/URL.js:54:12)
      at new URL (/Users/benmaderazo/Code/claude-mermaid-collab/ui/node_modules/[4mwhatwg-url[24m/lib/URL.js:115:22)
  [90m    at new Request (node:internal/deps/undici/undici:10413:25)[39m
  [90m    at fetch (node:internal/deps/undici/undici:11325:25)[39m
  [90m    at fetch (node:internal/deps/undici/undici:15843:10)[39m
  [90m    at fetch (node:internal/bootstrap/web/exposed-window-or-worker:83:12)[39m
      at [90m/Users/benmaderazo/Code/claude-mermaid-collab/.collab/agent-sessions/worktrees/leaf-exec-cde0f2bc/ui/[39msrc/App.tsx:465:30
      at [90m/Users/benmaderazo/Code/claude-mermaid-collab/.collab/agent-sessions/worktrees/leaf-exec-cde0f2bc/ui/[39msrc/App.tsx:1342:21
      at Object.react_stack_bottom_frame (/Users/benmaderazo/Code/claude-mermaid-collab/ui/node_modules/[4mreact-dom[24m/cjs/react-dom-client.development.js:25989:20)
}
An update to App inside a test was not wrapped in act(...).

When testing, code that causes React state updates should be wrapped into act(...):

act(() => {
  /* fire events that update state */
});
/* assert on the output */

This ensures that you're testing the behavior the user would see in the browser. Learn more at https://react.dev/link/wrap-tests-with-act
An update to App inside a test was not wrapped in act(...).

When testing, code that causes React state updates should be wrapped into act(...):

act(() => {
  /* fire events that update state */
});
/* assert on the output */

This ensures that you're testing the behavior the user would see in the browser. Learn more at https://react.dev/link/wrap-tests-with-act
An update to ConnectingConsole inside a test was not wrapped in act(...).

When testing, code that causes React state updates should be wrapped into act(...):

act(() => {
  /* fire events that update state */
});
/* assert on the output */

This ensures that you're testing the behavior the user would see in the browser. Learn more at https://react.dev/link/wrap-tests-with-act
An update to ConnectingConsole inside a test was not wrapped in act(...).

When testing, code that causes React state updates should be wrapped into act(...):

act(() => {
  /* fire events that update state */
});
/* assert on the output */

This ensures that you're testing the behavior the user would see in the browser. Learn more at https://react.dev/link/wrap-tests-with-act

stderr | src/App.test.tsx > App Component > Question Panel > should have question panel overlay available
WARNING: Panel defaultSize prop recommended to avoid layout shift after server rendering
Notification API not available
Failed to load projects: TypeError: Failed to parse URL from /api/projects
[90m    at node:internal/deps/undici/undici:15845:13[39m
    at [90m/Users/benmaderazo/Code/claude-mermaid-collab/.collab/agent-sessions/worktrees/leaf-exec-cde0f2bc/ui/[39msrc/App.tsx:465:24 {
  [cause]: TypeError: Invalid URL: /api/projects
      at new URLImpl (/Users/benmaderazo/Code/claude-mermaid-collab/ui/node_modules/[4mwhatwg-url[24m/lib/URL-impl.js:20:13)
      at Object.exports.setup (/Users/benmaderazo/Code/claude-mermaid-collab/ui/node_modules/[4mwhatwg-url[24m/lib/URL.js:54:12)
      at new URL (/Users/benmaderazo/Code/claude-mermaid-collab/ui/node_modules/[4mwhatwg-url[24m/lib/URL.js:115:22)
  [90m    at new Request (node:internal/deps/undici/undici:10413:25)[39m
  [90m    at fetch (node:internal/deps/undici/undici:11325:25)[39m
  [90m    at fetch (node:internal/deps/undici/undici:15843:10)[39m
  [90m    at fetch (node:internal/bootstrap/web/exposed-window-or-worker:83:12)[39m
      at [90m/Users/benmaderazo/Code/claude-mermaid-collab/.collab/agent-sessions/worktrees/leaf-exec-cde0f2bc/ui/[39msrc/App.tsx:465:30
      at [90m/Users/benmaderazo/Code/claude-mermaid-collab/.collab/agent-sessions/worktrees/leaf-exec-cde0f2bc/ui/[39msrc/App.tsx:1342:21
      at Object.react_stack_bottom_frame (/Users/benmaderazo/Code/claude-mermaid-collab/ui/node_modules/[4mreact-dom[24m/cjs/react-dom-client.development.js:25989:20)
}
An update to App inside a test was not wrapped in act(...).

When testing, code that causes React state updates should be wrapped into act(...):

act(() => {
  /* fire events that update state */
});
/* assert on the output */

This ensures that you're testing the behavior the user would see in the browser. Learn more at https://react.dev/link/wrap-tests-with-act
An update to App inside a test was not wrapped in act(...).

When testing, code that causes React state updates should be wrapped into act(...):

act(() => {
  /* fire events that update state */
});
/* assert on the output */

This ensures that you're testing the behavior the user would see in the browser. Learn more at https://react.dev/link/wrap-tests-with-act
An update to ConnectingConsole inside a test was not wrapped in act(...).

When testing, code that causes React state updates should be wrapped into act(...):

act(() => {
  /* fire events that update state */
});
/* assert on the output */

This ensures that you're testing the behavior the user would see in the browser. Learn more at https://react.dev/link/wrap-tests-with-act
An update to ConnectingConsole inside a test was not wrapped in act(...).

When testing, code that causes React state updates should be wrapped into act(...):

act(() => {
  /* fire events that update state */
});
/* assert on the output */

This ensures that you're testing the behavior the user would see in the browser. Learn more at https://react.dev/link/wrap-tests-with-act

stderr | src/App.test.tsx > App Component > Question Panel > should render question panel when question is available
WARNING: Panel defaultSize prop recommended to avoid layout shift after server rendering
Notification API not available
Failed to load projects: TypeError: Failed to parse URL from /api/projects
[90m    at node:internal/deps/undici/undici:15845:13[39m
    at [90m/Users/benmaderazo/Code/claude-mermaid-collab/.collab/agent-sessions/worktrees/leaf-exec-cde0f2bc/ui/[39msrc/App.tsx:465:24 {
  [cause]: TypeError: Invalid URL: /api/projects
      at new URLImpl (/Users/benmaderazo/Code/claude-mermaid-collab/ui/node_modules/[4mwhatwg-url[24m/lib/URL-impl.js:20:13)
      at Object.exports.setup (/Users/benmaderazo/Code/claude-mermaid-collab/ui/node_modules/[4mwhatwg-url[24m/lib/URL.js:54:12)
      at new URL (/Users/benmaderazo/Code/claude-mermaid-collab/ui/node_modules/[4mwhatwg-url[24m/lib/URL.js:115:22)
  [90m    at new Request (node:internal/deps/undici/undici:10413:25)[39m
  [90m    at fetch (node:internal/deps/undici/undici:11325:25)[39m
  [90m    at fetch (node:internal/deps/undici/undici:15843:10)[39m
  [90m    at fetch (node:internal/bootstrap/web/exposed-window-or-worker:83:12)[39m
      at [90m/Users/benmaderazo/Code/claude-mermaid-collab/.collab/agent-sessions/worktrees/leaf-exec-cde0f2bc/ui/[39msrc/App.tsx:465:30
      at [90m/Users/benmaderazo/Code/claude-mermaid-collab/.collab/agent-sessions/worktrees/leaf-exec-cde0f2bc/ui/[39msrc/App.tsx:1342:21
      at Object.react_stack_bottom_frame (/Users/benmaderazo/Code/claude-mermaid-collab/ui/node_modules/[4mreact-dom[24m/cjs/react-dom-client.development.js:25989:20)
}
An update to App inside a test was not wrapped in act(...).

When testing, code that causes React state updates should be wrapped into act(...):

act(() => {
  /* fire events that update state */
});
/* assert on the output */

This ensures that you're testing the behavior the user would see in the browser. Learn more at https://react.dev/link/wrap-tests-with-act
An update to App inside a test was not wrapped in act(...).

When testing, code that causes React state updates should be wrapped into act(...):

act(() => {
  /* fire events that update state */
});
/* assert on the output */

This ensures that you're testing the behavior the user would see in the browser. Learn more at https://react.dev/link/wrap-tests-with-act
An update to ConnectingConsole inside a test was not wrapped in act(...).

When testing, code that causes React state updates should be wrapped into act(...):

act(() => {
  /* fire events that update state */
});
/* assert on the output */

This ensures that you're testing the behavior the user would see in the browser. Learn more at https://react.dev/link/wrap-tests-with-act
An update to ConnectingConsole inside a test was not wrapped in act(...).

When testing, code that causes React state updates should be wrapped into act(...):

act(() => {
  /* fire events that update state */
});
/* assert on the output */

This ensures that you're testing the behavior the user would see in the browser. Learn more at https://react.dev/link/wrap-tests-with-act

stderr | src/App.test.tsx > App Component > Layout Structure > should have correct flexbox layout
WARNING: Panel defaultSize prop recommended to avoid layout shift after server rendering
Notification API not available
Failed to load projects: TypeError: Failed to parse URL from /api/projects
[90m    at node:internal/deps/undici/undici:15845:13[39m
    at [90m/Users/benmaderazo/Code/claude-mermaid-collab/.collab/agent-sessions/worktrees/leaf-exec-cde0f2bc/ui/[39msrc/App.tsx:465:24 {
  [cause]: TypeError: Invalid URL: /api/projects
      at new URLImpl (/Users/benmaderazo/Code/claude-mermaid-collab/ui/node_modules/[4mwhatwg-url[24m/lib/URL-impl.js:20:13)
      at Object.exports.setup (/Users/benmaderazo/Code/claude-mermaid-collab/ui/node_modules/[4mwhatwg-url[24m/lib/URL.js:54:12)
      at new URL (/Users/benmaderazo/Code/claude-mermaid-collab/ui/node_modules/[4mwhatwg-url[24m/lib/URL.js:115:22)
  [90m    at new Request (node:internal/deps/undici/undici:10413:25)[39m
  [90m    at fetch (node:internal/deps/undici/undici:11325:25)[39m
  [90m    at fetch (node:internal/deps/undici/undici:15843:10)[39m
  [90m    at fetch (node:internal/bootstrap/web/exposed-window-or-worker:83:12)[39m
      at [90m/Users/benmaderazo/Code/claude-mermaid-collab/.collab/agent-sessions/worktrees/leaf-exec-cde0f2bc/ui/[39msrc/App.tsx:465:30
      at [90m/Users/benmaderazo/Code/claude-mermaid-collab/.collab/agent-sessions/worktrees/leaf-exec-cde0f2bc/ui/[39msrc/App.tsx:1342:21
      at Object.react_stack_bottom_frame (/Users/benmaderazo/Code/claude-mermaid-collab/ui/node_modules/[4mreact-dom[24m/cjs/react-dom-client.development.js:25989:20)
}
An update to App inside a test was not wrapped in act(...).

When testing, code that causes React state updates should be wrapped into act(...):

act(() => {
  /* fire events that update state */
});
/* assert on the output */

This ensures that you're testing the behavior the user would see in the browser. Learn more at https://react.dev/link/wrap-tests-with-act
An update to App inside a test was not wrapped in act(...).

When testing, code that causes React state updates should be wrapped into act(...):

act(() => {
  /* fire events that update state */
});
/* assert on the output */

This ensures that you're testing the behavior the user would see in the browser. Learn more at https://react.dev/link/wrap-tests-with-act
An update to ConnectingConsole inside a test was not wrapped in act(...).

When testing, code that causes React state updates should be wrapped into act(...):

act(() => {
  /* fire events that update state */
});
/* assert on the output */

This ensures that you're testing the behavior the user would see in the browser. Learn more at https://react.dev/link/wrap-tests-with-act
An update to ConnectingConsole inside a test was not wrapped in act(...).

When testing, code that causes React state updates should be wrapped into act(...):

act(() => {
  /* fire events that update state */
});
/* assert on the output */

This ensures that you're testing the behavior the user would see in the browser. Learn more at https://react.dev/link/wrap-tests-with-act

stderr | src/App.test.tsx > App Component > Layout Structure > should have header at top of layout
WARNING: Panel defaultSize prop recommended to avoid layout shift after server rendering
Notification API not available
Failed to load projects: TypeError: Failed to parse URL from /api/projects
[90m    at node:internal/deps/undici/undici:15845:13[39m
    at [90m/Users/benmaderazo/Code/claude-mermaid-collab/.collab/agent-sessions/worktrees/leaf-exec-cde0f2bc/ui/[39msrc/App.tsx:465:24 {
  [cause]: TypeError: Invalid URL: /api/projects
      at new URLImpl (/Users/benmaderazo/Code/claude-mermaid-collab/ui/node_modules/[4mwhatwg-url[24m/lib/URL-impl.js:20:13)
      at Object.exports.setup (/Users/benmaderazo/Code/claude-mermaid-collab/ui/node_modules/[4mwhatwg-url[24m/lib/URL.js:54:12)
      at new URL (/Users/benmaderazo/Code/claude-mermaid-collab/ui/node_modules/[4mwhatwg-url[24m/lib/URL.js:115:22)
  [90m    at new Request (node:internal/deps/undici/undici:10413:25)[39m
  [90m    at fetch (node:internal/deps/undici/undici:11325:25)[39m
  [90m    at fetch (node:internal/deps/undici/undici:15843:10)[39m
  [90m    at fetch (node:internal/bootstrap/web/exposed-window-or-worker:83:12)[39m
      at [90m/Users/benmaderazo/Code/claude-mermaid-collab/.collab/agent-sessions/worktrees/leaf-exec-cde0f2bc/ui/[39msrc/App.tsx:465:30
      at [90m/Users/benmaderazo/Code/claude-mermaid-collab/.collab/agent-sessions/worktrees/leaf-exec-cde0f2bc/ui/[39msrc/App.tsx:1342:21
      at Object.react_stack_bottom_frame (/Users/benmaderazo/Code/claude-mermaid-collab/ui/node_modules/[4mreact-dom[24m/cjs/react-dom-client.development.js:25989:20)
}
An update to App inside a test was not wrapped in act(...).

When testing, code that causes React state updates should be wrapped into act(...):

act(() => {
  /* fire events that update state */
});
/* assert on the output */

This ensures that you're testing the behavior the user would see in the browser. Learn more at https://react.dev/link/wrap-tests-with-act
An update to App inside a test was not wrapped in act(...).

When testing, code that causes React state updates should be wrapped into act(...):

act(() => {
  /* fire events that update state */
});
/* assert on the output */

This ensures that you're testing the behavior the user would see in the browser. Learn more at https://react.dev/link/wrap-tests-with-act
An update to ConnectingConsole inside a test was not wrapped in act(...).

When testing, code that causes React state updates should be wrapped into act(...):

act(() => {
  /* fire events that update state */
});
/* assert on the output */

This ensures that you're testing the behavior the user would see in the browser. Learn more at https://react.dev/link/wrap-tests-with-act
An update to ConnectingConsole inside a test was not wrapped in act(...).

When testing, code that causes React state updates should be wrapped into act(...):

act(() => {
  /* fire events that update state */
});
/* assert on the output */

This ensures that you're testing the behavior the user would see in the browser. Learn more at https://react.dev/link/wrap-tests-with-act

stderr | src/App.test.tsx > App Component > Layout Structure > should have main content area below header
WARNING: Panel defaultSize prop recommended to avoid layout shift after server rendering
Notification API not available
Failed to load projects: TypeError: Failed to parse URL from /api/projects
[90m    at node:internal/deps/undici/undici:15845:13[39m
    at [90m/Users/benmaderazo/Code/claude-mermaid-collab/.collab/agent-sessions/worktrees/leaf-exec-cde0f2bc/ui/[39msrc/App.tsx:465:24 {
  [cause]: TypeError: Invalid URL: /api/projects
      at new URLImpl (/Users/benmaderazo/Code/claude-mermaid-collab/ui/node_modules/[4mwhatwg-url[24m/lib/URL-impl.js:20:13)
      at Object.exports.setup (/Users/benmaderazo/Code/claude-mermaid-collab/ui/node_modules/[4mwhatwg-url[24m/lib/URL.js:54:12)
      at new URL (/Users/benmaderazo/Code/claude-mermaid-collab/ui/node_modules/[4mwhatwg-url[24m/lib/URL.js:115:22)
  [90m    at new Request (node:internal/deps/undici/undici:10413:25)[39m
  [90m    at fetch (node:internal/deps/undici/undici:11325:25)[39m
  [90m    at fetch (node:internal/deps/undici/undici:15843:10)[39m
  [90m    at fetch (node:internal/bootstrap/web/exposed-window-or-worker:83:12)[39m
      at [90m/Users/benmaderazo/Code/claude-mermaid-collab/.collab/agent-sessions/worktrees/leaf-exec-cde0f2bc/ui/[39msrc/App.tsx:465:30
      at [90m/Users/benmaderazo/Code/claude-mermaid-collab/.collab/agent-sessions/worktrees/leaf-exec-cde0f2bc/ui/[39msrc/App.tsx:1342:21
      at Object.react_stack_bottom_frame (/Users/benmaderazo/Code/claude-mermaid-collab/ui/node_modules/[4mreact-dom[24m/cjs/react-dom-client.development.js:25989:20)
}
An update to App inside a test was not wrapped in act(...).

When testing, code that causes React state updates should be wrapped into act(...):

act(() => {
  /* fire events that update state */
});
/* assert on the output */

This ensures that you're testing the behavior the user would see in the browser. Learn more at https://react.dev/link/wrap-tests-with-act
An update to App inside a test was not wrapped in act(...).

When testing, code that causes React state updates should be wrapped into act(...):

act(() => {
  /* fire events that update state */
});
/* assert on the output */

This ensures that you're testing the behavior the user would see in the browser. Learn more at https://react.dev/link/wrap-tests-with-act
An update to ConnectingConsole inside a test was not wrapped in act(...).

When testing, code that causes React state updates should be wrapped into act(...):

act(() => {
  /* fire events that update state */
});
/* assert on the output */

This ensures that you're testing the behavior the user would see in the browser. Learn more at https://react.dev/link/wrap-tests-with-act
An update to ConnectingConsole inside a test was not wrapped in act(...).

When testing, code that causes React state updates should be wrapped into act(...):

act(() => {
  /* fire events that update state */
});
/* assert on the output */

This ensures that you're testing the behavior the user would see in the browser. Learn more at https://react.dev/link/wrap-tests-with-act

stderr | src/App.test.tsx > App Component > Layout Structure > should have sidebar on left side
WARNING: Panel defaultSize prop recommended to avoid layout shift after server rendering
Notification API not available
Failed to load projects: TypeError: Failed to parse URL from /api/projects
[90m    at node:internal/deps/undici/undici:15845:13[39m
    at [90m/Users/benmaderazo/Code/claude-mermaid-collab/.collab/agent-sessions/worktrees/leaf-exec-cde0f2bc/ui/[39msrc/App.tsx:465:24 {
  [cause]: TypeError: Invalid URL: /api/projects
      at new URLImpl (/Users/benmaderazo/Code/claude-mermaid-collab/ui/node_modules/[4mwhatwg-url[24m/lib/URL-impl.js:20:13)
      at Object.exports.setup (/Users/benmaderazo/Code/claude-mermaid-collab/ui/node_modules/[4mwhatwg-url[24m/lib/URL.js:54:12)
      at new URL (/Users/benmaderazo/Code/claude-mermaid-collab/ui/node_modules/[4mwhatwg-url[24m/lib/URL.js:115:22)
  [90m    at new Request (node:internal/deps/undici/undici:10413:25)[39m
  [90m    at fetch (node:internal/deps/undici/undici:11325:25)[39m
  [90m    at fetch (node:internal/deps/undici/undici:15843:10)[39m
  [90m    at fetch (node:internal/bootstrap/web/exposed-window-or-worker:83:12)[39m
      at [90m/Users/benmaderazo/Code/claude-mermaid-collab/.collab/agent-sessions/worktrees/leaf-exec-cde0f2bc/ui/[39msrc/App.tsx:465:30
      at [90m/Users/benmaderazo/Code/claude-mermaid-collab/.collab/agent-sessions/worktrees/leaf-exec-cde0f2bc/ui/[39msrc/App.tsx:1342:21
      at Object.react_stack_bottom_frame (/Users/benmaderazo/Code/claude-mermaid-collab/ui/node_modules/[4mreact-dom[24m/cjs/react-dom-client.development.js:25989:20)
}
An update to App inside a test was not wrapped in act(...).

When testing, code that causes React state updates should be wrapped into act(...):

act(() => {
  /* fire events that update state */
});
/* assert on the output */

This ensures that you're testing the behavior the user would see in the browser. Learn more at https://react.dev/link/wrap-tests-with-act
An update to App inside a test was not wrapped in act(...).

When testing, code that causes React state updates should be wrapped into act(...):

act(() => {
  /* fire events that update state */
});
/* assert on the output */

This ensures that you're testing the behavior the user would see in the browser. Learn more at https://react.dev/link/wrap-tests-with-act
An update to ConnectingConsole inside a test was not wrapped in act(...).

When testing, code that causes React state updates should be wrapped into act(...):

act(() => {
  /* fire events that update state */
});
/* assert on the output */

This ensures that you're testing the behavior the user would see in the browser. Learn more at https://react.dev/link/wrap-tests-with-act
An update to ConnectingConsole inside a test was not wrapped in act(...).

When testing, code that causes React state updates should be wrapped into act(...):

act(() => {
  /* fire events that update state */
});
/* assert on the output */

This ensures that you're testing the behavior the user would see in the browser. Learn more at https://react.dev/link/wrap-tests-with-act

stderr | src/App.test.tsx > App Component > Responsive Design > should have responsive classes applied
WARNING: Panel defaultSize prop recommended to avoid layout shift after server rendering
Notification API not available
Failed to load projects: TypeError: Failed to parse URL from /api/projects
[90m    at node:internal/deps/undici/undici:15845:13[39m
    at [90m/Users/benmaderazo/Code/claude-mermaid-collab/.collab/agent-sessions/worktrees/leaf-exec-cde0f2bc/ui/[39msrc/App.tsx:465:24 {
  [cause]: TypeError: Invalid URL: /api/projects
      at new URLImpl (/Users/benmaderazo/Code/claude-mermaid-collab/ui/node_modules/[4mwhatwg-url[24m/lib/URL-impl.js:20:13)
      at Object.exports.setup (/Users/benmaderazo/Code/claude-mermaid-collab/ui/node_modules/[4mwhatwg-url[24m/lib/URL.js:54:12)
      at new URL (/Users/benmaderazo/Code/claude-mermaid-collab/ui/node_modules/[4mwhatwg-url[24m/lib/URL.js:115:22)
  [90m    at new Request (node:internal/deps/undici/undici:10413:25)[39m
  [90m    at fetch (node:internal/deps/undici/undici:11325:25)[39m
  [90m    at fetch (node:internal/deps/undici/undici:15843:10)[39m
  [90m    at fetch (node:internal/bootstrap/web/exposed-window-or-worker:83:12)[39m
      at [90m/Users/benmaderazo/Code/claude-mermaid-collab/.collab/agent-sessions/worktrees/leaf-exec-cde0f2bc/ui/[39msrc/App.tsx:465:30
      at [90m/Users/benmaderazo/Code/claude-mermaid-collab/.collab/agent-sessions/worktrees/leaf-exec-cde0f2bc/ui/[39msrc/App.tsx:1342:21
      at Object.react_stack_bottom_frame (/Users/benmaderazo/Code/claude-mermaid-collab/ui/node_modules/[4mreact-dom[24m/cjs/react-dom-client.development.js:25989:20)
}
An update to App inside a test was not wrapped in act(...).

When testing, code that causes React state updates should be wrapped into act(...):

act(() => {
  /* fire events that update state */
});
/* assert on the output */

This ensures that you're testing the behavior the user would see in the browser. Learn more at https://react.dev/link/wrap-tests-with-act
An update to App inside a test was not wrapped in act(...).

When testing, code that causes React state updates should be wrapped into act(...):

act(() => {
  /* fire events that update state */
});
/* assert on the output */

This ensures that you're testing the behavior the user would see in the browser. Learn more at https://react.dev/link/wrap-tests-with-act
An update to ConnectingConsole inside a test was not wrapped in act(...).

When testing, code that causes React state updates should be wrapped into act(...):

act(() => {
  /* fire events that update state */
});
/* assert on the output */

This ensures that you're testing the behavior the user would see in the browser. Learn more at https://react.dev/link/wrap-tests-with-act
An update to ConnectingConsole inside a test was not wrapped in act(...).

When testing, code that causes React state updates should be wrapped into act(...):

act(() => {
  /* fire events that update state */
});
/* assert on the output */

This ensures that you're testing the behavior the user would see in the browser. Learn more at https://react.dev/link/wrap-tests-with-act

stderr | src/App.test.tsx > App Component > Responsive Design > should support dark mode classes
WARNING: Panel defaultSize prop recommended to avoid layout shift after server rendering
Notification API not available
Failed to load projects: TypeError: Failed to parse URL from /api/projects
[90m    at node:internal/deps/undici/undici:15845:13[39m
    at [90m/Users/benmaderazo/Code/claude-mermaid-collab/.collab/agent-sessions/worktrees/leaf-exec-cde0f2bc/ui/[39msrc/App.tsx:465:24 {
  [cause]: TypeError: Invalid URL: /api/projects
      at new URLImpl (/Users/benmaderazo/Code/claude-mermaid-collab/ui/node_modules/[4mwhatwg-url[24m/lib/URL-impl.js:20:13)
      at Object.exports.setup (/Users/benmaderazo/Code/claude-mermaid-collab/ui/node_modules/[4mwhatwg-url[24m/lib/URL.js:54:12)
      at new URL (/Users/benmaderazo/Code/claude-mermaid-collab/ui/node_modules/[4mwhatwg-url[24m/lib/URL.js:115:22)
  [90m    at new Request (node:internal/deps/undici/undici:10413:25)[39m
  [90m    at fetch (node:internal/deps/undici/undici:11325:25)[39m
  [90m    at fetch (node:internal/deps/undici/undici:15843:10)[39m
  [90m    at fetch (node:internal/bootstrap/web/exposed-window-or-worker:83:12)[39m
      at [90m/Users/benmaderazo/Code/claude-mermaid-collab/.collab/agent-sessions/worktrees/leaf-exec-cde0f2bc/ui/[39msrc/App.tsx:465:30
      at [90m/Users/benmaderazo/Code/claude-mermaid-collab/.collab/agent-sessions/worktrees/leaf-exec-cde0f2bc/ui/[39msrc/App.tsx:1342:21
      at Object.react_stack_bottom_frame (/Users/benmaderazo/Code/claude-mermaid-collab/ui/node_modules/[4mreact-dom[24m/cjs/react-dom-client.development.js:25989:20)
}
An update to App inside a test was not wrapped in act(...).

When testing, code that causes React state updates should be wrapped into act(...):

act(() => {
  /* fire events that update state */
});
/* assert on the output */

This ensures that you're testing the behavior the user would see in the browser. Learn more at https://react.dev/link/wrap-tests-with-act
An update to App inside a test was not wrapped in act(...).

When testing, code that causes React state updates should be wrapped into act(...):

act(() => {
  /* fire events that update state */
});
/* assert on the output */

This ensures that you're testing the behavior the user would see in the browser. Learn more at https://react.dev/link/wrap-tests-with-act
An update to ConnectingConsole inside a test was not wrapped in act(...).

When testing, code that causes React state updates should be wrapped into act(...):

act(() => {
  /* fire events that update state */
});
/* assert on the output */

This ensures that you're testing the behavior the user would see in the browser. Learn more at https://react.dev/link/wrap-tests-with-act
An update to ConnectingConsole inside a test was not wrapped in act(...).

When testing, code that causes React state updates should be wrapped into act(...):

act(() => {
  /* fire events that update state */
});
/* assert on the output */

This ensures that you're testing the behavior the user would see in the browser. Learn more at https://react.dev/link/wrap-tests-with-act

stderr | src/App.test.tsx > App Component > Accessibility > should have semantic HTML structure
WARNING: Panel defaultSize prop recommended to avoid layout shift after server rendering
Notification API not available
Failed to load projects: TypeError: Failed to parse URL from /api/projects
[90m    at node:internal/deps/undici/undici:15845:13[39m
    at [90m/Users/benmaderazo/Code/claude-mermaid-collab/.collab/agent-sessions/worktrees/leaf-exec-cde0f2bc/ui/[39msrc/App.tsx:465:24 {
  [cause]: TypeError: Invalid URL: /api/projects
      at new URLImpl (/Users/benmaderazo/Code/claude-mermaid-collab/ui/node_modules/[4mwhatwg-url[24m/lib/URL-impl.js:20:13)
      at Object.exports.setup (/Users/benmaderazo/Code/claude-mermaid-collab/ui/node_modules/[4mwhatwg-url[24m/lib/URL.js:54:12)
      at new URL (/Users/benmaderazo/Code/claude-mermaid-collab/ui/node_modules/[4mwhatwg-url[24m/lib/URL.js:115:22)
  [90m    at new Request (node:internal/deps/undici/undici:10413:25)[39m
  [90m    at fetch (node:internal/deps/undici/undici:11325:25)[39m
  [90m    at fetch (node:internal/deps/undici/undici:15843:10)[39m
  [90m    at fetch (node:internal/bootstrap/web/exposed-window-or-worker:83:12)[39m
      at [90m/Users/benmaderazo/Code/claude-mermaid-collab/.collab/agent-sessions/worktrees/leaf-exec-cde0f2bc/ui/[39msrc/App.tsx:465:30
      at [90m/Users/benmaderazo/Code/claude-mermaid-collab/.collab/agent-sessions/worktrees/leaf-exec-cde0f2bc/ui/[39msrc/App.tsx:1342:21
      at Object.react_stack_bottom_frame (/Users/benmaderazo/Code/claude-mermaid-collab/ui/node_modules/[4mreact-dom[24m/cjs/react-dom-client.development.js:25989:20)
}
An update to App inside a test was not wrapped in act(...).

When testing, code that causes React state updates should be wrapped into act(...):

act(() => {
  /* fire events that update state */
});
/* assert on the output */

This ensures that you're testing the behavior the user would see in the browser. Learn more at https://react.dev/link/wrap-tests-with-act
An update to App inside a test was not wrapped in act(...).

When testing, code that causes React state updates should be wrapped into act(...):

act(() => {
  /* fire events that update state */
});
/* assert on the output */

This ensures that you're testing the behavior the user would see in the browser. Learn more at https://react.dev/link/wrap-tests-with-act
An update to ConnectingConsole inside a test was not wrapped in act(...).

When testing, code that causes React state updates should be wrapped into act(...):

act(() => {
  /* fire events that update state */
});
/* assert on the output */

This ensures that you're testing the behavior the user would see in the browser. Learn more at https://react.dev/link/wrap-tests-with-act
An update to ConnectingConsole inside a test was not wrapped in act(...).

When testing, code that causes React state updates should be wrapped into act(...):

act(() => {
  /* fire events that update state */
});
/* assert on the output */

This ensures that you're testing the behavior the user would see in the browser. Learn more at https://react.dev/link/wrap-tests-with-act

stderr | src/App.test.tsx > App Component > Accessibility > should have proper heading hierarchy
WARNING: Panel defaultSize prop recommended to avoid layout shift after server rendering
Notification API not available
Failed to load projects: TypeError: Failed to parse URL from /api/projects
[90m    at node:internal/deps/undici/undici:15845:13[39m
    at [90m/Users/benmaderazo/Code/claude-mermaid-collab/.collab/agent-sessions/worktrees/leaf-exec-cde0f2bc/ui/[39msrc/App.tsx:465:24 {
  [cause]: TypeError: Invalid URL: /api/projects
      at new URLImpl (/Users/benmaderazo/Code/claude-mermaid-collab/ui/node_modules/[4mwhatwg-url[24m/lib/URL-impl.js:20:13)
      at Object.exports.setup (/Users/benmaderazo/Code/claude-mermaid-collab/ui/node_modules/[4mwhatwg-url[24m/lib/URL.js:54:12)
      at new URL (/Users/benmaderazo/Code/claude-mermaid-collab/ui/node_modules/[4mwhatwg-url[24m/lib/URL.js:115:22)
  [90m    at new Request (node:internal/deps/undici/undici:10413:25)[39m
  [90m    at fetch (node:internal/deps/undici/undici:11325:25)[39m
  [90m    at fetch (node:internal/deps/undici/undici:15843:10)[39m
  [90m    at fetch (node:internal/bootstrap/web/exposed-window-or-worker:83:12)[39m
      at [90m/Users/benmaderazo/Code/claude-mermaid-collab/.collab/agent-sessions/worktrees/leaf-exec-cde0f2bc/ui/[39msrc/App.tsx:465:30
      at [90m/Users/benmaderazo/Code/claude-mermaid-collab/.collab/agent-sessions/worktrees/leaf-exec-cde0f2bc/ui/[39msrc/App.tsx:1342:21
      at Object.react_stack_bottom_frame (/Users/benmaderazo/Code/claude-mermaid-collab/ui/node_modules/[4mreact-dom[24m/cjs/react-dom-client.development.js:25989:20)
}
An update to App inside a test was not wrapped in act(...).

When testing, code that causes React state updates should be wrapped into act(...):

act(() => {
  /* fire events that update state */
});
/* assert on the output */

This ensures that you're testing the behavior the user would see in the browser. Learn more at https://react.dev/link/wrap-tests-with-act
An update to App inside a test was not wrapped in act(...).

When testing, code that causes React state updates should be wrapped into act(...):

act(() => {
  /* fire events that update state */
});
/* assert on the output */

This ensures that you're testing the behavior the user would see in the browser. Learn more at https://react.dev/link/wrap-tests-with-act
An update to ConnectingConsole inside a test was not wrapped in act(...).

When testing, code that causes React state updates should be wrapped into act(...):

act(() => {
  /* fire events that update state */
});
/* assert on the output */

This ensures that you're testing the behavior the user would see in the browser. Learn more at https://react.dev/link/wrap-tests-with-act
An update to ConnectingConsole inside a test was not wrapped in act(...).

When testing, code that causes React state updates should be wrapped into act(...):

act(() => {
  /* fire events that update state */
});
/* assert on the output */

This ensures that you're testing the behavior the user would see in the browser. Learn more at https://react.dev/link/wrap-tests-with-act

stderr | src/App.test.tsx > App Component > Store Integration > should initialize with default UI state
WARNING: Panel defaultSize prop recommended to avoid layout shift after server rendering
Notification API not available
Failed to load projects: TypeError: Failed to parse URL from /api/projects
[90m    at node:internal/deps/undici/undici:15845:13[39m
    at [90m/Users/benmaderazo/Code/claude-mermaid-collab/.collab/agent-sessions/worktrees/leaf-exec-cde0f2bc/ui/[39msrc/App.tsx:465:24 {
  [cause]: TypeError: Invalid URL: /api/projects
      at new URLImpl (/Users/benmaderazo/Code/claude-mermaid-collab/ui/node_modules/[4mwhatwg-url[24m/lib/URL-impl.js:20:13)
      at Object.exports.setup (/Users/benmaderazo/Code/claude-mermaid-collab/ui/node_modules/[4mwhatwg-url[24m/lib/URL.js:54:12)
      at new URL (/Users/benmaderazo/Code/claude-mermaid-collab/ui/node_modules/[4mwhatwg-url[24m/lib/URL.js:115:22)
  [90m    at new Request (node:internal/deps/undici/undici:10413:25)[39m
  [90m    at fetch (node:internal/deps/undici/undici:11325:25)[39m
  [90m    at fetch (node:internal/deps/undici/undici:15843:10)[39m
  [90m    at fetch (node:internal/bootstrap/web/exposed-window-or-worker:83:12)[39m
      at [90m/Users/benmaderazo/Code/claude-mermaid-collab/.collab/agent-sessions/worktrees/leaf-exec-cde0f2bc/ui/[39msrc/App.tsx:465:30
      at [90m/Users/benmaderazo/Code/claude-mermaid-collab/.collab/agent-sessions/worktrees/leaf-exec-cde0f2bc/ui/[39msrc/App.tsx:1342:21
      at Object.react_stack_bottom_frame (/Users/benmaderazo/Code/claude-mermaid-collab/ui/node_modules/[4mreact-dom[24m/cjs/react-dom-client.development.js:25989:20)
}
An update to App inside a test was not wrapped in act(...).

When testing, code that causes React state updates should be wrapped into act(...):

act(() => {
  /* fire events that update state */
});
/* assert on the output */

This ensures that you're testing the behavior the user would see in the browser. Learn more at https://react.dev/link/wrap-tests-with-act
An update to App inside a test was not wrapped in act(...).

When testing, code that causes React state updates should be wrapped into act(...):

act(() => {
  /* fire events that update state */
});
/* assert on the output */

This ensures that you're testing the behavior the user would see in the browser. Learn more at https://react.dev/link/wrap-tests-with-act
An update to ConnectingConsole inside a test was not wrapped in act(...).

When testing, code that causes React state updates should be wrapped into act(...):

act(() => {
  /* fire events that update state */
});
/* assert on the output */

This ensures that you're testing the behavior the user would see in the browser. Learn more at https://react.dev/link/wrap-tests-with-act
An update to ConnectingConsole inside a test was not wrapped in act(...).

When testing, code that causes React state updates should be wrapped into act(...):

act(() => {
  /* fire events that update state */
});
/* assert on the output */

This ensures that you're testing the behavior the user would see in the browser. Learn more at https://react.dev/link/wrap-tests-with-act

stderr | src/App.test.tsx > App Component > Store Integration > should manage session state
WARNING: Panel defaultSize prop recommended to avoid layout shift after server rendering
Notification API not available
Failed to load projects: TypeError: Failed to parse URL from /api/projects
[90m    at node:internal/deps/undici/undici:15845:13[39m
    at [90m/Users/benmaderazo/Code/claude-mermaid-collab/.collab/agent-sessions/worktrees/leaf-exec-cde0f2bc/ui/[39msrc/App.tsx:465:24 {
  [cause]: TypeError: Invalid URL: /api/projects
      at new URLImpl (/Users/benmaderazo/Code/claude-mermaid-collab/ui/node_modules/[4mwhatwg-url[24m/lib/URL-impl.js:20:13)
      at Object.exports.setup (/Users/benmaderazo/Code/claude-mermaid-collab/ui/node_modules/[4mwhatwg-url[24m/lib/URL.js:54:12)
      at new URL (/Users/benmaderazo/Code/claude-mermaid-collab/ui/node_modules/[4mwhatwg-url[24m/lib/URL.js:115:22)
  [90m    at new Request (node:internal/deps/undici/undici:10413:25)[39m
  [90m    at fetch (node:internal/deps/undici/undici:11325:25)[39m
  [90m    at fetch (node:internal/deps/undici/undici:15843:10)[39m
  [90m    at fetch (node:internal/bootstrap/web/exposed-window-or-worker:83:12)[39m
      at [90m/Users/benmaderazo/Code/claude-mermaid-collab/.collab/agent-sessions/worktrees/leaf-exec-cde0f2bc/ui/[39msrc/App.tsx:465:30
      at [90m/Users/benmaderazo/Code/claude-mermaid-collab/.collab/agent-sessions/worktrees/leaf-exec-cde0f2bc/ui/[39msrc/App.tsx:1342:21
      at Object.react_stack_bottom_frame (/Users/benmaderazo/Code/claude-mermaid-collab/ui/node_modules/[4mreact-dom[24m/cjs/react-dom-client.development.js:25989:20)
}
An update to App inside a test was not wrapped in act(...).

When testing, code that causes React state updates should be wrapped into act(...):

act(() => {
  /* fire events that update state */
});
/* assert on the output */

This ensures that you're testing the behavior the user would see in the browser. Learn more at https://react.dev/link/wrap-tests-with-act
An update to App inside a test was not wrapped in act(...).

When testing, code that causes React state updates should be wrapped into act(...):

act(() => {
  /* fire events that update state */
});
/* assert on the output */

This ensures that you're testing the behavior the user would see in the browser. Learn more at https://react.dev/link/wrap-tests-with-act
An update to ConnectingConsole inside a test was not wrapped in act(...).

When testing, code that causes React state updates should be wrapped into act(...):

act(() => {
  /* fire events that update state */
});
/* assert on the output */

This ensures that you're testing the behavior the user would see in the browser. Learn more at https://react.dev/link/wrap-tests-with-act
An update to ConnectingConsole inside a test was not wrapped in act(...).

When testing, code that causes React state updates should be wrapped into act(...):

act(() => {
  /* fire events that update state */
});
/* assert on the output */

This ensures that you're testing the behavior the user would see in the browser. Learn more at https://react.dev/link/wrap-tests-with-act

stderr | src/App.test.tsx > App Component > Content Rendering > should render main content area
WARNING: Panel defaultSize prop recommended to avoid layout shift after server rendering
Notification API not available
Failed to load projects: TypeError: Failed to parse URL from /api/projects
[90m    at node:internal/deps/undici/undici:15845:13[39m
    at [90m/Users/benmaderazo/Code/claude-mermaid-collab/.collab/agent-sessions/worktrees/leaf-exec-cde0f2bc/ui/[39msrc/App.tsx:465:24 {
  [cause]: TypeError: Invalid URL: /api/projects
      at new URLImpl (/Users/benmaderazo/Code/claude-mermaid-collab/ui/node_modules/[4mwhatwg-url[24m/lib/URL-impl.js:20:13)
      at Object.exports.setup (/Users/benmaderazo/Code/claude-mermaid-collab/ui/node_modules/[4mwhatwg-url[24m/lib/URL.js:54:12)
      at new URL (/Users/benmaderazo/Code/claude-mermaid-collab/ui/node_modules/[4mwhatwg-url[24m/lib/URL.js:115:22)
  [90m    at new Request (node:internal/deps/undici/undici:10413:25)[39m
  [90m    at fetch (node:internal/deps/undici/undici:11325:25)[39m
  [90m    at fetch (node:internal/deps/undici/undici:15843:10)[39m
  [90m    at fetch (node:internal/bootstrap/web/exposed-window-or-worker:83:12)[39m
      at [90m/Users/benmaderazo/Code/claude-mermaid-collab/.collab/agent-sessions/worktrees/leaf-exec-cde0f2bc/ui/[39msrc/App.tsx:465:30
      at [90m/Users/benmaderazo/Code/claude-mermaid-collab/.collab/agent-sessions/worktrees/leaf-exec-cde0f2bc/ui/[39msrc/App.tsx:1342:21
      at Object.react_stack_bottom_frame (/Users/benmaderazo/Code/claude-mermaid-collab/ui/node_modules/[4mreact-dom[24m/cjs/react-dom-client.development.js:25989:20)
}
An update to App inside a test was not wrapped in act(...).

When testing, code that causes React state updates should be wrapped into act(...):

act(() => {
  /* fire events that update state */
});
/* assert on the output */

This ensures that you're testing the behavior the user would see in the browser. Learn more at https://react.dev/link/wrap-tests-with-act
An update to App inside a test was not wrapped in act(...).

When testing, code that causes React state updates should be wrapped into act(...):

act(() => {
  /* fire events that update state */
});
/* assert on the output */

This ensures that you're testing the behavior the user would see in the browser. Learn more at https://react.dev/link/wrap-tests-with-act
An update to ConnectingConsole inside a test was not wrapped in act(...).

When testing, code that causes React state updates should be wrapped into act(...):

act(() => {
  /* fire events that update state */
});
/* assert on the output */

This ensures that you're testing the behavior the user would see in the browser. Learn more at https://react.dev/link/wrap-tests-with-act
An update to ConnectingConsole inside a test was not wrapped in act(...).

When testing, code that causes React state updates should be wrapped into act(...):

act(() => {
  /* fire events that update state */
});
/* assert on the output */

This ensures that you're testing the behavior the user would see in the browser. Learn more at https://react.dev/link/wrap-tests-with-act

stderr | src/App.test.tsx > App Component > Content Rendering > should have proper spacing and layout
WARNING: Panel defaultSize prop recommended to avoid layout shift after server rendering
Notification API not available
Failed to load projects: TypeError: Failed to parse URL from /api/projects
[90m    at node:internal/deps/undici/undici:15845:13[39m
    at [90m/Users/benmaderazo/Code/claude-mermaid-collab/.collab/agent-sessions/worktrees/leaf-exec-cde0f2bc/ui/[39msrc/App.tsx:465:24 {
  [cause]: TypeError: Invalid URL: /api/projects
      at new URLImpl (/Users/benmaderazo/Code/claude-mermaid-collab/ui/node_modules/[4mwhatwg-url[24m/lib/URL-impl.js:20:13)
      at Object.exports.setup (/Users/benmaderazo/Code/claude-mermaid-collab/ui/node_modules/[4mwhatwg-url[24m/lib/URL.js:54:12)
      at new URL (/Users/benmaderazo/Code/claude-mermaid-collab/ui/node_modules/[4mwhatwg-url[24m/lib/URL.js:115:22)
  [90m    at new Request (node:internal/deps/undici/undici:10413:25)[39m
  [90m    at fetch (node:internal/deps/undici/undici:11325:25)[39m
  [90m    at fetch (node:internal/deps/undici/undici:15843:10)[39m
  [90m    at fetch (node:internal/bootstrap/web/exposed-window-or-worker:83:12)[39m
      at [90m/Users/benmaderazo/Code/claude-mermaid-collab/.collab/agent-sessions/worktrees/leaf-exec-cde0f2bc/ui/[39msrc/App.tsx:465:30
      at [90m/Users/benmaderazo/Code/claude-mermaid-collab/.collab/agent-sessions/worktrees/leaf-exec-cde0f2bc/ui/[39msrc/App.tsx:1342:21
      at Object.react_stack_bottom_frame (/Users/benmaderazo/Code/claude-mermaid-collab/ui/node_modules/[4mreact-dom[24m/cjs/react-dom-client.development.js:25989:20)
}
An update to App inside a test was not wrapped in act(...).

When testing, code that causes React state updates should be wrapped into act(...):

act(() => {
  /* fire events that update state */
});
/* assert on the output */

This ensures that you're testing the behavior the user would see in the browser. Learn more at https://react.dev/link/wrap-tests-with-act
An update to App inside a test was not wrapped in act(...).

When testing, code that causes React state updates should be wrapped into act(...):

act(() => {
  /* fire events that update state */
});
/* assert on the output */

This ensures that you're testing the behavior the user would see in the browser. Learn more at https://react.dev/link/wrap-tests-with-act
An update to ConnectingConsole inside a test was not wrapped in act(...).

When testing, code that causes React state updates should be wrapped into act(...):

act(() => {
  /* fire events that update state */
});
/* assert on the output */

This ensures that you're testing the behavior the user would see in the browser. Learn more at https://react.dev/link/wrap-tests-with-act
An update to ConnectingConsole inside a test was not wrapped in act(...).

When testing, code that causes React state updates should be wrapped into act(...):

act(() => {
  /* fire events that update state */
});
/* assert on the output */

This ensures that you're testing the behavior the user would see in the browser. Learn more at https://react.dev/link/wrap-tests-with-act

stderr | src/App.test.tsx > App Component > Item 4: Type Switch Content Sync Fix > should use useMemo for effectiveContent to avoid race conditions
WARNING: Panel defaultSize prop recommended to avoid layout shift after server rendering
Notification API not available
Failed to load projects: TypeError: Failed to parse URL from /api/projects
[90m    at node:internal/deps/undici/undici:15845:13[39m
    at [90m/Users/benmaderazo/Code/claude-mermaid-collab/.collab/agent-sessions/worktrees/leaf-exec-cde0f2bc/ui/[39msrc/App.tsx:465:24 {
  [cause]: TypeError: Invalid URL: /api/projects
      at new URLImpl (/Users/benmaderazo/Code/claude-mermaid-collab/ui/node_modules/[4mwhatwg-url[24m/lib/URL-impl.js:20:13)
      at Object.exports.setup (/Users/benmaderazo/Code/claude-mermaid-collab/ui/node_modules/[4mwhatwg-url[24m/lib/URL.js:54:12)
      at new URL (/Users/benmaderazo/Code/claude-mermaid-collab/ui/node_modules/[4mwhatwg-url[24m/lib/URL.js:115:22)
  [90m    at new Request (node:internal/deps/undici/undici:10413:25)[39m
  [90m    at fetch (node:internal/deps/undici/undici:11325:25)[39m
  [90m    at fetch (node:internal/deps/undici/undici:15843:10)[39m
  [90m    at fetch (node:internal/bootstrap/web/exposed-window-or-worker:83:12)[39m
      at [90m/Users/benmaderazo/Code/claude-mermaid-collab/.collab/agent-sessions/worktrees/leaf-exec-cde0f2bc/ui/[39msrc/App.tsx:465:30
      at [90m/Users/benmaderazo/Code/claude-mermaid-collab/.collab/agent-sessions/worktrees/leaf-exec-cde0f2bc/ui/[39msrc/App.tsx:1342:21
      at Object.react_stack_bottom_frame (/Users/benmaderazo/Code/claude-mermaid-collab/ui/node_modules/[4mreact-dom[24m/cjs/react-dom-client.development.js:25989:20)
}
An update to App inside a test was not wrapped in act(...).

When testing, code that causes React state updates should be wrapped into act(...):

act(() => {
  /* fire events that update state */
});
/* assert on the output */

This ensures that you're testing the behavior the user would see in the browser. Learn more at https://react.dev/link/wrap-tests-with-act
An update to App inside a test was not wrapped in act(...).

When testing, code that causes React state updates should be wrapped into act(...):

act(() => {
  /* fire events that update state */
});
/* assert on the output */

This ensures that you're testing the behavior the user would see in the browser. Learn more at https://react.dev/link/wrap-tests-with-act
An update to ConnectingConsole inside a test was not wrapped in act(...).

When testing, code that causes React state updates should be wrapped into act(...):

act(() => {
  /* fire events that update state */
});
/* assert on the output */

This ensures that you're testing the behavior the user would see in the browser. Learn more at https://react.dev/link/wrap-tests-with-act
An update to ConnectingConsole inside a test was not wrapped in act(...).

When testing, code that causes React state updates should be wrapped into act(...):

act(() => {
  /* fire events that update state */
});
/* assert on the output */

This ensures that you're testing the behavior the user would see in the browser. Learn more at https://react.dev/link/wrap-tests-with-act

stderr | src/App.test.tsx > App Component > Item 6: Rotate Button Callback > should render EditorToolbar component
WARNING: Panel defaultSize prop recommended to avoid layout shift after server rendering
Notification API not available
Failed to load projects: TypeError: Failed to parse URL from /api/projects
[90m    at node:internal/deps/undici/undici:15845:13[39m
    at [90m/Users/benmaderazo/Code/claude-mermaid-collab/.collab/agent-sessions/worktrees/leaf-exec-cde0f2bc/ui/[39msrc/App.tsx:465:24 {
  [cause]: TypeError: Invalid URL: /api/projects
      at new URLImpl (/Users/benmaderazo/Code/claude-mermaid-collab/ui/node_modules/[4mwhatwg-url[24m/lib/URL-impl.js:20:13)
      at Object.exports.setup (/Users/benmaderazo/Code/claude-mermaid-collab/ui/node_modules/[4mwhatwg-url[24m/lib/URL.js:54:12)
      at new URL (/Users/benmaderazo/Code/claude-mermaid-collab/ui/node_modules/[4mwhatwg-url[24m/lib/URL.js:115:22)
  [90m    at new Request (node:internal/deps/undici/undici:10413:25)[39m
  [90m    at fetch (node:internal/deps/undici/undici:11325:25)[39m
  [90m    at fetch (node:internal/deps/undici/undici:15843:10)[39m
  [90m    at fetch (node:internal/bootstrap/web/exposed-window-or-worker:83:12)[39m
      at [90m/Users/benmaderazo/Code/claude-mermaid-collab/.collab/agent-sessions/worktrees/leaf-exec-cde0f2bc/ui/[39msrc/App.tsx:465:30
      at [90m/Users/benmaderazo/Code/claude-mermaid-collab/.collab/agent-sessions/worktrees/leaf-exec-cde0f2bc/ui/[39msrc/App.tsx:1342:21
      at Object.react_stack_bottom_frame (/Users/benmaderazo/Code/claude-mermaid-collab/ui/node_modules/[4mreact-dom[24m/cjs/react-dom-client.development.js:25989:20)
}
An update to App inside a test was not wrapped in act(...).

When testing, code that causes React state updates should be wrapped into act(...):

act(() => {
  /* fire events that update state */
});
/* assert on the output */

This ensures that you're testing the behavior the user would see in the browser. Learn more at https://react.dev/link/wrap-tests-with-act
An update to App inside a test was not wrapped in act(...).

When testing, code that causes React state updates should be wrapped into act(...):

act(() => {
  /* fire events that update state */
});
/* assert on the output */

This ensures that you're testing the behavior the user would see in the browser. Learn more at https://react.dev/link/wrap-tests-with-act
An update to ConnectingConsole inside a test was not wrapped in act(...).

When testing, code that causes React state updates should be wrapped into act(...):

act(() => {
  /* fire events that update state */
});
/* assert on the output */

This ensures that you're testing the behavior the user would see in the browser. Learn more at https://react.dev/link/wrap-tests-with-act
An update to ConnectingConsole inside a test was not wrapped in act(...).

When testing, code that causes React state updates should be wrapped into act(...):

act(() => {
  /* fire events that update state */
});
/* assert on the output */

This ensures that you're testing the behavior the user would see in the browser. Learn more at https://react.dev/link/wrap-tests-with-act

stderr | src/App.test.tsx > App Component > Item 3: Chat Integration > should render ChatToggle button
WARNING: Panel defaultSize prop recommended to avoid layout shift after server rendering
Notification API not available
Failed to load projects: TypeError: Failed to parse URL from /api/projects
[90m    at node:internal/deps/undici/undici:15845:13[39m
    at [90m/Users/benmaderazo/Code/claude-mermaid-collab/.collab/agent-sessions/worktrees/leaf-exec-cde0f2bc/ui/[39msrc/App.tsx:465:24 {
  [cause]: TypeError: Invalid URL: /api/projects
      at new URLImpl (/Users/benmaderazo/Code/claude-mermaid-collab/ui/node_modules/[4mwhatwg-url[24m/lib/URL-impl.js:20:13)
      at Object.exports.setup (/Users/benmaderazo/Code/claude-mermaid-collab/ui/node_modules/[4mwhatwg-url[24m/lib/URL.js:54:12)
      at new URL (/Users/benmaderazo/Code/claude-mermaid-collab/ui/node_modules/[4mwhatwg-url[24m/lib/URL.js:115:22)
  [90m    at new Request (node:internal/deps/undici/undici:10413:25)[39m
  [90m    at fetch (node:internal/deps/undici/undici:11325:25)[39m
  [90m    at fetch (node:internal/deps/undici/undici:15843:10)[39m
  [90m    at fetch (node:internal/bootstrap/web/exposed-window-or-worker:83:12)[39m
      at [90m/Users/benmaderazo/Code/claude-mermaid-collab/.collab/agent-sessions/worktrees/leaf-exec-cde0f2bc/ui/[39msrc/App.tsx:465:30
      at [90m/Users/benmaderazo/Code/claude-mermaid-collab/.collab/agent-sessions/worktrees/leaf-exec-cde0f2bc/ui/[39msrc/App.tsx:1342:21
      at Object.react_stack_bottom_frame (/Users/benmaderazo/Code/claude-mermaid-collab/ui/node_modules/[4mreact-dom[24m/cjs/react-dom-client.development.js:25989:20)
}
An update to App inside a test was not wrapped in act(...).

When testing, code that causes React state updates should be wrapped into act(...):

act(() => {
  /* fire events that update state */
});
/* assert on the output */

This ensures that you're testing the behavior the user would see in the browser. Learn more at https://react.dev/link/wrap-tests-with-act
An update to App inside a test was not wrapped in act(...).

When testing, code that causes React state updates should be wrapped into act(...):

act(() => {
  /* fire events that update state */
});
/* assert on the output */

This ensures that you're testing the behavior the user would see in the browser. Learn more at https://react.dev/link/wrap-tests-with-act
An update to ConnectingConsole inside a test was not wrapped in act(...).

When testing, code that causes React state updates should be wrapped into act(...):

act(() => {
  /* fire events that update state */
});
/* assert on the output */

This ensures that you're testing the behavior the user would see in the browser. Learn more at https://react.dev/link/wrap-tests-with-act
An update to ConnectingConsole inside a test was not wrapped in act(...).

When testing, code that causes React state updates should be wrapped into act(...):

act(() => {
  /* fire events that update state */
});
/* assert on the output */

This ensures that you're testing the behavior the user would see in the browser. Learn more at https://react.dev/link/wrap-tests-with-act

stderr | src/App.test.tsx > App Component > Item 3: Chat Integration > should render ChatDrawer component
WARNING: Panel defaultSize prop recommended to avoid layout shift after server rendering
Notification API not available
WARNING: Panel defaultSize prop recommended to avoid layout shift after server rendering
Notification API not available
Failed to load projects: TypeError: Failed to parse URL from /api/projects
[90m    at node:internal/deps/undici/undici:15845:13[39m
    at [90m/Users/benmaderazo/Code/claude-mermaid-collab/.collab/agent-sessions/worktrees/leaf-exec-cde0f2bc/ui/[39msrc/App.tsx:465:24 {
  [cause]: TypeError: Invalid URL: /api/projects
      at new URLImpl (/Users/benmaderazo/Code/claude-mermaid-collab/ui/node_modules/[4mwhatwg-url[24m/lib/URL-impl.js:20:13)
      at Object.exports.setup (/Users/benmaderazo/Code/claude-mermaid-collab/ui/node_modules/[4mwhatwg-url[24m/lib/URL.js:54:12)
      at new URL (/Users/benmaderazo/Code/claude-mermaid-collab/ui/node_modules/[4mwhatwg-url[24m/lib/URL.js:115:22)
  [90m    at new Request (node:internal/deps/undici/undici:10413:25)[39m
  [90m    at fetch (node:internal/deps/undici/undici:11325:25)[39m
  [90m    at fetch (node:internal/deps/undici/undici:15843:10)[39m
  [90m    at fetch (node:internal/bootstrap/web/exposed-window-or-worker:83:12)[39m
      at [90m/Users/benmaderazo/Code/claude-mermaid-collab/.collab/agent-sessions/worktrees/leaf-exec-cde0f2bc/ui/[39msrc/App.tsx:465:30
      at [90m/Users/benmaderazo/Code/claude-mermaid-collab/.collab/agent-sessions/worktrees/leaf-exec-cde0f2bc/ui/[39msrc/App.tsx:1342:21
      at Object.react_stack_bottom_frame (/Users/benmaderazo/Code/claude-mermaid-collab/ui/node_modules/[4mreact-dom[24m/cjs/react-dom-client.development.js:25989:20)
}
Failed to load projects: TypeError: Failed to parse URL from /api/projects
[90m    at node:internal/deps/undici/undici:15845:13[39m
    at [90m/Users/benmaderazo/Code/claude-mermaid-collab/.collab/agent-sessions/worktrees/leaf-exec-cde0f2bc/ui/[39msrc/App.tsx:465:24 {
  [cause]: TypeError: Invalid URL: /api/projects
      at new URLImpl (/Users/benmaderazo/Code/claude-mermaid-collab/ui/node_modules/[4mwhatwg-url[24m/lib/URL-impl.js:20:13)
      at Object.exports.setup (/Users/benmaderazo/Code/claude-mermaid-collab/ui/node_modules/[4mwhatwg-url[24m/lib/URL.js:54:12)
      at new URL (/Users/benmaderazo/Code/claude-mermaid-collab/ui/node_modules/[4mwhatwg-url[24m/lib/URL.js:115:22)
  [90m    at new Request (node:internal/deps/undici/undici:10413:25)[39m
  [90m    at fetch (node:internal/deps/undici/undici:11325:25)[39m
  [90m    at fetch (node:internal/deps/undici/undici:15843:10)[39m
  [90m    at fetch (node:internal/bootstrap/web/exposed-window-or-worker:83:12)[39m
      at [90m/Users/benmaderazo/Code/claude-mermaid-collab/.collab/agent-sessions/worktrees/leaf-exec-cde0f2bc/ui/[39msrc/App.tsx:465:30
      at [90m/Users/benmaderazo/Code/claude-mermaid-collab/.collab/agent-sessions/worktrees/leaf-exec-cde0f2bc/ui/[39msrc/App.tsx:1342:21
      at Object.react_stack_bottom_frame (/Users/benmaderazo/Code/claude-mermaid-collab/ui/node_modules/[4mreact-dom[24m/cjs/react-dom-client.development.js:25989:20)
}
An update to App inside a test was not wrapped in act(...).

When testing, code that causes React state updates should be wrapped into act(...):

act(() => {
  /* fire events that update state */
});
/* assert on the output */

This ensures that you're testing the behavior the user would see in the browser. Learn more at https://react.dev/link/wrap-tests-with-act
An update to App inside a test was not wrapped in act(...).

When testing, code that causes React state updates should be wrapped into act(...):

act(() => {
  /* fire events that update state */
});
/* assert on the output */

This ensures that you're testing the behavior the user would see in the browser. Learn more at https://react.dev/link/wrap-tests-with-act
An update to ConnectingConsole inside a test was not wrapped in act(...).

When testing, code that causes React state updates should be wrapped into act(...):

act(() => {
  /* fire events that update state */
});
/* assert on the output */

This ensures that you're testing the behavior the user would see in the browser. Learn more at https://react.dev/link/wrap-tests-with-act
An update to ConnectingConsole inside a test was not wrapped in act(...).

When testing, code that causes React state updates should be wrapped into act(...):

act(() => {
  /* fire events that update state */
});
/* assert on the output */

This ensures that you're testing the behavior the user would see in the browser. Learn more at https://react.dev/link/wrap-tests-with-act
An update to App inside a test was not wrapped in act(...).

When testing, code that causes React state updates should be wrapped into act(...):

act(() => {
  /* fire events that update state */
});
/* assert on the output */

This ensures that you're testing the behavior the user would see in the browser. Learn more at https://react.dev/link/wrap-tests-with-act
An update to App inside a test was not wrapped in act(...).

When testing, code that causes React state updates should be wrapped into act(...):

act(() => {
  /* fire events that update state */
});
/* assert on the output */

This ensures that you're testing the behavior the user would see in the browser. Learn more at https://react.dev/link/wrap-tests-with-act
An update to ConnectingConsole inside a test was not wrapped in act(...).

When testing, code that causes React state updates should be wrapped into act(...):

act(() => {
  /* fire events that update state */
});
/* assert on the output */

This ensures that you're testing the behavior the user would see in the browser. Learn more at https://react.dev/link/wrap-tests-with-act
An update to ConnectingConsole inside a test was not wrapped in act(...).

When testing, code that causes React state updates should be wrapped into act(...):

act(() => {
  /* fire events that update state */
});
/* assert on the output */

This ensures that you're testing the behavior the user would see in the browser. Learn more at https://react.dev/link/wrap-tests-with-act
An update to ConnectingConsole inside a test was not wrapped in act(...).

When testing, code that causes React state updates should be wrapped into act(...):

act(() => {
  /* fire events that update state */
});
/* assert on the output */

This ensures that you're testing the behavior the user would see in the browser. Learn more at https://react.dev/link/wrap-tests-with-act
An update to ConnectingConsole inside a test was not wrapped in act(...).

When testing, code that causes React state updates should be wrapped into act(...):

act(() => {
  /* fire events that update state */
});
/* assert on the output */

This ensures that you're testing the behavior the user would see in the browser. Learn more at https://react.dev/link/wrap-tests-with-act
An update to ConnectingConsole inside a test was not wrapped in act(...).

When testing, code that causes React state updates should be wrapped into act(...):

act(() => {
  /* fire events that update state */
});
/* assert on the output */

This ensures that you're testing the behavior the user would see in the browser. Learn more at https://react.dev/link/wrap-tests-with-act
An update to ConnectingConsole inside a test was not wrapped in act(...).

When testing, code that causes React state updates should be wrapped into act(...):

act(() => {
  /* fire events that update state */
});
/* assert on the output */

This ensures that you're testing the behavior the user would see in the browser. Learn more at https://react.dev/link/wrap-tests-with-act

stderr | src/App.test.tsx > App Component > Item 3: Chat Integration > should render ChatPanel with toggle buttons
WARNING: Panel defaultSize prop recommended to avoid layout shift after server rendering
Notification API not available
Failed to load projects: TypeError: Failed to parse URL from /api/projects
[90m    at node:internal/deps/undici/undici:15845:13[39m
    at [90m/Users/benmaderazo/Code/claude-mermaid-collab/.collab/agent-sessions/worktrees/leaf-exec-cde0f2bc/ui/[39msrc/App.tsx:465:24 {
  [cause]: TypeError: Invalid URL: /api/projects
      at new URLImpl (/Users/benmaderazo/Code/claude-mermaid-collab/ui/node_modules/[4mwhatwg-url[24m/lib/URL-impl.js:20:13)
      at Object.exports.setup (/Users/benmaderazo/Code/claude-mermaid-collab/ui/node_modules/[4mwhatwg-url[24m/lib/URL.js:54:12)
      at new URL (/Users/benmaderazo/Code/claude-mermaid-collab/ui/node_modules/[4mwhatwg-url[24m/lib/URL.js:115:22)
  [90m    at new Request (node:internal/deps/undici/undici:10413:25)[39m
  [90m    at fetch (node:internal/deps/undici/undici:11325:25)[39m
  [90m    at fetch (node:internal/deps/undici/undici:15843:10)[39m
  [90m    at fetch (node:internal/bootstrap/web/exposed-window-or-worker:83:12)[39m
      at [90m/Users/benmaderazo/Code/claude-mermaid-collab/.collab/agent-sessions/worktrees/leaf-exec-cde0f2bc/ui/[39msrc/App.tsx:465:30
      at [90m/Users/benmaderazo/Code/claude-mermaid-collab/.collab/agent-sessions/worktrees/leaf-exec-cde0f2bc/ui/[39msrc/App.tsx:1342:21
      at Object.react_stack_bottom_frame (/Users/benmaderazo/Code/claude-mermaid-collab/ui/node_modules/[4mreact-dom[24m/cjs/react-dom-client.development.js:25989:20)
}
An update to App inside a test was not wrapped in act(...).

When testing, code that causes React state updates should be wrapped into act(...):

act(() => {
  /* fire events that update state */
});
/* assert on the output */

This ensures that you're testing the behavior the user would see in the browser. Learn more at https://react.dev/link/wrap-tests-with-act
An update to App inside a test was not wrapped in act(...).

When testing, code that causes React state updates should be wrapped into act(...):

act(() => {
  /* fire events that update state */
});
/* assert on the output */

This ensures that you're testing the behavior the user would see in the browser. Learn more at https://react.dev/link/wrap-tests-with-act
An update to ConnectingConsole inside a test was not wrapped in act(...).

When testing, code that causes React state updates should be wrapped into act(...):

act(() => {
  /* fire events that update state */
});
/* assert on the output */

This ensures that you're testing the behavior the user would see in the browser. Learn more at https://react.dev/link/wrap-tests-with-act
An update to ConnectingConsole inside a test was not wrapped in act(...).

When testing, code that causes React state updates should be wrapped into act(...):

act(() => {
  /* fire events that update state */
});
/* assert on the output */

This ensures that you're testing the behavior the user would see in the browser. Learn more at https://react.dev/link/wrap-tests-with-act

stderr | src/App.test.tsx > App Component > Item 3: Chat Integration > should display unread count badge on ChatToggle
WARNING: Panel defaultSize prop recommended to avoid layout shift after server rendering
Notification API not available
Failed to load projects: TypeError: Failed to parse URL from /api/projects
[90m    at node:internal/deps/undici/undici:15845:13[39m
    at [90m/Users/benmaderazo/Code/claude-mermaid-collab/.collab/agent-sessions/worktrees/leaf-exec-cde0f2bc/ui/[39msrc/App.tsx:465:24 {
  [cause]: TypeError: Invalid URL: /api/projects
      at new URLImpl (/Users/benmaderazo/Code/claude-mermaid-collab/ui/node_modules/[4mwhatwg-url[24m/lib/URL-impl.js:20:13)
      at Object.exports.setup (/Users/benmaderazo/Code/claude-mermaid-collab/ui/node_modules/[4mwhatwg-url[24m/lib/URL.js:54:12)
      at new URL (/Users/benmaderazo/Code/claude-mermaid-collab/ui/node_modules/[4mwhatwg-url[24m/lib/URL.js:115:22)
  [90m    at new Request (node:internal/deps/undici/undici:10413:25)[39m
  [90m    at fetch (node:internal/deps/undici/undici:11325:25)[39m
  [90m    at fetch (node:internal/deps/undici/undici:15843:10)[39m
  [90m    at fetch (node:internal/bootstrap/web/exposed-window-or-worker:83:12)[39m
      at [90m/Users/benmaderazo/Code/claude-mermaid-collab/.collab/agent-sessions/worktrees/leaf-exec-cde0f2bc/ui/[39msrc/App.tsx:465:30
      at [90m/Users/benmaderazo/Code/claude-mermaid-collab/.collab/agent-sessions/worktrees/leaf-exec-cde0f2bc/ui/[39msrc/App.tsx:1342:21
      at Object.react_stack_bottom_frame (/Users/benmaderazo/Code/claude-mermaid-collab/ui/node_modules/[4mreact-dom[24m/cjs/react-dom-client.development.js:25989:20)
}
An update to App inside a test was not wrapped in act(...).

When testing, code that causes React state updates should be wrapped into act(...):

act(() => {
  /* fire events that update state */
});
/* assert on the output */

This ensures that you're testing the behavior the user would see in the browser. Learn more at https://react.dev/link/wrap-tests-with-act
An update to App inside a test was not wrapped in act(...).

When testing, code that causes React state updates should be wrapped into act(...):

act(() => {
  /* fire events that update state */
});
/* assert on the output */

This ensures that you're testing the behavior the user would see in the browser. Learn more at https://react.dev/link/wrap-tests-with-act
An update to ConnectingConsole inside a test was not wrapped in act(...).

When testing, code that causes React state updates should be wrapped into act(...):

act(() => {
  /* fire events that update state */
});
/* assert on the output */

This ensures that you're testing the behavior the user would see in the browser. Learn more at https://react.dev/link/wrap-tests-with-act
An update to ConnectingConsole inside a test was not wrapped in act(...).

When testing, code that causes React state updates should be wrapped into act(...):

act(() => {
  /* fire events that update state */
});
/* assert on the output */

This ensures that you're testing the behavior the user would see in the browser. Learn more at https://react.dev/link/wrap-tests-with-act

stderr | src/App.test.tsx > App Component > Item 3: Chat Integration > should auto-open drawer when blocking message arrives
WARNING: Panel defaultSize prop recommended to avoid layout shift after server rendering
Notification API not available
Failed to load projects: TypeError: Failed to parse URL from /api/projects
[90m    at node:internal/deps/undici/undici:15845:13[39m
    at [90m/Users/benmaderazo/Code/claude-mermaid-collab/.collab/agent-sessions/worktrees/leaf-exec-cde0f2bc/ui/[39msrc/App.tsx:465:24 {
  [cause]: TypeError: Invalid URL: /api/projects
      at new URLImpl (/Users/benmaderazo/Code/claude-mermaid-collab/ui/node_modules/[4mwhatwg-url[24m/lib/URL-impl.js:20:13)
      at Object.exports.setup (/Users/benmaderazo/Code/claude-mermaid-collab/ui/node_modules/[4mwhatwg-url[24m/lib/URL.js:54:12)
      at new URL (/Users/benmaderazo/Code/claude-mermaid-collab/ui/node_modules/[4mwhatwg-url[24m/lib/URL.js:115:22)
  [90m    at new Request (node:internal/deps/undici/undici:10413:25)[39m
  [90m    at fetch (node:internal/deps/undici/undici:11325:25)[39m
  [90m    at fetch (node:internal/deps/undici/undici:15843:10)[39m
  [90m    at fetch (node:internal/bootstrap/web/exposed-window-or-worker:83:12)[39m
      at [90m/Users/benmaderazo/Code/claude-mermaid-collab/.collab/agent-sessions/worktrees/leaf-exec-cde0f2bc/ui/[39msrc/App.tsx:465:30
      at [90m/Users/benmaderazo/Code/claude-mermaid-collab/.collab/agent-sessions/worktrees/leaf-exec-cde0f2bc/ui/[39msrc/App.tsx:1342:21
      at Object.react_stack_bottom_frame (/Users/benmaderazo/Code/claude-mermaid-collab/ui/node_modules/[4mreact-dom[24m/cjs/react-dom-client.development.js:25989:20)
}
An update to App inside a test was not wrapped in act(...).

When testing, code that causes React state updates should be wrapped into act(...):

act(() => {
  /* fire events that update state */
});
/* assert on the output */

This ensures that you're testing the behavior the user would see in the browser. Learn more at https://react.dev/link/wrap-tests-with-act
An update to App inside a test was not wrapped in act(...).

When testing, code that causes React state updates should be wrapped into act(...):

act(() => {
  /* fire events that update state */
});
/* assert on the output */

This ensures that you're testing the behavior the user would see in the browser. Learn more at https://react.dev/link/wrap-tests-with-act
An update to ConnectingConsole inside a test was not wrapped in act(...).

When testing, code that causes React state updates should be wrapped into act(...):

act(() => {
  /* fire events that update state */
});
/* assert on the output */

This ensures that you're testing the behavior the user would see in the browser. Learn more at https://react.dev/link/wrap-tests-with-act
An update to ConnectingConsole inside a test was not wrapped in act(...).

When testing, code that causes React state updates should be wrapped into act(...):

act(() => {
  /* fire events that update state */
});
/* assert on the output */

This ensures that you're testing the behavior the user would see in the browser. Learn more at https://react.dev/link/wrap-tests-with-act

stderr | src/App.test.tsx > App Component > Item 3: Chat Integration > should integrate with useChatStore for state management
WARNING: Panel defaultSize prop recommended to avoid layout shift after server rendering
Notification API not available
Failed to load projects: TypeError: Failed to parse URL from /api/projects
[90m    at node:internal/deps/undici/undici:15845:13[39m
    at [90m/Users/benmaderazo/Code/claude-mermaid-collab/.collab/agent-sessions/worktrees/leaf-exec-cde0f2bc/ui/[39msrc/App.tsx:465:24 {
  [cause]: TypeError: Invalid URL: /api/projects
      at new URLImpl (/Users/benmaderazo/Code/claude-mermaid-collab/ui/node_modules/[4mwhatwg-url[24m/lib/URL-impl.js:20:13)
      at Object.exports.setup (/Users/benmaderazo/Code/claude-mermaid-collab/ui/node_modules/[4mwhatwg-url[24m/lib/URL.js:54:12)
      at new URL (/Users/benmaderazo/Code/claude-mermaid-collab/ui/node_modules/[4mwhatwg-url[24m/lib/URL.js:115:22)
  [90m    at new Request (node:internal/deps/undici/undici:10413:25)[39m
  [90m    at fetch (node:internal/deps/undici/undici:11325:25)[39m
  [90m    at fetch (node:internal/deps/undici/undici:15843:10)[39m
  [90m    at fetch (node:internal/bootstrap/web/exposed-window-or-worker:83:12)[39m
      at [90m/Users/benmaderazo/Code/claude-mermaid-collab/.collab/agent-sessions/worktrees/leaf-exec-cde0f2bc/ui/[39msrc/App.tsx:465:30
      at [90m/Users/benmaderazo/Code/claude-mermaid-collab/.collab/agent-sessions/worktrees/leaf-exec-cde0f2bc/ui/[39msrc/App.tsx:1342:21
      at Object.react_stack_bottom_frame (/Users/benmaderazo/Code/claude-mermaid-collab/ui/node_modules/[4mreact-dom[24m/cjs/react-dom-client.development.js:25989:20)
}
An update to App inside a test was not wrapped in act(...).

When testing, code that causes React state updates should be wrapped into act(...):

act(() => {
  /* fire events that update state */
});
/* assert on the output */

This ensures that you're testing the behavior the user would see in the browser. Learn more at https://react.dev/link/wrap-tests-with-act
An update to App inside a test was not wrapped in act(...).

When testing, code that causes React state updates should be wrapped into act(...):

act(() => {
  /* fire events that update state */
});
/* assert on the output */

This ensures that you're testing the behavior the user would see in the browser. Learn more at https://react.dev/link/wrap-tests-with-act
An update to ConnectingConsole inside a test was not wrapped in act(...).

When testing, code that causes React state updates should be wrapped into act(...):

act(() => {
  /* fire events that update state */
});
/* assert on the output */

This ensures that you're testing the behavior the user would see in the browser. Learn more at https://react.dev/link/wrap-tests-with-act
An update to ConnectingConsole inside a test was not wrapped in act(...).

When testing, code that causes React state updates should be wrapped into act(...):

act(() => {
  /* fire events that update state */
});
/* assert on the output */

This ensures that you're testing the behavior the user would see in the browser. Learn more at https://react.dev/link/wrap-tests-with-act

stderr | src/App.test.tsx > App Component > Item 3: Chat Integration > should render ChatPanel always visible in SplitPane
WARNING: Panel defaultSize prop recommended to avoid layout shift after server rendering
Notification API not available
Failed to load projects: TypeError: Failed to parse URL from /api/projects
[90m    at node:internal/deps/undici/undici:15845:13[39m
    at [90m/Users/benmaderazo/Code/claude-mermaid-collab/.collab/agent-sessions/worktrees/leaf-exec-cde0f2bc/ui/[39msrc/App.tsx:465:24 {
  [cause]: TypeError: Invalid URL: /api/projects
      at new URLImpl (/Users/benmaderazo/Code/claude-mermaid-collab/ui/node_modules/[4mwhatwg-url[24m/lib/URL-impl.js:20:13)
      at Object.exports.setup (/Users/benmaderazo/Code/claude-mermaid-collab/ui/node_modules/[4mwhatwg-url[24m/lib/URL.js:54:12)
      at new URL (/Users/benmaderazo/Code/claude-mermaid-collab/ui/node_modules/[4mwhatwg-url[24m/lib/URL.js:115:22)
  [90m    at new Request (node:internal/deps/undici/undici:10413:25)[39m
  [90m    at fetch (node:internal/deps/undici/undici:11325:25)[39m
  [90m    at fetch (node:internal/deps/undici/undici:15843:10)[39m
  [90m    at fetch (node:internal/bootstrap/web/exposed-window-or-worker:83:12)[39m
      at [90m/Users/benmaderazo/Code/claude-mermaid-collab/.collab/agent-sessions/worktrees/leaf-exec-cde0f2bc/ui/[39msrc/App.tsx:465:30
      at [90m/Users/benmaderazo/Code/claude-mermaid-collab/.collab/agent-sessions/worktrees/leaf-exec-cde0f2bc/ui/[39msrc/App.tsx:1342:21
      at Object.react_stack_bottom_frame (/Users/benmaderazo/Code/claude-mermaid-collab/ui/node_modules/[4mreact-dom[24m/cjs/react-dom-client.development.js:25989:20)
}
An update to App inside a test was not wrapped in act(...).

When testing, code that causes React state updates should be wrapped into act(...):

act(() => {
  /* fire events that update state */
});
/* assert on the output */

This ensures that you're testing the behavior the user would see in the browser. Learn more at https://react.dev/link/wrap-tests-with-act
An update to App inside a test was not wrapped in act(...).

When testing, code that causes React state updates should be wrapped into act(...):

act(() => {
  /* fire events that update state */
});
/* assert on the output */

This ensures that you're testing the behavior the user would see in the browser. Learn more at https://react.dev/link/wrap-tests-with-act
An update to ConnectingConsole inside a test was not wrapped in act(...).

When testing, code that causes React state updates should be wrapped into act(...):

act(() => {
  /* fire events that update state */
});
/* assert on the output */

This ensures that you're testing the behavior the user would see in the browser. Learn more at https://react.dev/link/wrap-tests-with-act
An update to ConnectingConsole inside a test was not wrapped in act(...).

When testing, code that causes React state updates should be wrapped into act(...):

act(() => {
  /* fire events that update state */
});
/* assert on the output */

This ensures that you're testing the behavior the user would see in the browser. Learn more at https://react.dev/link/wrap-tests-with-act

stderr | src/App.test.tsx > App Component > Item 3: Chat Integration > should render ChatPanel within SplitPane secondary panel
WARNING: Panel defaultSize prop recommended to avoid layout shift after server rendering
Notification API not available
Failed to load projects: TypeError: Failed to parse URL from /api/projects
[90m    at node:internal/deps/undici/undici:15845:13[39m
    at [90m/Users/benmaderazo/Code/claude-mermaid-collab/.collab/agent-sessions/worktrees/leaf-exec-cde0f2bc/ui/[39msrc/App.tsx:465:24 {
  [cause]: TypeError: Invalid URL: /api/projects
      at new URLImpl (/Users/benmaderazo/Code/claude-mermaid-collab/ui/node_modules/[4mwhatwg-url[24m/lib/URL-impl.js:20:13)
      at Object.exports.setup (/Users/benmaderazo/Code/claude-mermaid-collab/ui/node_modules/[4mwhatwg-url[24m/lib/URL.js:54:12)
      at new URL (/Users/benmaderazo/Code/claude-mermaid-collab/ui/node_modules/[4mwhatwg-url[24m/lib/URL.js:115:22)
  [90m    at new Request (node:internal/deps/undici/undici:10413:25)[39m
  [90m    at fetch (node:internal/deps/undici/undici:11325:25)[39m
  [90m    at fetch (node:internal/deps/undici/undici:15843:10)[39m
  [90m    at fetch (node:internal/bootstrap/web/exposed-window-or-worker:83:12)[39m
      at [90m/Users/benmaderazo/Code/claude-mermaid-collab/.collab/agent-sessions/worktrees/leaf-exec-cde0f2bc/ui/[39msrc/App.tsx:465:30
      at [90m/Users/benmaderazo/Code/claude-mermaid-collab/.collab/agent-sessions/worktrees/leaf-exec-cde0f2bc/ui/[39msrc/App.tsx:1342:21
      at Object.react_stack_bottom_frame (/Users/benmaderazo/Code/claude-mermaid-collab/ui/node_modules/[4mreact-dom[24m/cjs/react-dom-client.development.js:25989:20)
}
An update to App inside a test was not wrapped in act(...).

When testing, code that causes React state updates should be wrapped into act(...):

act(() => {
  /* fire events that update state */
});
/* assert on the output */

This ensures that you're testing the behavior the user would see in the browser. Learn more at https://react.dev/link/wrap-tests-with-act
An update to App inside a test was not wrapped in act(...).

When testing, code that causes React state updates should be wrapped into act(...):

act(() => {
  /* fire events that update state */
});
/* assert on the output */

This ensures that you're testing the behavior the user would see in the browser. Learn more at https://react.dev/link/wrap-tests-with-act
An update to ConnectingConsole inside a test was not wrapped in act(...).

When testing, code that causes React state updates should be wrapped into act(...):

act(() => {
  /* fire events that update state */
});
/* assert on the output */

This ensures that you're testing the behavior the user would see in the browser. Learn more at https://react.dev/link/wrap-tests-with-act
An update to ConnectingConsole inside a test was not wrapped in act(...).

When testing, code that causes React state updates should be wrapped into act(...):

act(() => {
  /* fire events that update state */
});
/* assert on the output */

This ensures that you're testing the behavior the user would see in the browser. Learn more at https://react.dev/link/wrap-tests-with-act

stderr | src/App.test.tsx > App Component > Item 3: Chat Integration > should not break existing App functionality with chat integration
WARNING: Panel defaultSize prop recommended to avoid layout shift after server rendering
Notification API not available
Failed to load projects: TypeError: Failed to parse URL from /api/projects
[90m    at node:internal/deps/undici/undici:15845:13[39m
    at [90m/Users/benmaderazo/Code/claude-mermaid-collab/.collab/agent-sessions/worktrees/leaf-exec-cde0f2bc/ui/[39msrc/App.tsx:465:24 {
  [cause]: TypeError: Invalid URL: /api/projects
      at new URLImpl (/Users/benmaderazo/Code/claude-mermaid-collab/ui/node_modules/[4mwhatwg-url[24m/lib/URL-impl.js:20:13)
      at Object.exports.setup (/Users/benmaderazo/Code/claude-mermaid-collab/ui/node_modules/[4mwhatwg-url[24m/lib/URL.js:54:12)
      at new URL (/Users/benmaderazo/Code/claude-mermaid-collab/ui/node_modules/[4mwhatwg-url[24m/lib/URL.js:115:22)
  [90m    at new Request (node:internal/deps/undici/undici:10413:25)[39m
  [90m    at fetch (node:internal/deps/undici/undici:11325:25)[39m
  [90m    at fetch (node:internal/deps/undici/undici:15843:10)[39m
  [90m    at fetch (node:internal/bootstrap/web/exposed-window-or-worker:83:12)[39m
      at [90m/Users/benmaderazo/Code/claude-mermaid-collab/.collab/agent-sessions/worktrees/leaf-exec-cde0f2bc/ui/[39msrc/App.tsx:465:30
      at [90m/Users/benmaderazo/Code/claude-mermaid-collab/.collab/agent-sessions/worktrees/leaf-exec-cde0f2bc/ui/[39msrc/App.tsx:1342:21
      at Object.react_stack_bottom_frame (/Users/benmaderazo/Code/claude-mermaid-collab/ui/node_modules/[4mreact-dom[24m/cjs/react-dom-client.development.js:25989:20)
}
An update to App inside a test was not wrapped in act(...).

When testing, code that causes React state updates should be wrapped into act(...):

act(() => {
  /* fire events that update state */
});
/* assert on the output */

This ensures that you're testing the behavior the user would see in the browser. Learn more at https://react.dev/link/wrap-tests-with-act
An update to App inside a test was not wrapped in act(...).

When testing, code that causes React state updates should be wrapped into act(...):

act(() => {
  /* fire events that update state */
});
/* assert on the output */

This ensures that you're testing the behavior the user would see in the browser. Learn more at https://react.dev/link/wrap-tests-with-act
An update to ConnectingConsole inside a test was not wrapped in act(...).

When testing, code that causes React state updates should be wrapped into act(...):

act(() => {
  /* fire events that update state */
});
/* assert on the output */

This ensures that you're testing the behavior the user would see in the browser. Learn more at https://react.dev/link/wrap-tests-with-act
An update to ConnectingConsole inside a test was not wrapped in act(...).

When testing, code that causes React state updates should be wrapped into act(...):

act(() => {
  /* fire events that update state */
});
/* assert on the output */

This ensures that you're testing the behavior the user would see in the browser. Learn more at https://react.dev/link/wrap-tests-with-act

stderr | src/App.test.tsx > App Component > Item 4: Notification ToastContainer Integration > should render ToastContainer in App
WARNING: Panel defaultSize prop recommended to avoid layout shift after server rendering
Notification API not available
Failed to load projects: TypeError: Failed to parse URL from /api/projects
[90m    at node:internal/deps/undici/undici:15845:13[39m
    at [90m/Users/benmaderazo/Code/claude-mermaid-collab/.collab/agent-sessions/worktrees/leaf-exec-cde0f2bc/ui/[39msrc/App.tsx:465:24 {
  [cause]: TypeError: Invalid URL: /api/projects
      at new URLImpl (/Users/benmaderazo/Code/claude-mermaid-collab/ui/node_modules/[4mwhatwg-url[24m/lib/URL-impl.js:20:13)
      at Object.exports.setup (/Users/benmaderazo/Code/claude-mermaid-collab/ui/node_modules/[4mwhatwg-url[24m/lib/URL.js:54:12)
      at new URL (/Users/benmaderazo/Code/claude-mermaid-collab/ui/node_modules/[4mwhatwg-url[24m/lib/URL.js:115:22)
  [90m    at new Request (node:internal/deps/undici/undici:10413:25)[39m
  [90m    at fetch (node:internal/deps/undici/undici:11325:25)[39m
  [90m    at fetch (node:internal/deps/undici/undici:15843:10)[39m
  [90m    at fetch (node:internal/bootstrap/web/exposed-window-or-worker:83:12)[39m
      at [90m/Users/benmaderazo/Code/claude-mermaid-collab/.collab/agent-sessions/worktrees/leaf-exec-cde0f2bc/ui/[39msrc/App.tsx:465:30
      at [90m/Users/benmaderazo/Code/claude-mermaid-collab/.collab/agent-sessions/worktrees/leaf-exec-cde0f2bc/ui/[39msrc/App.tsx:1342:21
      at Object.react_stack_bottom_frame (/Users/benmaderazo/Code/claude-mermaid-collab/ui/node_modules/[4mreact-dom[24m/cjs/react-dom-client.development.js:25989:20)
}
An update to App inside a test was not wrapped in act(...).

When testing, code that causes React state updates should be wrapped into act(...):

act(() => {
  /* fire events that update state */
});
/* assert on the output */

This ensures that you're testing the behavior the user would see in the browser. Learn more at https://react.dev/link/wrap-tests-with-act
An update to App inside a test was not wrapped in act(...).

When testing, code that causes React state updates should be wrapped into act(...):

act(() => {
  /* fire events that update state */
});
/* assert on the output */

This ensures that you're testing the behavior the user would see in the browser. Learn more at https://react.dev/link/wrap-tests-with-act
An update to ConnectingConsole inside a test was not wrapped in act(...).

When testing, code that causes React state updates should be wrapped into act(...):

act(() => {
  /* fire events that update state */
});
/* assert on the output */

This ensures that you're testing the behavior the user would see in the browser. Learn more at https://react.dev/link/wrap-tests-with-act
An update to ConnectingConsole inside a test was not wrapped in act(...).

When testing, code that causes React state updates should be wrapped into act(...):

act(() => {
  /* fire events that update state */
});
/* assert on the output */

This ensures that you're testing the behavior the user would see in the browser. Learn more at https://react.dev/link/wrap-tests-with-act

stderr | src/App.test.tsx > App Component > Item 4: Notification ToastContainer Integration > should display single notification toast
WARNING: Panel defaultSize prop recommended to avoid layout shift after server rendering
Notification API not available
An update to ToastContainer inside a test was not wrapped in act(...).

When testing, code that causes React state updates should be wrapped into act(...):

act(() => {
  /* fire events that update state */
});
/* assert on the output */

This ensures that you're testing the behavior the user would see in the browser. Learn more at https://react.dev/link/wrap-tests-with-act
Failed to load projects: TypeError: Failed to parse URL from /api/projects
[90m    at node:internal/deps/undici/undici:15845:13[39m
    at [90m/Users/benmaderazo/Code/claude-mermaid-collab/.collab/agent-sessions/worktrees/leaf-exec-cde0f2bc/ui/[39msrc/App.tsx:465:24 {
  [cause]: TypeError: Invalid URL: /api/projects
      at new URLImpl (/Users/benmaderazo/Code/claude-mermaid-collab/ui/node_modules/[4mwhatwg-url[24m/lib/URL-impl.js:20:13)
      at Object.exports.setup (/Users/benmaderazo/Code/claude-mermaid-collab/ui/node_modules/[4mwhatwg-url[24m/lib/URL.js:54:12)
      at new URL (/Users/benmaderazo/Code/claude-mermaid-collab/ui/node_modules/[4mwhatwg-url[24m/lib/URL.js:115:22)
  [90m    at new Request (node:internal/deps/undici/undici:10413:25)[39m
  [90m    at fetch (node:internal/deps/undici/undici:11325:25)[39m
  [90m    at fetch (node:internal/deps/undici/undici:15843:10)[39m
  [90m    at fetch (node:internal/bootstrap/web/exposed-window-or-worker:83:12)[39m
      at [90m/Users/benmaderazo/Code/claude-mermaid-collab/.collab/agent-sessions/worktrees/leaf-exec-cde0f2bc/ui/[39msrc/App.tsx:465:30
      at [90m/Users/benmaderazo/Code/claude-mermaid-collab/.collab/agent-sessions/worktrees/leaf-exec-cde0f2bc/ui/[39msrc/App.tsx:1342:21
      at Object.react_stack_bottom_frame (/Users/benmaderazo/Code/claude-mermaid-collab/ui/node_modules/[4mreact-dom[24m/cjs/react-dom-client.development.js:25989:20)
}

stderr | src/App.test.tsx > App Component > Item 4: Notification ToastContainer Integration > should display multiple toasts together
WARNING: Panel defaultSize prop recommended to avoid layout shift after server rendering
Notification API not available
An update to ToastContainer inside a test was not wrapped in act(...).

When testing, code that causes React state updates should be wrapped into act(...):

act(() => {
  /* fire events that update state */
});
/* assert on the output */

This ensures that you're testing the behavior the user would see in the browser. Learn more at https://react.dev/link/wrap-tests-with-act
An update to ToastContainer inside a test was not wrapped in act(...).

When testing, code that causes React state updates should be wrapped into act(...):

act(() => {
  /* fire events that update state */
});
/* assert on the output */

This ensures that you're testing the behavior the user would see in the browser. Learn more at https://react.dev/link/wrap-tests-with-act
An update to ToastContainer inside a test was not wrapped in act(...).

When testing, code that causes React state updates should be wrapped into act(...):

act(() => {
  /* fire events that update state */
});
/* assert on the output */

This ensures that you're testing the behavior the user would see in the browser. Learn more at https://react.dev/link/wrap-tests-with-act
Failed to load projects: TypeError: Failed to parse URL from /api/projects
[90m    at node:internal/deps/undici/undici:15845:13[39m
[90m    at runNextTicks (node:internal/process/task_queues:65:5)[39m
[90m    at processTimers (node:internal/timers:540:9)[39m
    at [90m/Users/benmaderazo/Code/claude-mermaid-collab/.collab/agent-sessions/worktrees/leaf-exec-cde0f2bc/ui/[39msrc/App.tsx:465:24 {
  [cause]: TypeError: Invalid URL: /api/projects
      at new URLImpl (/Users/benmaderazo/Code/claude-mermaid-collab/ui/node_modules/[4mwhatwg-url[24m/lib/URL-impl.js:20:13)
      at Object.exports.setup (/Users/benmaderazo/Code/claude-mermaid-collab/ui/node_modules/[4mwhatwg-url[24m/lib/URL.js:54:12)
      at new URL (/Users/benmaderazo/Code/claude-mermaid-collab/ui/node_modules/[4mwhatwg-url[24m/lib/URL.js:115:22)
  [90m    at new Request (node:internal/deps/undici/undici:10413:25)[39m
  [90m    at fetch (node:internal/deps/undici/undici:11325:25)[39m
  [90m    at fetch (node:internal/deps/undici/undici:15843:10)[39m
  [90m    at fetch (node:internal/bootstrap/web/exposed-window-or-worker:83:12)[39m
      at [90m/Users/benmaderazo/Code/claude-mermaid-collab/.collab/agent-sessions/worktrees/leaf-exec-cde0f2bc/ui/[39msrc/App.tsx:465:30
      at [90m/Users/benmaderazo/Code/claude-mermaid-collab/.collab/agent-sessions/worktrees/leaf-exec-cde0f2bc/ui/[39msrc/App.tsx:1342:21
      at Object.react_stack_bottom_frame (/Users/benmaderazo/Code/claude-mermaid-collab/ui/node_modules/[4mreact-dom[24m/cjs/react-dom-client.development.js:25989:20)
}

stderr | src/App.test.tsx > App Component > Item 4: Notification ToastContainer Integration > should limit visible toasts to 5
WARNING: Panel defaultSize prop recommended to avoid layout shift after server rendering
Notification API not available
An update to ToastContainer inside a test was not wrapped in act(...).

When testing, code that causes React state updates should be wrapped into act(...):

act(() => {
  /* fire events that update state */
});
/* assert on the output */

This ensures that you're testing the behavior the user would see in the browser. Learn more at https://react.dev/link/wrap-tests-with-act
An update to ToastContainer inside a test was not wrapped in act(...).

When testing, code that causes React state updates should be wrapped into act(...):

act(() => {
  /* fire events that update state */
});
/* assert on the output */

This ensures that you're testing the behavior the user would see in the browser. Learn more at https://react.dev/link/wrap-tests-with-act
An update to ToastContainer inside a test was not wrapped in act(...).

When testing, code that causes React state updates should be wrapped into act(...):

act(() => {
  /* fire events that update state */
});
/* assert on the output */

This ensures that you're testing the behavior the user would see in the browser. Learn more at https://react.dev/link/wrap-tests-with-act
An update to ToastContainer inside a test was not wrapped in act(...).

When testing, code that causes React state updates should be wrapped into act(...):

act(() => {
  /* fire events that update state */
});
/* assert on the output */

This ensures that you're testing the behavior the user would see in the browser. Learn more at https://react.dev/link/wrap-tests-with-act
An update to ToastContainer inside a test was not wrapped in act(...).

When testing, code that causes React state updates should be wrapped into act(...):

act(() => {
  /* fire events that update state */
});
/* assert on the output */

This ensures that you're testing the behavior the user would see in the browser. Learn more at https://react.dev/link/wrap-tests-with-act
An update to ToastContainer inside a test was not wrapped in act(...).

When testing, code that causes React state updates should be wrapped into act(...):

act(() => {
  /* fire events that update state */
});
/* assert on the output */

This ensures that you're testing the behavior the user would see in the browser. Learn more at https://react.dev/link/wrap-tests-with-act
An update to ToastContainer inside a test was not wrapped in act(...).

When testing, code that causes React state updates should be wrapped into act(...):

act(() => {
  /* fire events that update state */
});
/* assert on the output */

This ensures that you're testing the behavior the user would see in the browser. Learn more at https://react.dev/link/wrap-tests-with-act
Failed to load projects: TypeError: Failed to parse URL from /api/projects
[90m    at node:internal/deps/undici/undici:15845:13[39m
[90m    at runNextTicks (node:internal/process/task_queues:65:5)[39m
[90m    at listOnTimeout (node:internal/timers:569:9)[39m
[90m    at processTimers (node:internal/timers:543:7)[39m
    at [90m/Users/benmaderazo/Code/claude-mermaid-collab/.collab/agent-sessions/worktrees/leaf-exec-cde0f2bc/ui/[39msrc/App.tsx:465:24 {
  [cause]: TypeError: Invalid URL: /api/projects
      at new URLImpl (/Users/benmaderazo/Code/claude-mermaid-collab/ui/node_modules/[4mwhatwg-url[24m/lib/URL-impl.js:20:13)
      at Object.exports.setup (/Users/benmaderazo/Code/claude-mermaid-collab/ui/node_modules/[4mwhatwg-url[24m/lib/URL.js:54:12)
      at new URL (/Users/benmaderazo/Code/claude-mermaid-collab/ui/node_modules/[4mwhatwg-url[24m/lib/URL.js:115:22)
  [90m    at new Request (node:internal/deps/undici/undici:10413:25)[39m
  [90m    at fetch (node:internal/deps/undici/undici:11325:25)[39m
  [90m    at fetch (node:internal/deps/undici/undici:15843:10)[39m
  [90m    at fetch (node:internal/bootstrap/web/exposed-window-or-worker:83:12)[39m
      at [90m/Users/benmaderazo/Code/claude-mermaid-collab/.collab/agent-sessions/worktrees/leaf-exec-cde0f2bc/ui/[39msrc/App.tsx:465:30
      at [90m/Users/benmaderazo/Code/claude-mermaid-collab/.collab/agent-sessions/worktrees/leaf-exec-cde0f2bc/ui/[39msrc/App.tsx:1342:21
      at Object.react_stack_bottom_frame (/Users/benmaderazo/Code/claude-mermaid-collab/ui/node_modules/[4mreact-dom[24m/cjs/react-dom-client.development.js:25989:20)
}

stderr | src/App.test.tsx > App Component > Item 4: Notification ToastContainer Integration > should have correct z-index positioning
WARNING: Panel defaultSize prop recommended to avoid layout shift after server rendering
Notification API not available
Failed to load projects: TypeError: Failed to parse URL from /api/projects
[90m    at node:internal/deps/undici/undici:15845:13[39m
[90m    at runNextTicks (node:internal/process/task_queues:65:5)[39m
[90m    at listOnTimeout (node:internal/timers:569:9)[39m
[90m    at processTimers (node:internal/timers:543:7)[39m
    at [90m/Users/benmaderazo/Code/claude-mermaid-collab/.collab/agent-sessions/worktrees/leaf-exec-cde0f2bc/ui/[39msrc/App.tsx:465:24 {
  [cause]: TypeError: Invalid URL: /api/projects
      at new URLImpl (/Users/benmaderazo/Code/claude-mermaid-collab/ui/node_modules/[4mwhatwg-url[24m/lib/URL-impl.js:20:13)
      at Object.exports.setup (/Users/benmaderazo/Code/claude-mermaid-collab/ui/node_modules/[4mwhatwg-url[24m/lib/URL.js:54:12)
      at new URL (/Users/benmaderazo/Code/claude-mermaid-collab/ui/node_modules/[4mwhatwg-url[24m/lib/URL.js:115:22)
  [90m    at new Request (node:internal/deps/undici/undici:10413:25)[39m
  [90m    at fetch (node:internal/deps/undici/undici:11325:25)[39m
  [90m    at fetch (node:internal/deps/undici/undici:15843:10)[39m
  [90m    at fetch (node:internal/bootstrap/web/exposed-window-or-worker:83:12)[39m
      at [90m/Users/benmaderazo/Code/claude-mermaid-collab/.collab/agent-sessions/worktrees/leaf-exec-cde0f2bc/ui/[39msrc/App.tsx:465:30
      at [90m/Users/benmaderazo/Code/claude-mermaid-collab/.collab/agent-sessions/worktrees/leaf-exec-cde0f2bc/ui/[39msrc/App.tsx:1342:21
      at Object.react_stack_bottom_frame (/Users/benmaderazo/Code/claude-mermaid-collab/ui/node_modules/[4mreact-dom[24m/cjs/react-dom-client.development.js:25989:20)
}
An update to App inside a test was not wrapped in act(...).

When testing, code that causes React state updates should be wrapped into act(...):

act(() => {
  /* fire events that update state */
});
/* assert on the output */

This ensures that you're testing the behavior the user would see in the browser. Learn more at https://react.dev/link/wrap-tests-with-act
An update to App inside a test was not wrapped in act(...).

When testing, code that causes React state updates should be wrapped into act(...):

act(() => {
  /* fire events that update state */
});
/* assert on the output */

This ensures that you're testing the behavior the user would see in the browser. Learn more at https://react.dev/link/wrap-tests-with-act
An update to ConnectingConsole inside a test was not wrapped in act(...).

When testing, code that causes React state updates should be wrapped into act(...):

act(() => {
  /* fire events that update state */
});
/* assert on the output */

This ensures that you're testing the behavior the user would see in the browser. Learn more at https://react.dev/link/wrap-tests-with-act
An update to ConnectingConsole inside a test was not wrapped in act(...).

When testing, code that causes React state updates should be wrapped into act(...):

act(() => {
  /* fire events that update state */
});
/* assert on the output */

This ensures that you're testing the behavior the user would see in the browser. Learn more at https://react.dev/link/wrap-tests-with-act

stdout | src/App.test.tsx > App Component > Item 4: Notification ToastContainer Integration > should remove toast when dismiss button clicked
WebSocket reconnection scheduled in 1000ms (attempt 1/5)

stderr | src/App.test.tsx > App Component > Item 4: Notification ToastContainer Integration > should remove toast when dismiss button clicked
WARNING: Panel defaultSize prop recommended to avoid layout shift after server rendering
Notification API not available
An update to ToastContainer inside a test was not wrapped in act(...).

When testing, code that causes React state updates should be wrapped into act(...):

act(() => {
  /* fire events that update state */
});
/* assert on the output */

This ensures that you're testing the behavior the user would see in the browser. Learn more at https://react.dev/link/wrap-tests-with-act
Failed to load projects: TypeError: Failed to parse URL from /api/projects
[90m    at node:internal/deps/undici/undici:15845:13[39m
[90m    at runNextTicks (node:internal/process/task_queues:65:5)[39m
[90m    at listOnTimeout (node:internal/timers:569:9)[39m
[90m    at processTimers (node:internal/timers:543:7)[39m
    at [90m/Users/benmaderazo/Code/claude-mermaid-collab/.collab/agent-sessions/worktrees/leaf-exec-cde0f2bc/ui/[39msrc/App.tsx:465:24 {
  [cause]: TypeError: Invalid URL: /api/projects
      at new URLImpl (/Users/benmaderazo/Code/claude-mermaid-collab/ui/node_modules/[4mwhatwg-url[24m/lib/URL-impl.js:20:13)
      at Object.exports.setup (/Users/benmaderazo/Code/claude-mermaid-collab/ui/node_modules/[4mwhatwg-url[24m/lib/URL.js:54:12)
      at new URL (/Users/benmaderazo/Code/claude-mermaid-collab/ui/node_modules/[4mwhatwg-url[24m/lib/URL.js:115:22)
  [90m    at new Request (node:internal/deps/undici/undici:10413:25)[39m
  [90m    at fetch (node:internal/deps/undici/undici:11325:25)[39m
  [90m    at fetch (node:internal/deps/undici/undici:15843:10)[39m
  [90m    at fetch (node:internal/bootstrap/web/exposed-window-or-worker:83:12)[39m
      at [90m/Users/benmaderazo/Code/claude-mermaid-collab/.collab/agent-sessions/worktrees/leaf-exec-cde0f2bc/ui/[39msrc/App.tsx:465:30
      at [90m/Users/benmaderazo/Code/claude-mermaid-collab/.collab/agent-sessions/worktrees/leaf-exec-cde0f2bc/ui/[39msrc/App.tsx:1342:21
      at Object.react_stack_bottom_frame (/Users/benmaderazo/Code/claude-mermaid-collab/ui/node_modules/[4mreact-dom[24m/cjs/react-dom-client.development.js:25989:20)
}
WebSocket error: Event { isTrusted: [36m[Getter][39m }

 ✓ src/components/supervisor/bridge/rail/ProjectFooter.test.tsx  (7 tests) 172ms
 ✓ src/hooks/__tests__/useWebSocket.test.ts  (10 tests) 141ms
 ✓ src/vendored/t3chat/chat/__tests__/UserInputCard.test.tsx  (5 tests) 161ms
stderr | src/components/question-panel/__tests__/QuestionRenderer.test.tsx > QuestionRenderer > JSON UI parsing > should fallback to Card wrapper if JSON parsing fails
Failed to parse question UI definition: SyntaxError: Expected property name or '}' in JSON at position 1 (line 1 column 2)
    at JSON.parse (<anonymous>)
    at [90m/Users/benmaderazo/Code/claude-mermaid-collab/.collab/agent-sessions/worktrees/leaf-exec-cde0f2bc/ui/[39msrc/components/question-panel/QuestionRenderer.tsx:84:21
    at mountMemo (/Users/benmaderazo/Code/claude-mermaid-collab/ui/node_modules/[4mreact-dom[24m/cjs/react-dom-client.development.js:8777:23)
    at Object.useMemo (/Users/benmaderazo/Code/claude-mermaid-collab/ui/node_modules/[4mreact-dom[24m/cjs/react-dom-client.development.js:26216:18)
    at Proxy.process.env.NODE_ENV.exports.useMemo (/Users/benmaderazo/Code/claude-mermaid-collab/ui/node_modules/[4mreact[24m/cjs/react.development.js:1251:34)
    at QuestionRenderer [90m(/Users/benmaderazo/Code/claude-mermaid-collab/.collab/agent-sessions/worktrees/leaf-exec-cde0f2bc/ui/[39msrc/components/question-panel/QuestionRenderer.tsx:80:23[90m)[39m
    at Object.react_stack_bottom_frame (/Users/benmaderazo/Code/claude-mermaid-collab/ui/node_modules/[4mreact-dom[24m/cjs/react-dom-client.development.js:25904:20)
    at renderWithHooks (/Users/benmaderazo/Code/claude-mermaid-collab/ui/node_modules/[4mreact-dom[24m/cjs/react-dom-client.development.js:7662:22)
    at updateFunctionComponent (/Users/benmaderazo/Code/claude-mermaid-collab/ui/node_modules/[4mreact-dom[24m/cjs/react-dom-client.development.js:10166:19)
    at beginWork (/Users/benmaderazo/Code/claude-mermaid-collab/ui/node_modules/[4mreact-dom[24m/cjs/react-dom-client.development.js:11778:18)

 ✓ src/components/dashboard/__tests__/ItemCard.test.tsx  (7 tests) 128ms
stdout | src/App.test.tsx > App Component > Item 4: Notification ToastContainer Integration > should remove toast when dismiss button clicked
WebSocket reconnection scheduled in 2000ms (attempt 2/5)

stderr | src/App.test.tsx > App Component > Item 4: Notification ToastContainer Integration > should remove toast when dismiss button clicked
WebSocket error: Event { isTrusted: [36m[Getter][39m }

 ✓ src/components/dialogs/__tests__/AddProjectDialog.remoteBrowse.test.tsx  (3 tests) 207ms
stderr | src/App.test.tsx > App Component > Item 4: Notification ToastContainer Integration > should support auto-dismiss with duration prop
WARNING: Panel defaultSize prop recommended to avoid layout shift after server rendering
Notification API not available
An update to ToastContainer inside a test was not wrapped in act(...).

When testing, code that causes React state updates should be wrapped into act(...):

act(() => {
  /* fire events that update state */
});
/* assert on the output */

This ensures that you're testing the behavior the user would see in the browser. Learn more at https://react.dev/link/wrap-tests-with-act
Failed to load projects: TypeError: Failed to parse URL from /api/projects
[90m    at node:internal/deps/undici/undici:15845:13[39m
[90m    at runNextTicks (node:internal/process/task_queues:65:5)[39m
[90m    at listOnTimeout (node:internal/timers:569:9)[39m
[90m    at processTimers (node:internal/timers:543:7)[39m
    at [90m/Users/benmaderazo/Code/claude-mermaid-collab/.collab/agent-sessions/worktrees/leaf-exec-cde0f2bc/ui/[39msrc/App.tsx:465:24 {
  [cause]: TypeError: Invalid URL: /api/projects
      at new URLImpl (/Users/benmaderazo/Code/claude-mermaid-collab/ui/node_modules/[4mwhatwg-url[24m/lib/URL-impl.js:20:13)
      at Object.exports.setup (/Users/benmaderazo/Code/claude-mermaid-collab/ui/node_modules/[4mwhatwg-url[24m/lib/URL.js:54:12)
      at new URL (/Users/benmaderazo/Code/claude-mermaid-collab/ui/node_modules/[4mwhatwg-url[24m/lib/URL.js:115:22)
  [90m    at new Request (node:internal/deps/undici/undici:10413:25)[39m
  [90m    at fetch (node:internal/deps/undici/undici:11325:25)[39m
  [90m    at fetch (node:internal/deps/undici/undici:15843:10)[39m
  [90m    at fetch (node:internal/bootstrap/web/exposed-window-or-worker:83:12)[39m
      at [90m/Users/benmaderazo/Code/claude-mermaid-collab/.collab/agent-sessions/worktrees/leaf-exec-cde0f2bc/ui/[39msrc/App.tsx:465:30
      at [90m/Users/benmaderazo/Code/claude-mermaid-collab/.collab/agent-sessions/worktrees/leaf-exec-cde0f2bc/ui/[39msrc/App.tsx:1342:21
      at Object.react_stack_bottom_frame (/Users/benmaderazo/Code/claude-mermaid-collab/ui/node_modules/[4mreact-dom[24m/cjs/react-dom-client.development.js:25989:20)
}
An update to App inside a test was not wrapped in act(...).

When testing, code that causes React state updates should be wrapped into act(...):

act(() => {
  /* fire events that update state */
});
/* assert on the output */

This ensures that you're testing the behavior the user would see in the browser. Learn more at https://react.dev/link/wrap-tests-with-act
An update to App inside a test was not wrapped in act(...).

When testing, code that causes React state updates should be wrapped into act(...):

act(() => {
  /* fire events that update state */
});
/* assert on the output */

This ensures that you're testing the behavior the user would see in the browser. Learn more at https://react.dev/link/wrap-tests-with-act
An update to ConnectingConsole inside a test was not wrapped in act(...).

When testing, code that causes React state updates should be wrapped into act(...):

act(() => {
  /* fire events that update state */
});
/* assert on the output */

This ensures that you're testing the behavior the user would see in the browser. Learn more at https://react.dev/link/wrap-tests-with-act
An update to ConnectingConsole inside a test was not wrapped in act(...).

When testing, code that causes React state updates should be wrapped into act(...):

act(() => {
  /* fire events that update state */
});
/* assert on the output */

This ensures that you're testing the behavior the user would see in the browser. Learn more at https://react.dev/link/wrap-tests-with-act

stderr | src/components/question-panel/__tests__/QuestionRenderer.test.tsx > QuestionRenderer > Error handling > should handle invalid component types gracefully
Invalid UI component type: Error: Component InvalidComponentType not found
    at Module.<anonymous> [90m(/Users/benmaderazo/Code/claude-mermaid-collab/.collab/agent-sessions/worktrees/leaf-exec-cde0f2bc/ui/[39msrc/components/question-panel/__tests__/QuestionRenderer.test.tsx:40:9[90m)[39m
    at Module.mockCall (file:///Users/benmaderazo/Code/claude-mermaid-collab/ui/node_modules/[4m@vitest/spy[24m/dist/index.js:50:17)
    at Module.validateComponent (file:///Users/benmaderazo/Code/claude-mermaid-collab/ui/node_modules/[4mtinyspy[24m/dist/index.js:42:80)
    at [90m/Users/benmaderazo/Code/claude-mermaid-collab/.collab/agent-sessions/worktrees/leaf-exec-cde0f2bc/ui/[39msrc/components/question-panel/QuestionRenderer.tsx:110:7
    at mountMemo (/Users/benmaderazo/Code/claude-mermaid-collab/ui/node_modules/[4mreact-dom[24m/cjs/react-dom-client.development.js:8777:23)
    at Object.useMemo (/Users/benmaderazo/Code/claude-mermaid-collab/ui/node_modules/[4mreact-dom[24m/cjs/react-dom-client.development.js:26216:18)
    at Proxy.process.env.NODE_ENV.exports.useMemo (/Users/benmaderazo/Code/claude-mermaid-collab/ui/node_modules/[4mreact[24m/cjs/react.development.js:1251:34)
    at QuestionRenderer [90m(/Users/benmaderazo/Code/claude-mermaid-collab/.collab/agent-sessions/worktrees/leaf-exec-cde0f2bc/ui/[39msrc/components/question-panel/QuestionRenderer.tsx:108:28[90m)[39m
    at Object.react_stack_bottom_frame (/Users/benmaderazo/Code/claude-mermaid-collab/ui/node_modules/[4mreact-dom[24m/cjs/react-dom-client.development.js:25904:20)
    at renderWithHooks (/Users/benmaderazo/Code/claude-mermaid-collab/ui/node_modules/[4mreact-dom[24m/cjs/react-dom-client.development.js:7662:22)

 ✓ src/components/question-panel/__tests__/QuestionRenderer.test.tsx  (15 tests) 135ms
stderr | src/components/supervisor/PlanWorkspace.test.tsx > PlanWorkspace detail dock > renders only the plan (no dock) until a todo is selected
In HTML, <button> cannot be a descendant of <button>.
This will cause a hydration error.

  ...
    <main data-testid="plan-works..." className="flex-1 h-f...">
      <ConstraintPeerChips>
      <MissionsStrip>
      <div className="flex-1 min...">
        <div className="h-full min...">
          <PlanPanel serverId="local" project="/p" onSelectTodo={function selectTodo}>
            <div className="flex flex-...">
              <div>
              <div>
              <div className="flex-1 ove...">
                <div className="h-full p-2">
                  <PlanKanban todos={[...]} onSelectTodo={function selectTodo} showCompleted={false} ...>
                    <div data-testid="plan-kanban" className="flex flex-...">
                      <div className="flex-1 min...">
                        <section data-testid="orphan-lane" className="rounded-lg...">
                          <header>
                          <div className="overflow-x...">
                            <div className="flex gap-2...">
                              <PlanCard todo={{id:"A", ...}} unblocks={0} onSelect={function selectTodo} byId={Map} ...>
                                <div className="w-56 shrink-0">
>                                 <button
>                                   type="button"
>                                   data-testid="plan-card"
>                                   data-todo-id="A"
>                                   onClick={function}
>                                   className="w-full text-left rounded-md border px-3 py-2.5 space-y-1.5 transition-c..."
>                                 >
                                    <div>
                                    <div className="flex items...">
                                      <CopyId id="A">
                                        <span className="inline-fle..." title="A">
                                          <span>
>                                         <button
>                                           type="button"
>                                           data-testid="copy-id"
>                                           onClick={function}
>                                           title="Copy full id: A"
>                                           aria-label="Copy id to clipboard"
>                                           className="cursor-pointer leading-none transition-opacity opacity-50 hover..."
>                                         >
              ...

<button> cannot contain a nested <button>.
See this log for the ancestor stack trace.
An update to MissionsStrip inside a test was not wrapped in act(...).

When testing, code that causes React state updates should be wrapped into act(...):

act(() => {
  /* fire events that update state */
});
/* assert on the output */

This ensures that you're testing the behavior the user would see in the browser. Learn more at https://react.dev/link/wrap-tests-with-act

stderr | src/components/supervisor/PlanWorkspace.test.tsx > PlanWorkspace detail dock > opens a resizable SplitPane dock with a drag handle when a todo is selected
WARNING: Panel defaultSize prop recommended to avoid layout shift after server rendering
An update to MissionsStrip inside a test was not wrapped in act(...).

When testing, code that causes React state updates should be wrapped into act(...):

act(() => {
  /* fire events that update state */
});
/* assert on the output */

This ensures that you're testing the behavior the user would see in the browser. Learn more at https://react.dev/link/wrap-tests-with-act

 ✓ src/components/supervisor/PlanWorkspace.test.tsx  (2 tests) 119ms
stderr | src/App.test.tsx > App Component > Item 4: Notification ToastContainer Integration > should display different toast types in DOM
WARNING: Panel defaultSize prop recommended to avoid layout shift after server rendering
Notification API not available
An update to ToastContainer inside a test was not wrapped in act(...).

When testing, code that causes React state updates should be wrapped into act(...):

act(() => {
  /* fire events that update state */
});
/* assert on the output */

This ensures that you're testing the behavior the user would see in the browser. Learn more at https://react.dev/link/wrap-tests-with-act
An update to ToastContainer inside a test was not wrapped in act(...).

When testing, code that causes React state updates should be wrapped into act(...):

act(() => {
  /* fire events that update state */
});
/* assert on the output */

This ensures that you're testing the behavior the user would see in the browser. Learn more at https://react.dev/link/wrap-tests-with-act
An update to ToastContainer inside a test was not wrapped in act(...).

When testing, code that causes React state updates should be wrapped into act(...):

act(() => {
  /* fire events that update state */
});
/* assert on the output */

This ensures that you're testing the behavior the user would see in the browser. Learn more at https://react.dev/link/wrap-tests-with-act
An update to ToastContainer inside a test was not wrapped in act(...).

When testing, code that causes React state updates should be wrapped into act(...):

act(() => {
  /* fire events that update state */
});
/* assert on the output */

This ensures that you're testing the behavior the user would see in the browser. Learn more at https://react.dev/link/wrap-tests-with-act
Failed to load projects: TypeError: Failed to parse URL from /api/projects
[90m    at node:internal/deps/undici/undici:15845:13[39m
[90m    at runNextTicks (node:internal/process/task_queues:65:5)[39m
[90m    at listOnTimeout (node:internal/timers:569:9)[39m
[90m    at processTimers (node:internal/timers:543:7)[39m
    at [90m/Users/benmaderazo/Code/claude-mermaid-collab/.collab/agent-sessions/worktrees/leaf-exec-cde0f2bc/ui/[39msrc/App.tsx:465:24 {
  [cause]: TypeError: Invalid URL: /api/projects
      at new URLImpl (/Users/benmaderazo/Code/claude-mermaid-collab/ui/node_modules/[4mwhatwg-url[24m/lib/URL-impl.js:20:13)
      at Object.exports.setup (/Users/benmaderazo/Code/claude-mermaid-collab/ui/node_modules/[4mwhatwg-url[24m/lib/URL.js:54:12)
      at new URL (/Users/benmaderazo/Code/claude-mermaid-collab/ui/node_modules/[4mwhatwg-url[24m/lib/URL.js:115:22)
  [90m    at new Request (node:internal/deps/undici/undici:10413:25)[39m
  [90m    at fetch (node:internal/deps/undici/undici:11325:25)[39m
  [90m    at fetch (node:internal/deps/undici/undici:15843:10)[39m
  [90m    at fetch (node:internal/bootstrap/web/exposed-window-or-worker:83:12)[39m
      at [90m/Users/benmaderazo/Code/claude-mermaid-collab/.collab/agent-sessions/worktrees/leaf-exec-cde0f2bc/ui/[39msrc/App.tsx:465:30
      at [90m/Users/benmaderazo/Code/claude-mermaid-collab/.collab/agent-sessions/worktrees/leaf-exec-cde0f2bc/ui/[39msrc/App.tsx:1342:21
      at Object.react_stack_bottom_frame (/Users/benmaderazo/Code/claude-mermaid-collab/ui/node_modules/[4mreact-dom[24m/cjs/react-dom-client.development.js:25989:20)
}

stderr | src/App.test.tsx > App Component > Item 4: Notification ToastContainer Integration > should maintain accessibility with aria-live region
WARNING: Panel defaultSize prop recommended to avoid layout shift after server rendering
Notification API not available
Failed to load projects: TypeError: Failed to parse URL from /api/projects
[90m    at node:internal/deps/undici/undici:15845:13[39m
[90m    at runNextTicks (node:internal/process/task_queues:65:5)[39m
[90m    at listOnTimeout (node:internal/timers:569:9)[39m
[90m    at processTimers (node:internal/timers:543:7)[39m
    at [90m/Users/benmaderazo/Code/claude-mermaid-collab/.collab/agent-sessions/worktrees/leaf-exec-cde0f2bc/ui/[39msrc/App.tsx:465:24 {
  [cause]: TypeError: Invalid URL: /api/projects
      at new URLImpl (/Users/benmaderazo/Code/claude-mermaid-collab/ui/node_modules/[4mwhatwg-url[24m/lib/URL-impl.js:20:13)
      at Object.exports.setup (/Users/benmaderazo/Code/claude-mermaid-collab/ui/node_modules/[4mwhatwg-url[24m/lib/URL.js:54:12)
      at new URL (/Users/benmaderazo/Code/claude-mermaid-collab/ui/node_modules/[4mwhatwg-url[24m/lib/URL.js:115:22)
  [90m    at new Request (node:internal/deps/undici/undici:10413:25)[39m
  [90m    at fetch (node:internal/deps/undici/undici:11325:25)[39m
  [90m    at fetch (node:internal/deps/undici/undici:15843:10)[39m
  [90m    at fetch (node:internal/bootstrap/web/exposed-window-or-worker:83:12)[39m
      at [90m/Users/benmaderazo/Code/claude-mermaid-collab/.collab/agent-sessions/worktrees/leaf-exec-cde0f2bc/ui/[39msrc/App.tsx:465:30
      at [90m/Users/benmaderazo/Code/claude-mermaid-collab/.collab/agent-sessions/worktrees/leaf-exec-cde0f2bc/ui/[39msrc/App.tsx:1342:21
      at Object.react_stack_bottom_frame (/Users/benmaderazo/Code/claude-mermaid-collab/ui/node_modules/[4mreact-dom[24m/cjs/react-dom-client.development.js:25989:20)
}
An update to App inside a test was not wrapped in act(...).

When testing, code that causes React state updates should be wrapped into act(...):

act(() => {
  /* fire events that update state */
});
/* assert on the output */

This ensures that you're testing the behavior the user would see in the browser. Learn more at https://react.dev/link/wrap-tests-with-act
An update to App inside a test was not wrapped in act(...).

When testing, code that causes React state updates should be wrapped into act(...):

act(() => {
  /* fire events that update state */
});
/* assert on the output */

This ensures that you're testing the behavior the user would see in the browser. Learn more at https://react.dev/link/wrap-tests-with-act
An update to ConnectingConsole inside a test was not wrapped in act(...).

When testing, code that causes React state updates should be wrapped into act(...):

act(() => {
  /* fire events that update state */
});
/* assert on the output */

This ensures that you're testing the behavior the user would see in the browser. Learn more at https://react.dev/link/wrap-tests-with-act
An update to ConnectingConsole inside a test was not wrapped in act(...).

When testing, code that causes React state updates should be wrapped into act(...):

act(() => {
  /* fire events that update state */
});
/* assert on the output */

This ensures that you're testing the behavior the user would see in the browser. Learn more at https://react.dev/link/wrap-tests-with-act

stderr | src/App.test.tsx > App Component > Item 4: Notification ToastContainer Integration > should not break existing App functionality when ToastContainer is present
WARNING: Panel defaultSize prop recommended to avoid layout shift after server rendering
Notification API not available
Failed to load projects: TypeError: Failed to parse URL from /api/projects
[90m    at node:internal/deps/undici/undici:15845:13[39m
[90m    at runNextTicks (node:internal/process/task_queues:65:5)[39m
[90m    at listOnTimeout (node:internal/timers:569:9)[39m
[90m    at processTimers (node:internal/timers:543:7)[39m
    at [90m/Users/benmaderazo/Code/claude-mermaid-collab/.collab/agent-sessions/worktrees/leaf-exec-cde0f2bc/ui/[39msrc/App.tsx:465:24 {
  [cause]: TypeError: Invalid URL: /api/projects
      at new URLImpl (/Users/benmaderazo/Code/claude-mermaid-collab/ui/node_modules/[4mwhatwg-url[24m/lib/URL-impl.js:20:13)
      at Object.exports.setup (/Users/benmaderazo/Code/claude-mermaid-collab/ui/node_modules/[4mwhatwg-url[24m/lib/URL.js:54:12)
      at new URL (/Users/benmaderazo/Code/claude-mermaid-collab/ui/node_modules/[4mwhatwg-url[24m/lib/URL.js:115:22)
  [90m    at new Request (node:internal/deps/undici/undici:10413:25)[39m
  [90m    at fetch (node:internal/deps/undici/undici:11325:25)[39m
  [90m    at fetch (node:internal/deps/undici/undici:15843:10)[39m
  [90m    at fetch (node:internal/bootstrap/web/exposed-window-or-worker:83:12)[39m
      at [90m/Users/benmaderazo/Code/claude-mermaid-collab/.collab/agent-sessions/worktrees/leaf-exec-cde0f2bc/ui/[39msrc/App.tsx:465:30
      at [90m/Users/benmaderazo/Code/claude-mermaid-collab/.collab/agent-sessions/worktrees/leaf-exec-cde0f2bc/ui/[39msrc/App.tsx:1342:21
      at Object.react_stack_bottom_frame (/Users/benmaderazo/Code/claude-mermaid-collab/ui/node_modules/[4mreact-dom[24m/cjs/react-dom-client.development.js:25989:20)
}
An update to App inside a test was not wrapped in act(...).

When testing, code that causes React state updates should be wrapped into act(...):

act(() => {
  /* fire events that update state */
});
/* assert on the output */

This ensures that you're testing the behavior the user would see in the browser. Learn more at https://react.dev/link/wrap-tests-with-act
An update to App inside a test was not wrapped in act(...).

When testing, code that causes React state updates should be wrapped into act(...):

act(() => {
  /* fire events that update state */
});
/* assert on the output */

This ensures that you're testing the behavior the user would see in the browser. Learn more at https://react.dev/link/wrap-tests-with-act
An update to ConnectingConsole inside a test was not wrapped in act(...).

When testing, code that causes React state updates should be wrapped into act(...):

act(() => {
  /* fire events that update state */
});
/* assert on the output */

This ensures that you're testing the behavior the user would see in the browser. Learn more at https://react.dev/link/wrap-tests-with-act
An update to ConnectingConsole inside a test was not wrapped in act(...).

When testing, code that causes React state updates should be wrapped into act(...):

act(() => {
  /* fire events that update state */
});
/* assert on the output */

This ensures that you're testing the behavior the user would see in the browser. Learn more at https://react.dev/link/wrap-tests-with-act

stderr | src/App.test.tsx > App Component > Item 6: Browser Notification on User Input (blocking messages) > should request notification permission on app mount
WARNING: Panel defaultSize prop recommended to avoid layout shift after server rendering
Failed to load projects: TypeError: Failed to parse URL from /api/projects
[90m    at node:internal/deps/undici/undici:15845:13[39m
[90m    at runNextTicks (node:internal/process/task_queues:65:5)[39m
[90m    at listOnTimeout (node:internal/timers:569:9)[39m
[90m    at processTimers (node:internal/timers:543:7)[39m
    at [90m/Users/benmaderazo/Code/claude-mermaid-collab/.collab/agent-sessions/worktrees/leaf-exec-cde0f2bc/ui/[39msrc/App.tsx:465:24 {
  [cause]: TypeError: Invalid URL: /api/projects
      at new URLImpl (/Users/benmaderazo/Code/claude-mermaid-collab/ui/node_modules/[4mwhatwg-url[24m/lib/URL-impl.js:20:13)
      at Object.exports.setup (/Users/benmaderazo/Code/claude-mermaid-collab/ui/node_modules/[4mwhatwg-url[24m/lib/URL.js:54:12)
      at new URL (/Users/benmaderazo/Code/claude-mermaid-collab/ui/node_modules/[4mwhatwg-url[24m/lib/URL.js:115:22)
  [90m    at new Request (node:internal/deps/undici/undici:10413:25)[39m
  [90m    at fetch (node:internal/deps/undici/undici:11325:25)[39m
  [90m    at fetch (node:internal/deps/undici/undici:15843:10)[39m
  [90m    at fetch (node:internal/bootstrap/web/exposed-window-or-worker:83:12)[39m
      at [90m/Users/benmaderazo/Code/claude-mermaid-collab/.collab/agent-sessions/worktrees/leaf-exec-cde0f2bc/ui/[39msrc/App.tsx:465:30
      at [90m/Users/benmaderazo/Code/claude-mermaid-collab/.collab/agent-sessions/worktrees/leaf-exec-cde0f2bc/ui/[39msrc/App.tsx:1342:21
      at Object.react_stack_bottom_frame (/Users/benmaderazo/Code/claude-mermaid-collab/ui/node_modules/[4mreact-dom[24m/cjs/react-dom-client.development.js:25989:20)
}

stdout | src/App.test.tsx > App Component > Item 6: Browser Notification on User Input (blocking messages) > should request notification permission only once on mount
WebSocket reconnection scheduled in 4000ms (attempt 3/5)

stderr | src/App.test.tsx > App Component > Item 6: Browser Notification on User Input (blocking messages) > should request notification permission only once on mount
WARNING: Panel defaultSize prop recommended to avoid layout shift after server rendering
Failed to load projects: TypeError: Failed to parse URL from /api/projects
[90m    at node:internal/deps/undici/undici:15845:13[39m
[90m    at runNextTicks (node:internal/process/task_queues:65:5)[39m
[90m    at listOnTimeout (node:internal/timers:569:9)[39m
[90m    at processTimers (node:internal/timers:543:7)[39m
    at [90m/Users/benmaderazo/Code/claude-mermaid-collab/.collab/agent-sessions/worktrees/leaf-exec-cde0f2bc/ui/[39msrc/App.tsx:465:24 {
  [cause]: TypeError: Invalid URL: /api/projects
      at new URLImpl (/Users/benmaderazo/Code/claude-mermaid-collab/ui/node_modules/[4mwhatwg-url[24m/lib/URL-impl.js:20:13)
      at Object.exports.setup (/Users/benmaderazo/Code/claude-mermaid-collab/ui/node_modules/[4mwhatwg-url[24m/lib/URL.js:54:12)
      at new URL (/Users/benmaderazo/Code/claude-mermaid-collab/ui/node_modules/[4mwhatwg-url[24m/lib/URL.js:115:22)
  [90m    at new Request (node:internal/deps/undici/undici:10413:25)[39m
  [90m    at fetch (node:internal/deps/undici/undici:11325:25)[39m
  [90m    at fetch (node:internal/deps/undici/undici:15843:10)[39m
  [90m    at fetch (node:internal/bootstrap/web/exposed-window-or-worker:83:12)[39m
      at [90m/Users/benmaderazo/Code/claude-mermaid-collab/.collab/agent-sessions/worktrees/leaf-exec-cde0f2bc/ui/[39msrc/App.tsx:465:30
      at [90m/Users/benmaderazo/Code/claude-mermaid-collab/.collab/agent-sessions/worktrees/leaf-exec-cde0f2bc/ui/[39msrc/App.tsx:1342:21
      at Object.react_stack_bottom_frame (/Users/benmaderazo/Code/claude-mermaid-collab/ui/node_modules/[4mreact-dom[24m/cjs/react-dom-client.development.js:25989:20)
}
WebSocket error: Event { isTrusted: [36m[Getter][39m }

 ✓ src/components/layout/sidebar-tree/__tests__/ArtifactTreeNode.test.tsx  (10 tests) 230ms
stderr | src/components/ai-ui/__tests__/Dropdown.renderer.test.tsx > Dropdown with AIUIRenderer > collects form data from Dropdown through renderer
An update to Dropdown inside a test was not wrapped in act(...).

When testing, code that causes React state updates should be wrapped into act(...):

act(() => {
  /* fire events that update state */
});
/* assert on the output */

This ensures that you're testing the behavior the user would see in the browser. Learn more at https://react.dev/link/wrap-tests-with-act

 ✓ src/components/ai-ui/__tests__/Dropdown.renderer.test.tsx  (4 tests) 205ms
stderr | src/components/notifications/__tests__/ToastContainer.test.tsx > ToastContainer Component > Rendering > renders container div with correct structure
An update to ToastContainer inside a test was not wrapped in act(...).

When testing, code that causes React state updates should be wrapped into act(...):

act(() => {
  /* fire events that update state */
});
/* assert on the output */

This ensures that you're testing the behavior the user would see in the browser. Learn more at https://react.dev/link/wrap-tests-with-act

stderr | src/components/notifications/__tests__/ToastContainer.test.tsx > ToastContainer Component > Rendering > renders empty container when no toasts exist
An update to ToastContainer inside a test was not wrapped in act(...).

When testing, code that causes React state updates should be wrapped into act(...):

act(() => {
  /* fire events that update state */
});
/* assert on the output */

This ensures that you're testing the behavior the user would see in the browser. Learn more at https://react.dev/link/wrap-tests-with-act

stderr | src/components/notifications/__tests__/ToastContainer.test.tsx > ToastContainer Component > Rendering > renders single toast when one exists
An update to ToastContainer inside a test was not wrapped in act(...).

When testing, code that causes React state updates should be wrapped into act(...):

act(() => {
  /* fire events that update state */
});
/* assert on the output */

This ensures that you're testing the behavior the user would see in the browser. Learn more at https://react.dev/link/wrap-tests-with-act

stderr | src/components/notifications/__tests__/ToastContainer.test.tsx > ToastContainer Component > Rendering > renders multiple toasts when several exist
An update to ToastContainer inside a test was not wrapped in act(...).

When testing, code that causes React state updates should be wrapped into act(...):

act(() => {
  /* fire events that update state */
});
/* assert on the output */

This ensures that you're testing the behavior the user would see in the browser. Learn more at https://react.dev/link/wrap-tests-with-act

stderr | src/components/notifications/__tests__/ToastContainer.test.tsx > ToastContainer Component > Positioning > has fixed positioning
An update to ToastContainer inside a test was not wrapped in act(...).

When testing, code that causes React state updates should be wrapped into act(...):

act(() => {
  /* fire events that update state */
});
/* assert on the output */

This ensures that you're testing the behavior the user would see in the browser. Learn more at https://react.dev/link/wrap-tests-with-act

stderr | src/components/notifications/__tests__/ToastContainer.test.tsx > ToastContainer Component > Positioning > is positioned at bottom-right
An update to ToastContainer inside a test was not wrapped in act(...).

When testing, code that causes React state updates should be wrapped into act(...):

act(() => {
  /* fire events that update state */
});
/* assert on the output */

This ensures that you're testing the behavior the user would see in the browser. Learn more at https://react.dev/link/wrap-tests-with-act

stderr | src/components/notifications/__tests__/ToastContainer.test.tsx > ToastContainer Component > Positioning > has very high z-index
An update to ToastContainer inside a test was not wrapped in act(...).

When testing, code that causes React state updates should be wrapped into act(...):

act(() => {
  /* fire events that update state */
});
/* assert on the output */

This ensures that you're testing the behavior the user would see in the browser. Learn more at https://react.dev/link/wrap-tests-with-act

stderr | src/components/notifications/__tests__/ToastContainer.test.tsx > ToastContainer Component > Stacking > stacks toasts vertically
An update to ToastContainer inside a test was not wrapped in act(...).

When testing, code that causes React state updates should be wrapped into act(...):

act(() => {
  /* fire events that update state */
});
/* assert on the output */

This ensures that you're testing the behavior the user would see in the browser. Learn more at https://react.dev/link/wrap-tests-with-act

stderr | src/components/notifications/__tests__/ToastContainer.test.tsx > ToastContainer Component > Stacking > has gap between toasts
An update to ToastContainer inside a test was not wrapped in act(...).

When testing, code that causes React state updates should be wrapped into act(...):

act(() => {
  /* fire events that update state */
});
/* assert on the output */

This ensures that you're testing the behavior the user would see in the browser. Learn more at https://react.dev/link/wrap-tests-with-act

stderr | src/components/notifications/__tests__/ToastContainer.test.tsx > ToastContainer Component > Stacking > displays toasts in reverse order (newest at bottom)
An update to ToastContainer inside a test was not wrapped in act(...).

When testing, code that causes React state updates should be wrapped into act(...):

act(() => {
  /* fire events that update state */
});
/* assert on the output */

This ensures that you're testing the behavior the user would see in the browser. Learn more at https://react.dev/link/wrap-tests-with-act

stderr | src/components/notifications/__tests__/ToastContainer.test.tsx > ToastContainer Component > Maximum Toasts > limits visible toasts to 5 maximum
An update to ToastContainer inside a test was not wrapped in act(...).

When testing, code that causes React state updates should be wrapped into act(...):

act(() => {
  /* fire events that update state */
});
/* assert on the output */

This ensures that you're testing the behavior the user would see in the browser. Learn more at https://react.dev/link/wrap-tests-with-act

stderr | src/components/notifications/__tests__/ToastContainer.test.tsx > ToastContainer Component > Maximum Toasts > shows the 5 most recent toasts when more than 5 exist
An update to ToastContainer inside a test was not wrapped in act(...).

When testing, code that causes React state updates should be wrapped into act(...):

act(() => {
  /* fire events that update state */
});
/* assert on the output */

This ensures that you're testing the behavior the user would see in the browser. Learn more at https://react.dev/link/wrap-tests-with-act

stderr | src/components/notifications/__tests__/ToastContainer.test.tsx > ToastContainer Component > Maximum Toasts > shows fewer than 5 toasts when fewer exist
An update to ToastContainer inside a test was not wrapped in act(...).

When testing, code that causes React state updates should be wrapped into act(...):

act(() => {
  /* fire events that update state */
});
/* assert on the output */

This ensures that you're testing the behavior the user would see in the browser. Learn more at https://react.dev/link/wrap-tests-with-act

stderr | src/components/notifications/__tests__/ToastContainer.test.tsx > ToastContainer Component > Toast Removal > calls removeToast when dismiss is clicked
An update to ToastContainer inside a test was not wrapped in act(...).

When testing, code that causes React state updates should be wrapped into act(...):

act(() => {
  /* fire events that update state */
});
/* assert on the output */

This ensures that you're testing the behavior the user would see in the browser. Learn more at https://react.dev/link/wrap-tests-with-act
An update to ToastContainer inside a test was not wrapped in act(...).

When testing, code that causes React state updates should be wrapped into act(...):

act(() => {
  /* fire events that update state */
});
/* assert on the output */

This ensures that you're testing the behavior the user would see in the browser. Learn more at https://react.dev/link/wrap-tests-with-act

stderr | src/components/notifications/__tests__/ToastContainer.test.tsx > ToastContainer Component > Toast Removal > removes toast from display after removal
An update to ToastContainer inside a test was not wrapped in act(...).

When testing, code that causes React state updates should be wrapped into act(...):

act(() => {
  /* fire events that update state */
});
/* assert on the output */

This ensures that you're testing the behavior the user would see in the browser. Learn more at https://react.dev/link/wrap-tests-with-act
An update to ToastContainer inside a test was not wrapped in act(...).

When testing, code that causes React state updates should be wrapped into act(...):

act(() => {
  /* fire events that update state */
});
/* assert on the output */

This ensures that you're testing the behavior the user would see in the browser. Learn more at https://react.dev/link/wrap-tests-with-act

stderr | src/components/notifications/__tests__/ToastContainer.test.tsx > ToastContainer Component > Accessibility > has proper role="region"
An update to ToastContainer inside a test was not wrapped in act(...).

When testing, code that causes React state updates should be wrapped into act(...):

act(() => {
  /* fire events that update state */
});
/* assert on the output */

This ensures that you're testing the behavior the user would see in the browser. Learn more at https://react.dev/link/wrap-tests-with-act

stderr | src/components/notifications/__tests__/ToastContainer.test.tsx > ToastContainer Component > Accessibility > has aria-live="polite"
An update to ToastContainer inside a test was not wrapped in act(...).

When testing, code that causes React state updates should be wrapped into act(...):

act(() => {
  /* fire events that update state */
});
/* assert on the output */

This ensures that you're testing the behavior the user would see in the browser. Learn more at https://react.dev/link/wrap-tests-with-act

stderr | src/components/notifications/__tests__/ToastContainer.test.tsx > ToastContainer Component > Accessibility > has descriptive aria-label
An update to ToastContainer inside a test was not wrapped in act(...).

When testing, code that causes React state updates should be wrapped into act(...):

act(() => {
  /* fire events that update state */
});
/* assert on the output */

This ensures that you're testing the behavior the user would see in the browser. Learn more at https://react.dev/link/wrap-tests-with-act

stderr | src/components/notifications/__tests__/ToastContainer.test.tsx > ToastContainer Component > Accessibility > renders nested Toast components with proper accessibility
An update to ToastContainer inside a test was not wrapped in act(...).

When testing, code that causes React state updates should be wrapped into act(...):

act(() => {
  /* fire events that update state */
});
/* assert on the output */

This ensures that you're testing the behavior the user would see in the browser. Learn more at https://react.dev/link/wrap-tests-with-act

stderr | src/components/notifications/__tests__/ToastContainer.test.tsx > ToastContainer Component > Pointer Events > has pointer-events-none on container
An update to ToastContainer inside a test was not wrapped in act(...).

When testing, code that causes React state updates should be wrapped into act(...):

act(() => {
  /* fire events that update state */
});
/* assert on the output */

This ensures that you're testing the behavior the user would see in the browser. Learn more at https://react.dev/link/wrap-tests-with-act

stderr | src/components/notifications/__tests__/ToastContainer.test.tsx > ToastContainer Component > Pointer Events > has pointer-events-auto on individual toasts
An update to ToastContainer inside a test was not wrapped in act(...).

When testing, code that causes React state updates should be wrapped into act(...):

act(() => {
  /* fire events that update state */
});
/* assert on the output */

This ensures that you're testing the behavior the user would see in the browser. Learn more at https://react.dev/link/wrap-tests-with-act

stderr | src/components/notifications/__tests__/ToastContainer.test.tsx > ToastContainer Component > Different Toast Types > renders info toasts
An update to ToastContainer inside a test was not wrapped in act(...).

When testing, code that causes React state updates should be wrapped into act(...):

act(() => {
  /* fire events that update state */
});
/* assert on the output */

This ensures that you're testing the behavior the user would see in the browser. Learn more at https://react.dev/link/wrap-tests-with-act

stderr | src/components/notifications/__tests__/ToastContainer.test.tsx > ToastContainer Component > Different Toast Types > renders success toasts
An update to ToastContainer inside a test was not wrapped in act(...).

When testing, code that causes React state updates should be wrapped into act(...):

act(() => {
  /* fire events that update state */
});
/* assert on the output */

This ensures that you're testing the behavior the user would see in the browser. Learn more at https://react.dev/link/wrap-tests-with-act

stderr | src/components/notifications/__tests__/ToastContainer.test.tsx > ToastContainer Component > Different Toast Types > renders warning toasts
An update to ToastContainer inside a test was not wrapped in act(...).

When testing, code that causes React state updates should be wrapped into act(...):

act(() => {
  /* fire events that update state */
});
/* assert on the output */

This ensures that you're testing the behavior the user would see in the browser. Learn more at https://react.dev/link/wrap-tests-with-act

stderr | src/components/notifications/__tests__/ToastContainer.test.tsx > ToastContainer Component > Different Toast Types > renders error toasts
An update to ToastContainer inside a test was not wrapped in act(...).

When testing, code that causes React state updates should be wrapped into act(...):

act(() => {
  /* fire events that update state */
});
/* assert on the output */

This ensures that you're testing the behavior the user would see in the browser. Learn more at https://react.dev/link/wrap-tests-with-act

stderr | src/components/notifications/__tests__/ToastContainer.test.tsx > ToastContainer Component > Different Toast Types > renders mixed toast types together
An update to ToastContainer inside a test was not wrapped in act(...).

When testing, code that causes React state updates should be wrapped into act(...):

act(() => {
  /* fire events that update state */
});
/* assert on the output */

This ensures that you're testing the behavior the user would see in the browser. Learn more at https://react.dev/link/wrap-tests-with-act

stderr | src/components/notifications/__tests__/ToastContainer.test.tsx > ToastContainer Component > Dynamic Updates > adds new toasts dynamically
An update to ToastContainer inside a test was not wrapped in act(...).

When testing, code that causes React state updates should be wrapped into act(...):

act(() => {
  /* fire events that update state */
});
/* assert on the output */

This ensures that you're testing the behavior the user would see in the browser. Learn more at https://react.dev/link/wrap-tests-with-act
An update to ToastContainer inside a test was not wrapped in act(...).

When testing, code that causes React state updates should be wrapped into act(...):

act(() => {
  /* fire events that update state */
});
/* assert on the output */

This ensures that you're testing the behavior the user would see in the browser. Learn more at https://react.dev/link/wrap-tests-with-act

stderr | src/components/notifications/__tests__/ToastContainer.test.tsx > ToastContainer Component > Dynamic Updates > removes toasts dynamically
An update to ToastContainer inside a test was not wrapped in act(...).

When testing, code that causes React state updates should be wrapped into act(...):

act(() => {
  /* fire events that update state */
});
/* assert on the output */

This ensures that you're testing the behavior the user would see in the browser. Learn more at https://react.dev/link/wrap-tests-with-act
An update to ToastContainer inside a test was not wrapped in act(...).

When testing, code that causes React state updates should be wrapped into act(...):

act(() => {
  /* fire events that update state */
});
/* assert on the output */

This ensures that you're testing the behavior the user would see in the browser. Learn more at https://react.dev/link/wrap-tests-with-act

stderr | src/components/notifications/__tests__/ToastContainer.test.tsx > ToastContainer Component > Dynamic Updates > handles rapid toast additions
An update to ToastContainer inside a test was not wrapped in act(...).

When testing, code that causes React state updates should be wrapped into act(...):

act(() => {
  /* fire events that update state */
});
/* assert on the output */

This ensures that you're testing the behavior the user would see in the browser. Learn more at https://react.dev/link/wrap-tests-with-act
An update to ToastContainer inside a test was not wrapped in act(...).

When testing, code that causes React state updates should be wrapped into act(...):

act(() => {
  /* fire events that update state */
});
/* assert on the output */

This ensures that you're testing the behavior the user would see in the browser. Learn more at https://react.dev/link/wrap-tests-with-act
An update to ToastContainer inside a test was not wrapped in act(...).

When testing, code that causes React state updates should be wrapped into act(...):

act(() => {
  /* fire events that update state */
});
/* assert on the output */

This ensures that you're testing the behavior the user would see in the browser. Learn more at https://react.dev/link/wrap-tests-with-act
An update to ToastContainer inside a test was not wrapped in act(...).

When testing, code that causes React state updates should be wrapped into act(...):

act(() => {
  /* fire events that update state */
});
/* assert on the output */

This ensures that you're testing the behavior the user would see in the browser. Learn more at https://react.dev/link/wrap-tests-with-act
An update to ToastContainer inside a test was not wrapped in act(...).

When testing, code that causes React state updates should be wrapped into act(...):

act(() => {
  /* fire events that update state */
});
/* assert on the output */

This ensures that you're testing the behavior the user would see in the browser. Learn more at https://react.dev/link/wrap-tests-with-act
An update to ToastContainer inside a test was not wrapped in act(...).

When testing, code that causes React state updates should be wrapped into act(...):

act(() => {
  /* fire events that update state */
});
/* assert on the output */

This ensures that you're testing the behavior the user would see in the browser. Learn more at https://react.dev/link/wrap-tests-with-act
An update to ToastContainer inside a test was not wrapped in act(...).

When testing, code that causes React state updates should be wrapped into act(...):

act(() => {
  /* fire events that update state */
});
/* assert on the output */

This ensures that you're testing the behavior the user would see in the browser. Learn more at https://react.dev/link/wrap-tests-with-act
An update to ToastContainer inside a test was not wrapped in act(...).

When testing, code that causes React state updates should be wrapped into act(...):

act(() => {
  /* fire events that update state */
});
/* assert on the output */

This ensures that you're testing the behavior the user would see in the browser. Learn more at https://react.dev/link/wrap-tests-with-act
An update to ToastContainer inside a test was not wrapped in act(...).

When testing, code that causes React state updates should be wrapped into act(...):

act(() => {
  /* fire events that update state */
});
/* assert on the output */

This ensures that you're testing the behavior the user would see in the browser. Learn more at https://react.dev/link/wrap-tests-with-act
An update to ToastContainer inside a test was not wrapped in act(...).

When testing, code that causes React state updates should be wrapped into act(...):

act(() => {
  /* fire events that update state */
});
/* assert on the output */

This ensures that you're testing the behavior the user would see in the browser. Learn more at https://react.dev/link/wrap-tests-with-act
An update to ToastContainer inside a test was not wrapped in act(...).

When testing, code that causes React state updates should be wrapped into act(...):

act(() => {
  /* fire events that update state */
});
/* assert on the output */

This ensures that you're testing the behavior the user would see in the browser. Learn more at https://react.dev/link/wrap-tests-with-act

stderr | src/components/notifications/__tests__/ToastContainer.test.tsx > ToastContainer Component > Auto-dismiss Integration > passes removeToast callback to Toast components
An update to ToastContainer inside a test was not wrapped in act(...).

When testing, code that causes React state updates should be wrapped into act(...):

act(() => {
  /* fire events that update state */
});
/* assert on the output */

This ensures that you're testing the behavior the user would see in the browser. Learn more at https://react.dev/link/wrap-tests-with-act

stderr | src/components/notifications/__tests__/ToastContainer.test.tsx > ToastContainer Component > Styling > applies flexbox column-reverse layout
An update to ToastContainer inside a test was not wrapped in act(...).

When testing, code that causes React state updates should be wrapped into act(...):

act(() => {
  /* fire events that update state */
});
/* assert on the output */

This ensures that you're testing the behavior the user would see in the browser. Learn more at https://react.dev/link/wrap-tests-with-act

stderr | src/components/notifications/__tests__/ToastContainer.test.tsx > ToastContainer Component > Styling > has proper spacing with gap
An update to ToastContainer inside a test was not wrapped in act(...).

When testing, code that causes React state updates should be wrapped into act(...):

act(() => {
  /* fire events that update state */
});
/* assert on the output */

This ensures that you're testing the behavior the user would see in the browser. Learn more at https://react.dev/link/wrap-tests-with-act

stderr | src/components/notifications/__tests__/ToastContainer.test.tsx > ToastContainer Component > Styling > maintains bottom-right corner position
An update to ToastContainer inside a test was not wrapped in act(...).

When testing, code that causes React state updates should be wrapped into act(...):

act(() => {
  /* fire events that update state */
});
/* assert on the output */

This ensures that you're testing the behavior the user would see in the browser. Learn more at https://react.dev/link/wrap-tests-with-act

stderr | src/components/notifications/__tests__/ToastContainer.test.tsx > ToastContainer Component > Edge Cases > handles clearing all toasts
An update to ToastContainer inside a test was not wrapped in act(...).

When testing, code that causes React state updates should be wrapped into act(...):

act(() => {
  /* fire events that update state */
});
/* assert on the output */

This ensures that you're testing the behavior the user would see in the browser. Learn more at https://react.dev/link/wrap-tests-with-act
An update to ToastContainer inside a test was not wrapped in act(...).

When testing, code that causes React state updates should be wrapped into act(...):

act(() => {
  /* fire events that update state */
});
/* assert on the output */

This ensures that you're testing the behavior the user would see in the browser. Learn more at https://react.dev/link/wrap-tests-with-act

stderr | src/components/notifications/__tests__/ToastContainer.test.tsx > ToastContainer Component > Edge Cases > handles exactly 5 toasts at limit
An update to ToastContainer inside a test was not wrapped in act(...).

When testing, code that causes React state updates should be wrapped into act(...):

act(() => {
  /* fire events that update state */
});
/* assert on the output */

This ensures that you're testing the behavior the user would see in the browser. Learn more at https://react.dev/link/wrap-tests-with-act

stderr | src/components/notifications/__tests__/ToastContainer.test.tsx > ToastContainer Component > Edge Cases > handles exactly 6 toasts (1 hidden)
An update to ToastContainer inside a test was not wrapped in act(...).

When testing, code that causes React state updates should be wrapped into act(...):

act(() => {
  /* fire events that update state */
});
/* assert on the output */

This ensures that you're testing the behavior the user would see in the browser. Learn more at https://react.dev/link/wrap-tests-with-act

 ✓ src/components/notifications/__tests__/ToastContainer.test.tsx  (36 tests) 170ms
stderr | src/App.test.tsx > App Component > Item 6: Browser Notification on User Input (blocking messages) > should show notification when blocking ui_render message arrives
WARNING: Panel defaultSize prop recommended to avoid layout shift after server rendering
Failed to load projects: TypeError: Failed to parse URL from /api/projects
[90m    at node:internal/deps/undici/undici:15845:13[39m
[90m    at runNextTicks (node:internal/process/task_queues:65:5)[39m
[90m    at listOnTimeout (node:internal/timers:569:9)[39m
[90m    at processTimers (node:internal/timers:543:7)[39m
    at [90m/Users/benmaderazo/Code/claude-mermaid-collab/.collab/agent-sessions/worktrees/leaf-exec-cde0f2bc/ui/[39msrc/App.tsx:465:24 {
  [cause]: TypeError: Invalid URL: /api/projects
      at new URLImpl (/Users/benmaderazo/Code/claude-mermaid-collab/ui/node_modules/[4mwhatwg-url[24m/lib/URL-impl.js:20:13)
      at Object.exports.setup (/Users/benmaderazo/Code/claude-mermaid-collab/ui/node_modules/[4mwhatwg-url[24m/lib/URL.js:54:12)
      at new URL (/Users/benmaderazo/Code/claude-mermaid-collab/ui/node_modules/[4mwhatwg-url[24m/lib/URL.js:115:22)
  [90m    at new Request (node:internal/deps/undici/undici:10413:25)[39m
  [90m    at fetch (node:internal/deps/undici/undici:11325:25)[39m
  [90m    at fetch (node:internal/deps/undici/undici:15843:10)[39m
  [90m    at fetch (node:internal/bootstrap/web/exposed-window-or-worker:83:12)[39m
      at [90m/Users/benmaderazo/Code/claude-mermaid-collab/.collab/agent-sessions/worktrees/leaf-exec-cde0f2bc/ui/[39msrc/App.tsx:465:30
      at [90m/Users/benmaderazo/Code/claude-mermaid-collab/.collab/agent-sessions/worktrees/leaf-exec-cde0f2bc/ui/[39msrc/App.tsx:1342:21
      at Object.react_stack_bottom_frame (/Users/benmaderazo/Code/claude-mermaid-collab/ui/node_modules/[4mreact-dom[24m/cjs/react-dom-client.development.js:25989:20)
}
An update to Header inside a test was not wrapped in act(...).

When testing, code that causes React state updates should be wrapped into act(...):

act(() => {
  /* fire events that update state */
});
/* assert on the output */

This ensures that you're testing the behavior the user would see in the browser. Learn more at https://react.dev/link/wrap-tests-with-act
An update to SupervisorPanel inside a test was not wrapped in act(...).

When testing, code that causes React state updates should be wrapped into act(...):

act(() => {
  /* fire events that update state */
});
/* assert on the output */

This ensures that you're testing the behavior the user would see in the browser. Learn more at https://react.dev/link/wrap-tests-with-act
An update to SupervisorPanel inside a test was not wrapped in act(...).

When testing, code that causes React state updates should be wrapped into act(...):

act(() => {
  /* fire events that update state */
});
/* assert on the output */

This ensures that you're testing the behavior the user would see in the browser. Learn more at https://react.dev/link/wrap-tests-with-act
An update to SubscriptionsPanel inside a test was not wrapped in act(...).

When testing, code that causes React state updates should be wrapped into act(...):

act(() => {
  /* fire events that update state */
});
/* assert on the output */

This ensures that you're testing the behavior the user would see in the browser. Learn more at https://react.dev/link/wrap-tests-with-act
An update to ArtifactTree inside a test was not wrapped in act(...).

When testing, code that causes React state updates should be wrapped into act(...):

act(() => {
  /* fire events that update state */
});
/* assert on the output */

This ensures that you're testing the behavior the user would see in the browser. Learn more at https://react.dev/link/wrap-tests-with-act
An update to ArtifactTree inside a test was not wrapped in act(...).

When testing, code that causes React state updates should be wrapped into act(...):

act(() => {
  /* fire events that update state */
});
/* assert on the output */

This ensures that you're testing the behavior the user would see in the browser. Learn more at https://react.dev/link/wrap-tests-with-act
An update to ArtifactTree inside a test was not wrapped in act(...).

When testing, code that causes React state updates should be wrapped into act(...):

act(() => {
  /* fire events that update state */
});
/* assert on the output */

This ensures that you're testing the behavior the user would see in the browser. Learn more at https://react.dev/link/wrap-tests-with-act
An update to ArtifactTree inside a test was not wrapped in act(...).

When testing, code that causes React state updates should be wrapped into act(...):

act(() => {
  /* fire events that update state */
});
/* assert on the output */

This ensures that you're testing the behavior the user would see in the browser. Learn more at https://react.dev/link/wrap-tests-with-act
An update to ArtifactTree inside a test was not wrapped in act(...).

When testing, code that causes React state updates should be wrapped into act(...):

act(() => {
  /* fire events that update state */
});
/* assert on the output */

This ensures that you're testing the behavior the user would see in the browser. Learn more at https://react.dev/link/wrap-tests-with-act
An update to ArtifactTree inside a test was not wrapped in act(...).

When testing, code that causes React state updates should be wrapped into act(...):

act(() => {
  /* fire events that update state */
});
/* assert on the output */

This ensures that you're testing the behavior the user would see in the browser. Learn more at https://react.dev/link/wrap-tests-with-act
An update to ArtifactTree inside a test was not wrapped in act(...).

When testing, code that causes React state updates should be wrapped into act(...):

act(() => {
  /* fire events that update state */
});
/* assert on the output */

This ensures that you're testing the behavior the user would see in the browser. Learn more at https://react.dev/link/wrap-tests-with-act
An update to ArtifactTree inside a test was not wrapped in act(...).

When testing, code that causes React state updates should be wrapped into act(...):

act(() => {
  /* fire events that update state */
});
/* assert on the output */

This ensures that you're testing the behavior the user would see in the browser. Learn more at https://react.dev/link/wrap-tests-with-act
An update to ArtifactTree inside a test was not wrapped in act(...).

When testing, code that causes React state updates should be wrapped into act(...):

act(() => {
  /* fire events that update state */
});
/* assert on the output */

This ensures that you're testing the behavior the user would see in the browser. Learn more at https://react.dev/link/wrap-tests-with-act
An update to ArtifactTree inside a test was not wrapped in act(...).

When testing, code that causes React state updates should be wrapped into act(...):

act(() => {
  /* fire events that update state */
});
/* assert on the output */

This ensures that you're testing the behavior the user would see in the browser. Learn more at https://react.dev/link/wrap-tests-with-act
An update to Sidebar inside a test was not wrapped in act(...).

When testing, code that causes React state updates should be wrapped into act(...):

act(() => {
  /* fire events that update state */
});
/* assert on the output */

This ensures that you're testing the behavior the user would see in the browser. Learn more at https://react.dev/link/wrap-tests-with-act
An update to Sidebar inside a test was not wrapped in act(...).

When testing, code that causes React state updates should be wrapped into act(...):

act(() => {
  /* fire events that update state */
});
/* assert on the output */

This ensures that you're testing the behavior the user would see in the browser. Learn more at https://react.dev/link/wrap-tests-with-act
An update to BridgeDashboard inside a test was not wrapped in act(...).

When testing, code that causes React state updates should be wrapped into act(...):

act(() => {
  /* fire events that update state */
});
/* assert on the output */

This ensures that you're testing the behavior the user would see in the browser. Learn more at https://react.dev/link/wrap-tests-with-act
An update to GlobalSearch inside a test was not wrapped in act(...).

When testing, code that causes React state updates should be wrapped into act(...):

act(() => {
  /* fire events that update state */
});
/* assert on the output */

This ensures that you're testing the behavior the user would see in the browser. Learn more at https://react.dev/link/wrap-tests-with-act
An update to GlobalSearch inside a test was not wrapped in act(...).

When testing, code that causes React state updates should be wrapped into act(...):

act(() => {
  /* fire events that update state */
});
/* assert on the output */

This ensures that you're testing the behavior the user would see in the browser. Learn more at https://react.dev/link/wrap-tests-with-act
An update to GlobalSearch inside a test was not wrapped in act(...).

When testing, code that causes React state updates should be wrapped into act(...):

act(() => {
  /* fire events that update state */
});
/* assert on the output */

This ensures that you're testing the behavior the user would see in the browser. Learn more at https://react.dev/link/wrap-tests-with-act
An update to GlobalSearch inside a test was not wrapped in act(...).

When testing, code that causes React state updates should be wrapped into act(...):

act(() => {
  /* fire events that update state */
});
/* assert on the output */

This ensures that you're testing the behavior the user would see in the browser. Learn more at https://react.dev/link/wrap-tests-with-act
An update to App inside a test was not wrapped in act(...).

When testing, code that causes React state updates should be wrapped into act(...):

act(() => {
  /* fire events that update state */
});
/* assert on the output */

This ensures that you're testing the behavior the user would see in the browser. Learn more at https://react.dev/link/wrap-tests-with-act
An update to App inside a test was not wrapped in act(...).

When testing, code that causes React state updates should be wrapped into act(...):

act(() => {
  /* fire events that update state */
});
/* assert on the output */

This ensures that you're testing the behavior the user would see in the browser. Learn more at https://react.dev/link/wrap-tests-with-act
An update to Header inside a test was not wrapped in act(...).

When testing, code that causes React state updates should be wrapped into act(...):

act(() => {
  /* fire events that update state */
});
/* assert on the output */

This ensures that you're testing the behavior the user would see in the browser. Learn more at https://react.dev/link/wrap-tests-with-act
An update to SupervisorPanel inside a test was not wrapped in act(...).

When testing, code that causes React state updates should be wrapped into act(...):

act(() => {
  /* fire events that update state */
});
/* assert on the output */

This ensures that you're testing the behavior the user would see in the browser. Learn more at https://react.dev/link/wrap-tests-with-act
An update to SupervisorPanel inside a test was not wrapped in act(...).

When testing, code that causes React state updates should be wrapped into act(...):

act(() => {
  /* fire events that update state */
});
/* assert on the output */

This ensures that you're testing the behavior the user would see in the browser. Learn more at https://react.dev/link/wrap-tests-with-act
An update to SubscriptionsPanel inside a test was not wrapped in act(...).

When testing, code that causes React state updates should be wrapped into act(...):

act(() => {
  /* fire events that update state */
});
/* assert on the output */

This ensures that you're testing the behavior the user would see in the browser. Learn more at https://react.dev/link/wrap-tests-with-act
An update to ArtifactTree inside a test was not wrapped in act(...).

When testing, code that causes React state updates should be wrapped into act(...):

act(() => {
  /* fire events that update state */
});
/* assert on the output */

This ensures that you're testing the behavior the user would see in the browser. Learn more at https://react.dev/link/wrap-tests-with-act
An update to ArtifactTree inside a test was not wrapped in act(...).

When testing, code that causes React state updates should be wrapped into act(...):

act(() => {
  /* fire events that update state */
});
/* assert on the output */

This ensures that you're testing the behavior the user would see in the browser. Learn more at https://react.dev/link/wrap-tests-with-act
An update to ArtifactTree inside a test was not wrapped in act(...).

When testing, code that causes React state updates should be wrapped into act(...):

act(() => {
  /* fire events that update state */
});
/* assert on the output */

This ensures that you're testing the behavior the user would see in the browser. Learn more at https://react.dev/link/wrap-tests-with-act
An update to ArtifactTree inside a test was not wrapped in act(...).

When testing, code that causes React state updates should be wrapped into act(...):

act(() => {
  /* fire events that update state */
});
/* assert on the output */

This ensures that you're testing the behavior the user would see in the browser. Learn more at https://react.dev/link/wrap-tests-with-act
An update to ArtifactTree inside a test was not wrapped in act(...).

When testing, code that causes React state updates should be wrapped into act(...):

act(() => {
  /* fire events that update state */
});
/* assert on the output */

This ensures that you're testing the behavior the user would see in the browser. Learn more at https://react.dev/link/wrap-tests-with-act
An update to ArtifactTree inside a test was not wrapped in act(...).

When testing, code that causes React state updates should be wrapped into act(...):

act(() => {
  /* fire events that update state */
});
/* assert on the output */

This ensures that you're testing the behavior the user would see in the browser. Learn more at https://react.dev/link/wrap-tests-with-act
An update to ArtifactTree inside a test was not wrapped in act(...).

When testing, code that causes React state updates should be wrapped into act(...):

act(() => {
  /* fire events that update state */
});
/* assert on the output */

This ensures that you're testing the behavior the user would see in the browser. Learn more at https://react.dev/link/wrap-tests-with-act
An update to ArtifactTree inside a test was not wrapped in act(...).

When testing, code that causes React state updates should be wrapped into act(...):

act(() => {
  /* fire events that update state */
});
/* assert on the output */

This ensures that you're testing the behavior the user would see in the browser. Learn more at https://react.dev/link/wrap-tests-with-act
An update to ArtifactTree inside a test was not wrapped in act(...).

When testing, code that causes React state updates should be wrapped into act(...):

act(() => {
  /* fire events that update state */
});
/* assert on the output */

This ensures that you're testing the behavior the user would see in the browser. Learn more at https://react.dev/link/wrap-tests-with-act
An update to ArtifactTree inside a test was not wrapped in act(...).

When testing, code that causes React state updates should be wrapped into act(...):

act(() => {
  /* fire events that update state */
});
/* assert on the output */

This ensures that you're testing the behavior the user would see in the browser. Learn more at https://react.dev/link/wrap-tests-with-act
An update to Sidebar inside a test was not wrapped in act(...).

When testing, code that causes React state updates should be wrapped into act(...):

act(() => {
  /* fire events that update state */
});
/* assert on the output */

This ensures that you're testing the behavior the user would see in the browser. Learn more at https://react.dev/link/wrap-tests-with-act
An update to Sidebar inside a test was not wrapped in act(...).

When testing, code that causes React state updates should be wrapped into act(...):

act(() => {
  /* fire events that update state */
});
/* assert on the output */

This ensures that you're testing the behavior the user would see in the browser. Learn more at https://react.dev/link/wrap-tests-with-act
An update to BridgeDashboard inside a test was not wrapped in act(...).

When testing, code that causes React state updates should be wrapped into act(...):

act(() => {
  /* fire events that update state */
});
/* assert on the output */

This ensures that you're testing the behavior the user would see in the browser. Learn more at https://react.dev/link/wrap-tests-with-act
An update to GlobalSearch inside a test was not wrapped in act(...).

When testing, code that causes React state updates should be wrapped into act(...):

act(() => {
  /* fire events that update state */
});
/* assert on the output */

This ensures that you're testing the behavior the user would see in the browser. Learn more at https://react.dev/link/wrap-tests-with-act
An update to GlobalSearch inside a test was not wrapped in act(...).

When testing, code that causes React state updates should be wrapped into act(...):

act(() => {
  /* fire events that update state */
});
/* assert on the output */

This ensures that you're testing the behavior the user would see in the browser. Learn more at https://react.dev/link/wrap-tests-with-act
An update to GlobalSearch inside a test was not wrapped in act(...).

When testing, code that causes React state updates should be wrapped into act(...):

act(() => {
  /* fire events that update state */
});
/* assert on the output */

This ensures that you're testing the behavior the user would see in the browser. Learn more at https://react.dev/link/wrap-tests-with-act
An update to GlobalSearch inside a test was not wrapped in act(...).

When testing, code that causes React state updates should be wrapped into act(...):

act(() => {
  /* fire events that update state */
});
/* assert on the output */

This ensures that you're testing the behavior the user would see in the browser. Learn more at https://react.dev/link/wrap-tests-with-act
An update to App inside a test was not wrapped in act(...).

When testing, code that causes React state updates should be wrapped into act(...):

act(() => {
  /* fire events that update state */
});
/* assert on the output */

This ensures that you're testing the behavior the user would see in the browser. Learn more at https://react.dev/link/wrap-tests-with-act
An update to App inside a test was not wrapped in act(...).

When testing, code that causes React state updates should be wrapped into act(...):

act(() => {
  /* fire events that update state */
});
/* assert on the output */

This ensures that you're testing the behavior the user would see in the browser. Learn more at https://react.dev/link/wrap-tests-with-act
WARNING: Panel defaultSize prop recommended to avoid layout shift after server rendering
WARNING: Panel defaultSize prop recommended to avoid layout shift after server rendering
An update to ArtifactTree inside a test was not wrapped in act(...).

When testing, code that causes React state updates should be wrapped into act(...):

act(() => {
  /* fire events that update state */
});
/* assert on the output */

This ensures that you're testing the behavior the user would see in the browser. Learn more at https://react.dev/link/wrap-tests-with-act
An update to ArtifactTree inside a test was not wrapped in act(...).

When testing, code that causes React state updates should be wrapped into act(...):

act(() => {
  /* fire events that update state */
});
/* assert on the output */

This ensures that you're testing the behavior the user would see in the browser. Learn more at https://react.dev/link/wrap-tests-with-act
An update to ArtifactTree inside a test was not wrapped in act(...).

When testing, code that causes React state updates should be wrapped into act(...):

act(() => {
  /* fire events that update state */
});
/* assert on the output */

This ensures that you're testing the behavior the user would see in the browser. Learn more at https://react.dev/link/wrap-tests-with-act
An update to EventStream inside a test was not wrapped in act(...).

When testing, code that causes React state updates should be wrapped into act(...):

act(() => {
  /* fire events that update state */
});
/* assert on the output */

This ensures that you're testing the behavior the user would see in the browser. Learn more at https://react.dev/link/wrap-tests-with-act
An update to PanelResizeHandle inside a test was not wrapped in act(...).

When testing, code that causes React state updates should be wrapped into act(...):

act(() => {
  /* fire events that update state */
});
/* assert on the output */

This ensures that you're testing the behavior the user would see in the browser. Learn more at https://react.dev/link/wrap-tests-with-act
An update to BridgeDashboard inside a test was not wrapped in act(...).

When testing, code that causes React state updates should be wrapped into act(...):

act(() => {
  /* fire events that update state */
});
/* assert on the output */

This ensures that you're testing the behavior the user would see in the browser. Learn more at https://react.dev/link/wrap-tests-with-act
An update to PanelResizeHandle inside a test was not wrapped in act(...).

When testing, code that causes React state updates should be wrapped into act(...):

act(() => {
  /* fire events that update state */
});
/* assert on the output */

This ensures that you're testing the behavior the user would see in the browser. Learn more at https://react.dev/link/wrap-tests-with-act
An update to App inside a test was not wrapped in act(...).

When testing, code that causes React state updates should be wrapped into act(...):

act(() => {
  /* fire events that update state */
});
/* assert on the output */

This ensures that you're testing the behavior the user would see in the browser. Learn more at https://react.dev/link/wrap-tests-with-act
An update to App inside a test was not wrapped in act(...).

When testing, code that causes React state updates should be wrapped into act(...):

act(() => {
  /* fire events that update state */
});
/* assert on the output */

This ensures that you're testing the behavior the user would see in the browser. Learn more at https://react.dev/link/wrap-tests-with-act
An update to App inside a test was not wrapped in act(...).

When testing, code that causes React state updates should be wrapped into act(...):

act(() => {
  /* fire events that update state */
});
/* assert on the output */

This ensures that you're testing the behavior the user would see in the browser. Learn more at https://react.dev/link/wrap-tests-with-act
An update to OrchestratorLadder inside a test was not wrapped in act(...).

When testing, code that causes React state updates should be wrapped into act(...):

act(() => {
  /* fire events that update state */
});
/* assert on the output */

This ensures that you're testing the behavior the user would see in the browser. Learn more at https://react.dev/link/wrap-tests-with-act
An update to OrchestratorLadder inside a test was not wrapped in act(...).

When testing, code that causes React state updates should be wrapped into act(...):

act(() => {
  /* fire events that update state */
});
/* assert on the output */

This ensures that you're testing the behavior the user would see in the browser. Learn more at https://react.dev/link/wrap-tests-with-act
An update to PoolSizeControl inside a test was not wrapped in act(...).

When testing, code that causes React state updates should be wrapped into act(...):

act(() => {
  /* fire events that update state */
});
/* assert on the output */

This ensures that you're testing the behavior the user would see in the browser. Learn more at https://react.dev/link/wrap-tests-with-act
Failed to load session todos: TypeError: Failed to parse URL from /api/session-todos?project=test-project&session=test-session
[90m    at node:internal/deps/undici/undici:15845:13[39m
[90m    at runNextTicks (node:internal/process/task_queues:65:5)[39m
[90m    at listOnTimeout (node:internal/timers:569:9)[39m
[90m    at processTimers (node:internal/timers:543:7)[39m
    at Object.getSessionTodos [90m(/Users/benmaderazo/Code/claude-mermaid-collab/.collab/agent-sessions/worktrees/leaf-exec-cde0f2bc/ui/[39msrc/lib/api.ts:709:22[90m)[39m {
  [cause]: TypeError: Invalid URL: /api/session-todos?project=test-project&session=test-session
      at new URLImpl (/Users/benmaderazo/Code/claude-mermaid-collab/ui/node_modules/[4mwhatwg-url[24m/lib/URL-impl.js:20:13)
      at Object.exports.setup (/Users/benmaderazo/Code/claude-mermaid-collab/ui/node_modules/[4mwhatwg-url[24m/lib/URL.js:54:12)
      at new URL (/Users/benmaderazo/Code/claude-mermaid-collab/ui/node_modules/[4mwhatwg-url[24m/lib/URL.js:115:22)
  [90m    at new Request (node:internal/deps/undici/undici:10413:25)[39m
  [90m    at fetch (node:internal/deps/undici/undici:11325:25)[39m
  [90m    at fetch (node:internal/deps/undici/undici:15843:10)[39m
  [90m    at fetch (node:internal/bootstrap/web/exposed-window-or-worker:83:12)[39m
      at Object.getSessionTodos [90m(/Users/benmaderazo/Code/claude-mermaid-collab/.collab/agent-sessions/worktrees/leaf-exec-cde0f2bc/ui/[39msrc/lib/api.ts:709:28[90m)[39m
      at Object.setCurrentSession [90m(/Users/benmaderazo/Code/claude-mermaid-collab/.collab/agent-sessions/worktrees/leaf-exec-cde0f2bc/ui/[39msrc/stores/sessionStore.ts:281:10[90m)[39m
      at [90m/Users/benmaderazo/Code/claude-mermaid-collab/.collab/agent-sessions/worktrees/leaf-exec-cde0f2bc/ui/[39msrc/App.test.tsx:745:20
}
An update to MissionBlock inside a test was not wrapped in act(...).

When testing, code that causes React state updates should be wrapped into act(...):

act(() => {
  /* fire events that update state */
});
/* assert on the output */

This ensures that you're testing the behavior the user would see in the browser. Learn more at https://react.dev/link/wrap-tests-with-act
An update to App inside a test was not wrapped in act(...).

When testing, code that causes React state updates should be wrapped into act(...):

act(() => {
  /* fire events that update state */
});
/* assert on the output */

This ensures that you're testing the behavior the user would see in the browser. Learn more at https://react.dev/link/wrap-tests-with-act
An update to App inside a test was not wrapped in act(...).

When testing, code that causes React state updates should be wrapped into act(...):

act(() => {
  /* fire events that update state */
});
/* assert on the output */

This ensures that you're testing the behavior the user would see in the browser. Learn more at https://react.dev/link/wrap-tests-with-act

stderr | src/App.test.tsx > App Component > Item 6: Browser Notification on User Input (blocking messages) > should not show notification for non-blocking messages
WARNING: Panel defaultSize prop recommended to avoid layout shift after server rendering
WARNING: Panel defaultSize prop recommended to avoid layout shift after server rendering
WARNING: Panel defaultSize prop recommended to avoid layout shift after server rendering
Failed to load projects: TypeError: Failed to parse URL from /api/projects
[90m    at node:internal/deps/undici/undici:15845:13[39m
[90m    at runNextTicks (node:internal/process/task_queues:65:5)[39m
[90m    at listOnTimeout (node:internal/timers:569:9)[39m
[90m    at processTimers (node:internal/timers:543:7)[39m
    at [90m/Users/benmaderazo/Code/claude-mermaid-collab/.collab/agent-sessions/worktrees/leaf-exec-cde0f2bc/ui/[39msrc/App.tsx:465:24 {
  [cause]: TypeError: Invalid URL: /api/projects
      at new URLImpl (/Users/benmaderazo/Code/claude-mermaid-collab/ui/node_modules/[4mwhatwg-url[24m/lib/URL-impl.js:20:13)
      at Object.exports.setup (/Users/benmaderazo/Code/claude-mermaid-collab/ui/node_modules/[4mwhatwg-url[24m/lib/URL.js:54:12)
      at new URL (/Users/benmaderazo/Code/claude-mermaid-collab/ui/node_modules/[4mwhatwg-url[24m/lib/URL.js:115:22)
  [90m    at new Request (node:internal/deps/undici/undici:10413:25)[39m
  [90m    at fetch (node:internal/deps/undici/undici:11325:25)[39m
  [90m    at fetch (node:internal/deps/undici/undici:15843:10)[39m
  [90m    at fetch (node:internal/bootstrap/web/exposed-window-or-worker:83:12)[39m
      at [90m/Users/benmaderazo/Code/claude-mermaid-collab/.collab/agent-sessions/worktrees/leaf-exec-cde0f2bc/ui/[39msrc/App.tsx:465:30
      at [90m/Users/benmaderazo/Code/claude-mermaid-collab/.collab/agent-sessions/worktrees/leaf-exec-cde0f2bc/ui/[39msrc/App.tsx:1342:21
      at Object.react_stack_bottom_frame (/Users/benmaderazo/Code/claude-mermaid-collab/ui/node_modules/[4mreact-dom[24m/cjs/react-dom-client.development.js:25989:20)
}

stdout | src/App.test.tsx > App Component > Item 6: Browser Notification on User Input (blocking messages) > should not show notification for non-blocking messages
WebSocket reconnection scheduled in 8000ms (attempt 4/5)

stderr | src/App.test.tsx > App Component > Item 6: Browser Notification on User Input (blocking messages) > should not show notification for non-blocking messages
WebSocket error: Event { isTrusted: [36m[Getter][39m }
An update to ConnectingConsole inside a test was not wrapped in act(...).

When testing, code that causes React state updates should be wrapped into act(...):

act(() => {
  /* fire events that update state */
});
/* assert on the output */

This ensures that you're testing the behavior the user would see in the browser. Learn more at https://react.dev/link/wrap-tests-with-act
An update to ConnectingConsole inside a test was not wrapped in act(...).

When testing, code that causes React state updates should be wrapped into act(...):

act(() => {
  /* fire events that update state */
});
/* assert on the output */

This ensures that you're testing the behavior the user would see in the browser. Learn more at https://react.dev/link/wrap-tests-with-act
An update to App inside a test was not wrapped in act(...).

When testing, code that causes React state updates should be wrapped into act(...):

act(() => {
  /* fire events that update state */
});
/* assert on the output */

This ensures that you're testing the behavior the user would see in the browser. Learn more at https://react.dev/link/wrap-tests-with-act
An update to ConnectingConsole inside a test was not wrapped in act(...).

When testing, code that causes React state updates should be wrapped into act(...):

act(() => {
  /* fire events that update state */
});
/* assert on the output */

This ensures that you're testing the behavior the user would see in the browser. Learn more at https://react.dev/link/wrap-tests-with-act
An update to ConnectingConsole inside a test was not wrapped in act(...).

When testing, code that causes React state updates should be wrapped into act(...):

act(() => {
  /* fire events that update state */
});
/* assert on the output */

This ensures that you're testing the behavior the user would see in the browser. Learn more at https://react.dev/link/wrap-tests-with-act

 ✓ src/components/layout/sidebar-tree/__tests__/SidebarNodeContextMenu.test.tsx  (8 tests) 181ms
stdout | src/App.test.tsx > App Component > Item 6: Browser Notification on User Input (blocking messages) > should not show notification for non-blocking messages
WebSocket reconnection scheduled in 16000ms (attempt 5/5)

stderr | src/App.test.tsx > App Component > Item 6: Browser Notification on User Input (blocking messages) > should not show notification for non-blocking messages
WebSocket error: Event { isTrusted: [36m[Getter][39m }
An update to ConnectingConsole inside a test was not wrapped in act(...).

When testing, code that causes React state updates should be wrapped into act(...):

act(() => {
  /* fire events that update state */
});
/* assert on the output */

This ensures that you're testing the behavior the user would see in the browser. Learn more at https://react.dev/link/wrap-tests-with-act
An update to ConnectingConsole inside a test was not wrapped in act(...).

When testing, code that causes React state updates should be wrapped into act(...):

act(() => {
  /* fire events that update state */
});
/* assert on the output */

This ensures that you're testing the behavior the user would see in the browser. Learn more at https://react.dev/link/wrap-tests-with-act
An update to App inside a test was not wrapped in act(...).

When testing, code that causes React state updates should be wrapped into act(...):

act(() => {
  /* fire events that update state */
});
/* assert on the output */

This ensures that you're testing the behavior the user would see in the browser. Learn more at https://react.dev/link/wrap-tests-with-act
An update to ConnectingConsole inside a test was not wrapped in act(...).

When testing, code that causes React state updates should be wrapped into act(...):

act(() => {
  /* fire events that update state */
});
/* assert on the output */

This ensures that you're testing the behavior the user would see in the browser. Learn more at https://react.dev/link/wrap-tests-with-act

stdout | src/App.test.tsx > App Component > Item 6: Browser Notification on User Input (blocking messages) > should not show notification for non-blocking messages
<empty line>
stderr | src/App.test.tsx > App Component > Item 6: Browser Notification on User Input (blocking messages) > should not show notification for non-blocking messages
WebSocket error: Event { isTrusted: [36m[Getter][39m }
An update to ConnectingConsole inside a test was not wrapped in act(...).

When testing, code that causes React state updates should be wrapped into act(...):

act(() => {
  /* fire events that update state */
});
/* assert on the output */

This ensures that you're testing the behavior the user would see in the browser. Learn more at https://react.dev/link/wrap-tests-with-act
An update to ConnectingConsole inside a test was not wrapped in act(...).

When testing, code that causes React state updates should be wrapped into act(...):

act(() => {
  /* fire events that update state */
});
/* assert on the output */

This ensures that you're testing the behavior the user would see in the browser. Learn more at https://react.dev/link/wrap-tests-with-act
An update to App inside a test was not wrapped in act(...).

When testing, code that causes React state updates should be wrapped into act(...):

act(() => {
  /* fire events that update state */
});
/* assert on the output */

This ensures that you're testing the behavior the user would see in the browser. Learn more at https://react.dev/link/wrap-tests-with-act

stdout | src/App.test.tsx > App Component > Item 6: Browser Notification on User Input (blocking messages) > should not show notification for non-blocking messages
<empty line>
stderr | src/App.test.tsx > App Component > Item 6: Browser Notification on User Input (blocking messages) > should not show notification for non-blocking messages
WebSocket error: Event { isTrusted: [36m[Getter][39m }
An update to ConnectingConsole inside a test was not wrapped in act(...).

When testing, code that causes React state updates should be wrapped into act(...):

act(() => {
  /* fire events that update state */
});
/* assert on the output */

This ensures that you're testing the behavior the user would see in the browser. Learn more at https://react.dev/link/wrap-tests-with-act
An update to ConnectingConsole inside a test was not wrapped in act(...).

When testing, code that causes React state updates should be wrapped into act(...):

act(() => {
  /* fire events that update state */
});
/* assert on the output */

This ensures that you're testing the behavior the user would see in the browser. Learn more at https://react.dev/link/wrap-tests-with-act
An update to App inside a test was not wrapped in act(...).

When testing, code that causes React state updates should be wrapped into act(...):

act(() => {
  /* fire events that update state */
});
/* assert on the output */

This ensures that you're testing the behavior the user would see in the browser. Learn more at https://react.dev/link/wrap-tests-with-act

stdout | src/App.test.tsx > App Component > Item 6: Browser Notification on User Input (blocking messages) > should not show notification for non-blocking messages
<empty line>
stderr | src/App.test.tsx > App Component > Item 6: Browser Notification on User Input (blocking messages) > should not show notification for non-blocking messages
WebSocket error: Event { isTrusted: [36m[Getter][39m }
An update to ConnectingConsole inside a test was not wrapped in act(...).

When testing, code that causes React state updates should be wrapped into act(...):

act(() => {
  /* fire events that update state */
});
/* assert on the output */

This ensures that you're testing the behavior the user would see in the browser. Learn more at https://react.dev/link/wrap-tests-with-act
An update to ConnectingConsole inside a test was not wrapped in act(...).

When testing, code that causes React state updates should be wrapped into act(...):

act(() => {
  /* fire events that update state */
});
/* assert on the output */

This ensures that you're testing the behavior the user would see in the browser. Learn more at https://react.dev/link/wrap-tests-with-act
An update to App inside a test was not wrapped in act(...).

When testing, code that causes React state updates should be wrapped into act(...):

act(() => {
  /* fire events that update state */
});
/* assert on the output */

This ensures that you're testing the behavior the user would see in the browser. Learn more at https://react.dev/link/wrap-tests-with-act

stdout | src/App.test.tsx > App Component > Item 6: Browser Notification on User Input (blocking messages) > should not show notification for non-blocking messages
<empty line>
stderr | src/App.test.tsx > App Component > Item 6: Browser Notification on User Input (blocking messages) > should not show notification for non-blocking messages
WebSocket error: Event { isTrusted: [36m[Getter][39m }
An update to ConnectingConsole inside a test was not wrapped in act(...).

When testing, code that causes React state updates should be wrapped into act(...):

act(() => {
  /* fire events that update state */
});
/* assert on the output */

This ensures that you're testing the behavior the user would see in the browser. Learn more at https://react.dev/link/wrap-tests-with-act
An update to ConnectingConsole inside a test was not wrapped in act(...).

When testing, code that causes React state updates should be wrapped into act(...):

act(() => {
  /* fire events that update state */
});
/* assert on the output */

This ensures that you're testing the behavior the user would see in the browser. Learn more at https://react.dev/link/wrap-tests-with-act
An update to App inside a test was not wrapped in act(...).

When testing, code that causes React state updates should be wrapped into act(...):

act(() => {
  /* fire events that update state */
});
/* assert on the output */

This ensures that you're testing the behavior the user would see in the browser. Learn more at https://react.dev/link/wrap-tests-with-act

stdout | src/App.test.tsx > App Component > Item 6: Browser Notification on User Input (blocking messages) > should not show notification for non-blocking messages
<empty line>
stderr | src/App.test.tsx > App Component > Item 6: Browser Notification on User Input (blocking messages) > should not show notification for non-blocking messages
WebSocket error: Event { isTrusted: [36m[Getter][39m }
An update to ConnectingConsole inside a test was not wrapped in act(...).

When testing, code that causes React state updates should be wrapped into act(...):

act(() => {
  /* fire events that update state */
});
/* assert on the output */

This ensures that you're testing the behavior the user would see in the browser. Learn more at https://react.dev/link/wrap-tests-with-act
An update to ConnectingConsole inside a test was not wrapped in act(...).

When testing, code that causes React state updates should be wrapped into act(...):

act(() => {
  /* fire events that update state */
});
/* assert on the output */

This ensures that you're testing the behavior the user would see in the browser. Learn more at https://react.dev/link/wrap-tests-with-act
An update to App inside a test was not wrapped in act(...).

When testing, code that causes React state updates should be wrapped into act(...):

act(() => {
  /* fire events that update state */
});
/* assert on the output */

This ensures that you're testing the behavior the user would see in the browser. Learn more at https://react.dev/link/wrap-tests-with-act

 ✓ src/components/chat-host/__tests__/useChatViewBindings.test.ts  (2 tests) 70ms
 ✓ src/components/supervisor/bridge/ExecutorStatsPanel.test.tsx  (10 tests) 202ms
 ✓ src/components/MessageArea.test.tsx  (6 tests) 164ms
stderr | src/App.test.tsx > App Component > Item 6: Browser Notification on User Input (blocking messages) > should handle permission denied gracefully
WARNING: Panel defaultSize prop recommended to avoid layout shift after server rendering
WARNING: Panel defaultSize prop recommended to avoid layout shift after server rendering
WARNING: Panel defaultSize prop recommended to avoid layout shift after server rendering
Failed to load projects: TypeError: Failed to parse URL from /api/projects
[90m    at node:internal/deps/undici/undici:15845:13[39m
    at [90m/Users/benmaderazo/Code/claude-mermaid-collab/.collab/agent-sessions/worktrees/leaf-exec-cde0f2bc/ui/[39msrc/App.tsx:465:24 {
  [cause]: TypeError: Invalid URL: /api/projects
      at new URLImpl (/Users/benmaderazo/Code/claude-mermaid-collab/ui/node_modules/[4mwhatwg-url[24m/lib/URL-impl.js:20:13)
      at Object.exports.setup (/Users/benmaderazo/Code/claude-mermaid-collab/ui/node_modules/[4mwhatwg-url[24m/lib/URL.js:54:12)
      at new URL (/Users/benmaderazo/Code/claude-mermaid-collab/ui/node_modules/[4mwhatwg-url[24m/lib/URL.js:115:22)
  [90m    at new Request (node:internal/deps/undici/undici:10413:25)[39m
  [90m    at fetch (node:internal/deps/undici/undici:11325:25)[39m
  [90m    at fetch (node:internal/deps/undici/undici:15843:10)[39m
  [90m    at fetch (node:internal/bootstrap/web/exposed-window-or-worker:83:12)[39m
      at [90m/Users/benmaderazo/Code/claude-mermaid-collab/.collab/agent-sessions/worktrees/leaf-exec-cde0f2bc/ui/[39msrc/App.tsx:465:30
      at [90m/Users/benmaderazo/Code/claude-mermaid-collab/.collab/agent-sessions/worktrees/leaf-exec-cde0f2bc/ui/[39msrc/App.tsx:1342:21
      at Object.react_stack_bottom_frame (/Users/benmaderazo/Code/claude-mermaid-collab/ui/node_modules/[4mreact-dom[24m/cjs/react-dom-client.development.js:25989:20)
}

stderr | src/App.test.tsx > App Component > Item 6: Browser Notification on User Input (blocking messages) > should handle Notification API not available gracefully
WARNING: Panel defaultSize prop recommended to avoid layout shift after server rendering
WARNING: Panel defaultSize prop recommended to avoid layout shift after server rendering
WARNING: Panel defaultSize prop recommended to avoid layout shift after server rendering
Notification API not available
An update to OrchestratorLadder inside a test was not wrapped in act(...).

When testing, code that causes React state updates should be wrapped into act(...):

act(() => {
  /* fire events that update state */
});
/* assert on the output */

This ensures that you're testing the behavior the user would see in the browser. Learn more at https://react.dev/link/wrap-tests-with-act
An update to OrchestratorLadder inside a test was not wrapped in act(...).

When testing, code that causes React state updates should be wrapped into act(...):

act(() => {
  /* fire events that update state */
});
/* assert on the output */

This ensures that you're testing the behavior the user would see in the browser. Learn more at https://react.dev/link/wrap-tests-with-act
Failed to load projects: TypeError: Failed to parse URL from /api/projects
[90m    at node:internal/deps/undici/undici:15845:13[39m
[90m    at runNextTicks (node:internal/process/task_queues:65:5)[39m
[90m    at listOnTimeout (node:internal/timers:569:9)[39m
[90m    at processTimers (node:internal/timers:543:7)[39m
    at [90m/Users/benmaderazo/Code/claude-mermaid-collab/.collab/agent-sessions/worktrees/leaf-exec-cde0f2bc/ui/[39msrc/App.tsx:465:24 {
  [cause]: TypeError: Invalid URL: /api/projects
      at new URLImpl (/Users/benmaderazo/Code/claude-mermaid-collab/ui/node_modules/[4mwhatwg-url[24m/lib/URL-impl.js:20:13)
      at Object.exports.setup (/Users/benmaderazo/Code/claude-mermaid-collab/ui/node_modules/[4mwhatwg-url[24m/lib/URL.js:54:12)
      at new URL (/Users/benmaderazo/Code/claude-mermaid-collab/ui/node_modules/[4mwhatwg-url[24m/lib/URL.js:115:22)
  [90m    at new Request (node:internal/deps/undici/undici:10413:25)[39m
  [90m    at fetch (node:internal/deps/undici/undici:11325:25)[39m
  [90m    at fetch (node:internal/deps/undici/undici:15843:10)[39m
  [90m    at fetch (node:internal/bootstrap/web/exposed-window-or-worker:83:12)[39m
      at [90m/Users/benmaderazo/Code/claude-mermaid-collab/.collab/agent-sessions/worktrees/leaf-exec-cde0f2bc/ui/[39msrc/App.tsx:465:30
      at [90m/Users/benmaderazo/Code/claude-mermaid-collab/.collab/agent-sessions/worktrees/leaf-exec-cde0f2bc/ui/[39msrc/App.tsx:1342:21
      at Object.react_stack_bottom_frame (/Users/benmaderazo/Code/claude-mermaid-collab/ui/node_modules/[4mreact-dom[24m/cjs/react-dom-client.development.js:25989:20)
}
An update to PoolSizeControl inside a test was not wrapped in act(...).

When testing, code that causes React state updates should be wrapped into act(...):

act(() => {
  /* fire events that update state */
});
/* assert on the output */

This ensures that you're testing the behavior the user would see in the browser. Learn more at https://react.dev/link/wrap-tests-with-act
An update to App inside a test was not wrapped in act(...).

When testing, code that causes React state updates should be wrapped into act(...):

act(() => {
  /* fire events that update state */
});
/* assert on the output */

This ensures that you're testing the behavior the user would see in the browser. Learn more at https://react.dev/link/wrap-tests-with-act
An update to App inside a test was not wrapped in act(...).

When testing, code that causes React state updates should be wrapped into act(...):

act(() => {
  /* fire events that update state */
});
/* assert on the output */

This ensures that you're testing the behavior the user would see in the browser. Learn more at https://react.dev/link/wrap-tests-with-act
An update to ConnectingConsole inside a test was not wrapped in act(...).

When testing, code that causes React state updates should be wrapped into act(...):

act(() => {
  /* fire events that update state */
});
/* assert on the output */

This ensures that you're testing the behavior the user would see in the browser. Learn more at https://react.dev/link/wrap-tests-with-act
An update to MissionBlock inside a test was not wrapped in act(...).

When testing, code that causes React state updates should be wrapped into act(...):

act(() => {
  /* fire events that update state */
});
/* assert on the output */

This ensures that you're testing the behavior the user would see in the browser. Learn more at https://react.dev/link/wrap-tests-with-act
An update to ConnectingConsole inside a test was not wrapped in act(...).

When testing, code that causes React state updates should be wrapped into act(...):

act(() => {
  /* fire events that update state */
});
/* assert on the output */

This ensures that you're testing the behavior the user would see in the browser. Learn more at https://react.dev/link/wrap-tests-with-act
An update to App inside a test was not wrapped in act(...).

When testing, code that causes React state updates should be wrapped into act(...):

act(() => {
  /* fire events that update state */
});
/* assert on the output */

This ensures that you're testing the behavior the user would see in the browser. Learn more at https://react.dev/link/wrap-tests-with-act
An update to App inside a test was not wrapped in act(...).

When testing, code that causes React state updates should be wrapped into act(...):

act(() => {
  /* fire events that update state */
});
/* assert on the output */

This ensures that you're testing the behavior the user would see in the browser. Learn more at https://react.dev/link/wrap-tests-with-act

 ✓ src/components/layout/tabs/__tests__/Tab.test.tsx  (5 tests) 137ms
stderr | src/App.test.tsx > App Component > Item 6: Browser Notification on User Input (blocking messages) > should use unique tag to prevent duplicate notifications for same UI ID
WARNING: Panel defaultSize prop recommended to avoid layout shift after server rendering
WARNING: Panel defaultSize prop recommended to avoid layout shift after server rendering
WARNING: Panel defaultSize prop recommended to avoid layout shift after server rendering
Failed to load projects: TypeError: Failed to parse URL from /api/projects
[90m    at node:internal/deps/undici/undici:15845:13[39m
[90m    at runNextTicks (node:internal/process/task_queues:65:5)[39m
[90m    at listOnTimeout (node:internal/timers:569:9)[39m
[90m    at processTimers (node:internal/timers:543:7)[39m
    at [90m/Users/benmaderazo/Code/claude-mermaid-collab/.collab/agent-sessions/worktrees/leaf-exec-cde0f2bc/ui/[39msrc/App.tsx:465:24 {
  [cause]: TypeError: Invalid URL: /api/projects
      at new URLImpl (/Users/benmaderazo/Code/claude-mermaid-collab/ui/node_modules/[4mwhatwg-url[24m/lib/URL-impl.js:20:13)
      at Object.exports.setup (/Users/benmaderazo/Code/claude-mermaid-collab/ui/node_modules/[4mwhatwg-url[24m/lib/URL.js:54:12)
      at new URL (/Users/benmaderazo/Code/claude-mermaid-collab/ui/node_modules/[4mwhatwg-url[24m/lib/URL.js:115:22)
  [90m    at new Request (node:internal/deps/undici/undici:10413:25)[39m
  [90m    at fetch (node:internal/deps/undici/undici:11325:25)[39m
  [90m    at fetch (node:internal/deps/undici/undici:15843:10)[39m
  [90m    at fetch (node:internal/bootstrap/web/exposed-window-or-worker:83:12)[39m
      at [90m/Users/benmaderazo/Code/claude-mermaid-collab/.collab/agent-sessions/worktrees/leaf-exec-cde0f2bc/ui/[39msrc/App.tsx:465:30
      at [90m/Users/benmaderazo/Code/claude-mermaid-collab/.collab/agent-sessions/worktrees/leaf-exec-cde0f2bc/ui/[39msrc/App.tsx:1342:21
      at Object.react_stack_bottom_frame (/Users/benmaderazo/Code/claude-mermaid-collab/ui/node_modules/[4mreact-dom[24m/cjs/react-dom-client.development.js:25989:20)
}

stderr | src/App.test.tsx > App Component > Item 6: Browser Notification on User Input (blocking messages) > should not break existing App functionality when notification is shown
WARNING: Panel defaultSize prop recommended to avoid layout shift after server rendering
WARNING: Panel defaultSize prop recommended to avoid layout shift after server rendering
WARNING: Panel defaultSize prop recommended to avoid layout shift after server rendering
Failed to load projects: TypeError: Failed to parse URL from /api/projects
[90m    at node:internal/deps/undici/undici:15845:13[39m
[90m    at runNextTicks (node:internal/process/task_queues:65:5)[39m
[90m    at listOnTimeout (node:internal/timers:569:9)[39m
[90m    at processTimers (node:internal/timers:543:7)[39m
    at [90m/Users/benmaderazo/Code/claude-mermaid-collab/.collab/agent-sessions/worktrees/leaf-exec-cde0f2bc/ui/[39msrc/App.tsx:465:24 {
  [cause]: TypeError: Invalid URL: /api/projects
      at new URLImpl (/Users/benmaderazo/Code/claude-mermaid-collab/ui/node_modules/[4mwhatwg-url[24m/lib/URL-impl.js:20:13)
      at Object.exports.setup (/Users/benmaderazo/Code/claude-mermaid-collab/ui/node_modules/[4mwhatwg-url[24m/lib/URL.js:54:12)
      at new URL (/Users/benmaderazo/Code/claude-mermaid-collab/ui/node_modules/[4mwhatwg-url[24m/lib/URL.js:115:22)
  [90m    at new Request (node:internal/deps/undici/undici:10413:25)[39m
  [90m    at fetch (node:internal/deps/undici/undici:11325:25)[39m
  [90m    at fetch (node:internal/deps/undici/undici:15843:10)[39m
  [90m    at fetch (node:internal/bootstrap/web/exposed-window-or-worker:83:12)[39m
      at [90m/Users/benmaderazo/Code/claude-mermaid-collab/.collab/agent-sessions/worktrees/leaf-exec-cde0f2bc/ui/[39msrc/App.tsx:465:30
      at [90m/Users/benmaderazo/Code/claude-mermaid-collab/.collab/agent-sessions/worktrees/leaf-exec-cde0f2bc/ui/[39msrc/App.tsx:1342:21
      at Object.react_stack_bottom_frame (/Users/benmaderazo/Code/claude-mermaid-collab/ui/node_modules/[4mreact-dom[24m/cjs/react-dom-client.development.js:25989:20)
}
WebSocket error: Event { isTrusted: [36m[Getter][39m }

stderr | src/App.test.tsx > App Component > Item 6: Browser Notification on User Input (blocking messages) > should set requireInteraction to true for user input notifications
WARNING: Panel defaultSize prop recommended to avoid layout shift after server rendering
WARNING: Panel defaultSize prop recommended to avoid layout shift after server rendering
WARNING: Panel defaultSize prop recommended to avoid layout shift after server rendering
Failed to load projects: TypeError: Failed to parse URL from /api/projects
[90m    at node:internal/deps/undici/undici:15845:13[39m
[90m    at runNextTicks (node:internal/process/task_queues:65:5)[39m
[90m    at listOnTimeout (node:internal/timers:569:9)[39m
[90m    at processTimers (node:internal/timers:543:7)[39m
    at [90m/Users/benmaderazo/Code/claude-mermaid-collab/.collab/agent-sessions/worktrees/leaf-exec-cde0f2bc/ui/[39msrc/App.tsx:465:24 {
  [cause]: TypeError: Invalid URL: /api/projects
      at new URLImpl (/Users/benmaderazo/Code/claude-mermaid-collab/ui/node_modules/[4mwhatwg-url[24m/lib/URL-impl.js:20:13)
      at Object.exports.setup (/Users/benmaderazo/Code/claude-mermaid-collab/ui/node_modules/[4mwhatwg-url[24m/lib/URL.js:54:12)
      at new URL (/Users/benmaderazo/Code/claude-mermaid-collab/ui/node_modules/[4mwhatwg-url[24m/lib/URL.js:115:22)
  [90m    at new Request (node:internal/deps/undici/undici:10413:25)[39m
  [90m    at fetch (node:internal/deps/undici/undici:11325:25)[39m
  [90m    at fetch (node:internal/deps/undici/undici:15843:10)[39m
  [90m    at fetch (node:internal/bootstrap/web/exposed-window-or-worker:83:12)[39m
      at [90m/Users/benmaderazo/Code/claude-mermaid-collab/.collab/agent-sessions/worktrees/leaf-exec-cde0f2bc/ui/[39msrc/App.tsx:465:30
      at [90m/Users/benmaderazo/Code/claude-mermaid-collab/.collab/agent-sessions/worktrees/leaf-exec-cde0f2bc/ui/[39msrc/App.tsx:1342:21
      at Object.react_stack_bottom_frame (/Users/benmaderazo/Code/claude-mermaid-collab/ui/node_modules/[4mreact-dom[24m/cjs/react-dom-client.development.js:25989:20)
}

stderr | src/App.test.tsx > App Component > Item 3: Task quantity auto updating via WebSocket (session_state_updated) > should import setCollabState from sessionStore for WebSocket handler
WARNING: Panel defaultSize prop recommended to avoid layout shift after server rendering
WARNING: Panel defaultSize prop recommended to avoid layout shift after server rendering
WARNING: Panel defaultSize prop recommended to avoid layout shift after server rendering
Notification API not available
An update to OrchestratorLadder inside a test was not wrapped in act(...).

When testing, code that causes React state updates should be wrapped into act(...):

act(() => {
  /* fire events that update state */
});
/* assert on the output */

This ensures that you're testing the behavior the user would see in the browser. Learn more at https://react.dev/link/wrap-tests-with-act
An update to OrchestratorLadder inside a test was not wrapped in act(...).

When testing, code that causes React state updates should be wrapped into act(...):

act(() => {
  /* fire events that update state */
});
/* assert on the output */

This ensures that you're testing the behavior the user would see in the browser. Learn more at https://react.dev/link/wrap-tests-with-act
Failed to load projects: TypeError: Failed to parse URL from /api/projects
[90m    at node:internal/deps/undici/undici:15845:13[39m
[90m    at runNextTicks (node:internal/process/task_queues:65:5)[39m
[90m    at listOnTimeout (node:internal/timers:569:9)[39m
[90m    at processTimers (node:internal/timers:543:7)[39m
    at [90m/Users/benmaderazo/Code/claude-mermaid-collab/.collab/agent-sessions/worktrees/leaf-exec-cde0f2bc/ui/[39msrc/App.tsx:465:24 {
  [cause]: TypeError: Invalid URL: /api/projects
      at new URLImpl (/Users/benmaderazo/Code/claude-mermaid-collab/ui/node_modules/[4mwhatwg-url[24m/lib/URL-impl.js:20:13)
      at Object.exports.setup (/Users/benmaderazo/Code/claude-mermaid-collab/ui/node_modules/[4mwhatwg-url[24m/lib/URL.js:54:12)
      at new URL (/Users/benmaderazo/Code/claude-mermaid-collab/ui/node_modules/[4mwhatwg-url[24m/lib/URL.js:115:22)
  [90m    at new Request (node:internal/deps/undici/undici:10413:25)[39m
  [90m    at fetch (node:internal/deps/undici/undici:11325:25)[39m
  [90m    at fetch (node:internal/deps/undici/undici:15843:10)[39m
  [90m    at fetch (node:internal/bootstrap/web/exposed-window-or-worker:83:12)[39m
      at [90m/Users/benmaderazo/Code/claude-mermaid-collab/.collab/agent-sessions/worktrees/leaf-exec-cde0f2bc/ui/[39msrc/App.tsx:465:30
      at [90m/Users/benmaderazo/Code/claude-mermaid-collab/.collab/agent-sessions/worktrees/leaf-exec-cde0f2bc/ui/[39msrc/App.tsx:1342:21
      at Object.react_stack_bottom_frame (/Users/benmaderazo/Code/claude-mermaid-collab/ui/node_modules/[4mreact-dom[24m/cjs/react-dom-client.development.js:25989:20)
}
An update to PoolSizeControl inside a test was not wrapped in act(...).

When testing, code that causes React state updates should be wrapped into act(...):

act(() => {
  /* fire events that update state */
});
/* assert on the output */

This ensures that you're testing the behavior the user would see in the browser. Learn more at https://react.dev/link/wrap-tests-with-act
An update to App inside a test was not wrapped in act(...).

When testing, code that causes React state updates should be wrapped into act(...):

act(() => {
  /* fire events that update state */
});
/* assert on the output */

This ensures that you're testing the behavior the user would see in the browser. Learn more at https://react.dev/link/wrap-tests-with-act
An update to App inside a test was not wrapped in act(...).

When testing, code that causes React state updates should be wrapped into act(...):

act(() => {
  /* fire events that update state */
});
/* assert on the output */

This ensures that you're testing the behavior the user would see in the browser. Learn more at https://react.dev/link/wrap-tests-with-act
An update to ConnectingConsole inside a test was not wrapped in act(...).

When testing, code that causes React state updates should be wrapped into act(...):

act(() => {
  /* fire events that update state */
});
/* assert on the output */

This ensures that you're testing the behavior the user would see in the browser. Learn more at https://react.dev/link/wrap-tests-with-act
An update to MissionBlock inside a test was not wrapped in act(...).

When testing, code that causes React state updates should be wrapped into act(...):

act(() => {
  /* fire events that update state */
});
/* assert on the output */

This ensures that you're testing the behavior the user would see in the browser. Learn more at https://react.dev/link/wrap-tests-with-act
An update to ConnectingConsole inside a test was not wrapped in act(...).

When testing, code that causes React state updates should be wrapped into act(...):

act(() => {
  /* fire events that update state */
});
/* assert on the output */

This ensures that you're testing the behavior the user would see in the browser. Learn more at https://react.dev/link/wrap-tests-with-act
An update to App inside a test was not wrapped in act(...).

When testing, code that causes React state updates should be wrapped into act(...):

act(() => {
  /* fire events that update state */
});
/* assert on the output */

This ensures that you're testing the behavior the user would see in the browser. Learn more at https://react.dev/link/wrap-tests-with-act
An update to App inside a test was not wrapped in act(...).

When testing, code that causes React state updates should be wrapped into act(...):

act(() => {
  /* fire events that update state */
});
/* assert on the output */

This ensures that you're testing the behavior the user would see in the browser. Learn more at https://react.dev/link/wrap-tests-with-act

 ✓ src/components/layout/tabs/__tests__/TabBar.test.tsx  (6 tests) 108ms
 ✓ src/lib/__tests__/data-loader.test.ts  (22 tests) 7144ms
stderr | src/App.test.tsx > App Component > Item 2: Mobile Layout Integration > should render MobileLayout when viewport is mobile-sized
Notification API not available
Failed to load projects: TypeError: Failed to parse URL from /api/projects
[90m    at node:internal/deps/undici/undici:15845:13[39m
[90m    at runNextTicks (node:internal/process/task_queues:65:5)[39m
[90m    at listOnTimeout (node:internal/timers:569:9)[39m
[90m    at processTimers (node:internal/timers:543:7)[39m
    at [90m/Users/benmaderazo/Code/claude-mermaid-collab/.collab/agent-sessions/worktrees/leaf-exec-cde0f2bc/ui/[39msrc/App.tsx:465:24 {
  [cause]: TypeError: Invalid URL: /api/projects
      at new URLImpl (/Users/benmaderazo/Code/claude-mermaid-collab/ui/node_modules/[4mwhatwg-url[24m/lib/URL-impl.js:20:13)
      at Object.exports.setup (/Users/benmaderazo/Code/claude-mermaid-collab/ui/node_modules/[4mwhatwg-url[24m/lib/URL.js:54:12)
      at new URL (/Users/benmaderazo/Code/claude-mermaid-collab/ui/node_modules/[4mwhatwg-url[24m/lib/URL.js:115:22)
  [90m    at new Request (node:internal/deps/undici/undici:10413:25)[39m
  [90m    at fetch (node:internal/deps/undici/undici:11325:25)[39m
  [90m    at fetch (node:internal/deps/undici/undici:15843:10)[39m
  [90m    at fetch (node:internal/bootstrap/web/exposed-window-or-worker:83:12)[39m
      at [90m/Users/benmaderazo/Code/claude-mermaid-collab/.collab/agent-sessions/worktrees/leaf-exec-cde0f2bc/ui/[39msrc/App.tsx:465:30
      at [90m/Users/benmaderazo/Code/claude-mermaid-collab/.collab/agent-sessions/worktrees/leaf-exec-cde0f2bc/ui/[39msrc/App.tsx:1342:21
      at Object.react_stack_bottom_frame (/Users/benmaderazo/Code/claude-mermaid-collab/ui/node_modules/[4mreact-dom[24m/cjs/react-dom-client.development.js:25989:20)
}

 ✓ src/components/layout/__tests__/SessionPanel.displayName.test.tsx  (7 tests) 123ms
 ✓ src/components/supervisor/bridge/rail/__tests__/MissionSwitcher.test.tsx  (11 tests) 165ms
 ✓ src/components/layout/__tests__/Sidebar.test.tsx  (10 tests) 175ms
stdout | unknown test
[roundtrip] N=16 M=16 K=0

 ✓ src/components/editors/milkdown/__tests__/roundTrip.test.ts  (18 tests) 413ms
stderr | src/components/mobile/MobilePreviewTab.test.tsx > MobilePreviewTab > Preview Content - Diagram > should switch from document to diagram preview
An update to MobilePreviewTab inside a test was not wrapped in act(...).

When testing, code that causes React state updates should be wrapped into act(...):

act(() => {
  /* fire events that update state */
});
/* assert on the output */

This ensures that you're testing the behavior the user would see in the browser. Learn more at https://react.dev/link/wrap-tests-with-act

 ✓ src/components/layout/__tests__/EditorToolbar.test.tsx  (31 tests) 268ms
stderr | src/components/mobile/MobilePreviewTab.test.tsx > MobilePreviewTab > Preview Content - Document > should switch from diagram to document preview
An update to MobilePreviewTab inside a test was not wrapped in act(...).

When testing, code that causes React state updates should be wrapped into act(...):

act(() => {
  /* fire events that update state */
});
/* assert on the output */

This ensures that you're testing the behavior the user would see in the browser. Learn more at https://react.dev/link/wrap-tests-with-act

 ✓ src/components/mobile/MobilePreviewTab.test.tsx  (29 tests) 212ms
stderr | src/App.test.tsx > App Component > Item 2: Mobile Layout Integration > should render desktop layout when viewport is desktop-sized
WARNING: Panel defaultSize prop recommended to avoid layout shift after server rendering
WARNING: Panel defaultSize prop recommended to avoid layout shift after server rendering
WARNING: Panel defaultSize prop recommended to avoid layout shift after server rendering
Notification API not available
Failed to load projects: TypeError: Failed to parse URL from /api/projects
[90m    at node:internal/deps/undici/undici:15845:13[39m
[90m    at runNextTicks (node:internal/process/task_queues:65:5)[39m
[90m    at listOnTimeout (node:internal/timers:569:9)[39m
[90m    at processTimers (node:internal/timers:543:7)[39m
    at [90m/Users/benmaderazo/Code/claude-mermaid-collab/.collab/agent-sessions/worktrees/leaf-exec-cde0f2bc/ui/[39msrc/App.tsx:465:24 {
  [cause]: TypeError: Invalid URL: /api/projects
      at new URLImpl (/Users/benmaderazo/Code/claude-mermaid-collab/ui/node_modules/[4mwhatwg-url[24m/lib/URL-impl.js:20:13)
      at Object.exports.setup (/Users/benmaderazo/Code/claude-mermaid-collab/ui/node_modules/[4mwhatwg-url[24m/lib/URL.js:54:12)
      at new URL (/Users/benmaderazo/Code/claude-mermaid-collab/ui/node_modules/[4mwhatwg-url[24m/lib/URL.js:115:22)
  [90m    at new Request (node:internal/deps/undici/undici:10413:25)[39m
  [90m    at fetch (node:internal/deps/undici/undici:11325:25)[39m
  [90m    at fetch (node:internal/deps/undici/undici:15843:10)[39m
  [90m    at fetch (node:internal/bootstrap/web/exposed-window-or-worker:83:12)[39m
      at [90m/Users/benmaderazo/Code/claude-mermaid-collab/.collab/agent-sessions/worktrees/leaf-exec-cde0f2bc/ui/[39msrc/App.tsx:465:30
      at [90m/Users/benmaderazo/Code/claude-mermaid-collab/.collab/agent-sessions/worktrees/leaf-exec-cde0f2bc/ui/[39msrc/App.tsx:1342:21
      at Object.react_stack_bottom_frame (/Users/benmaderazo/Code/claude-mermaid-collab/ui/node_modules/[4mreact-dom[24m/cjs/react-dom-client.development.js:25989:20)
}
WebSocket error: Event { isTrusted: [36m[Getter][39m }

 ✓ src/App.test.tsx  (81 tests) 3719ms
stderr | src/App.test.tsx > App Component > Item 2: Mobile Layout Integration > should use useIsMobile hook to detect viewport
Notification API not available
Failed to load projects: TypeError: Failed to parse URL from /api/projects
[90m    at node:internal/deps/undici/undici:15845:13[39m
[90m    at runNextTicks (node:internal/process/task_queues:65:5)[39m
[90m    at listOnTimeout (node:internal/timers:569:9)[39m
[90m    at processTimers (node:internal/timers:543:7)[39m
    at [90m/Users/benmaderazo/Code/claude-mermaid-collab/.collab/agent-sessions/worktrees/leaf-exec-cde0f2bc/ui/[39msrc/App.tsx:465:24 {
  [cause]: TypeError: Invalid URL: /api/projects
      at new URLImpl (/Users/benmaderazo/Code/claude-mermaid-collab/ui/node_modules/[4mwhatwg-url[24m/lib/URL-impl.js:20:13)
      at Object.exports.setup (/Users/benmaderazo/Code/claude-mermaid-collab/ui/node_modules/[4mwhatwg-url[24m/lib/URL.js:54:12)
      at new URL (/Users/benmaderazo/Code/claude-mermaid-collab/ui/node_modules/[4mwhatwg-url[24m/lib/URL.js:115:22)
  [90m    at new Request (node:internal/deps/undici/undici:10413:25)[39m
  [90m    at fetch (node:internal/deps/undici/undici:11325:25)[39m
  [90m    at fetch (node:internal/deps/undici/undici:15843:10)[39m
  [90m    at fetch (node:internal/bootstrap/web/exposed-window-or-worker:83:12)[39m
      at [90m/Users/benmaderazo/Code/claude-mermaid-collab/.collab/agent-sessions/worktrees/leaf-exec-cde0f2bc/ui/[39msrc/App.tsx:465:30
      at [90m/Users/benmaderazo/Code/claude-mermaid-collab/.collab/agent-sessions/worktrees/leaf-exec-cde0f2bc/ui/[39msrc/App.tsx:1342:21
      at Object.react_stack_bottom_frame (/Users/benmaderazo/Code/claude-mermaid-collab/ui/node_modules/[4mreact-dom[24m/cjs/react-dom-client.development.js:25989:20)
}
An update to App inside a test was not wrapped in act(...).

When testing, code that causes React state updates should be wrapped into act(...):

act(() => {
  /* fire events that update state */
});
/* assert on the output */

This ensures that you're testing the behavior the user would see in the browser. Learn more at https://react.dev/link/wrap-tests-with-act
An update to App inside a test was not wrapped in act(...).

When testing, code that causes React state updates should be wrapped into act(...):

act(() => {
  /* fire events that update state */
});
/* assert on the output */

This ensures that you're testing the behavior the user would see in the browser. Learn more at https://react.dev/link/wrap-tests-with-act
An update to App inside a test was not wrapped in act(...).

When testing, code that causes React state updates should be wrapped into act(...):

act(() => {
  /* fire events that update state */
});
/* assert on the output */

This ensures that you're testing the behavior the user would see in the browser. Learn more at https://react.dev/link/wrap-tests-with-act
An update to App inside a test was not wrapped in act(...).

When testing, code that causes React state updates should be wrapped into act(...):

act(() => {
  /* fire events that update state */
});
/* assert on the output */

This ensures that you're testing the behavior the user would see in the browser. Learn more at https://react.dev/link/wrap-tests-with-act

stderr | src/App.test.tsx > App Component > Item 2: Mobile Layout Integration > should maintain desktop layout structure when not mobile
WARNING: Panel defaultSize prop recommended to avoid layout shift after server rendering
WARNING: Panel defaultSize prop recommended to avoid layout shift after server rendering
WARNING: Panel defaultSize prop recommended to avoid layout shift after server rendering
Notification API not available
An update to OrchestratorLadder inside a test was not wrapped in act(...).

When testing, code that causes React state updates should be wrapped into act(...):

act(() => {
  /* fire events that update state */
});
/* assert on the output */

This ensures that you're testing the behavior the user would see in the browser. Learn more at https://react.dev/link/wrap-tests-with-act
An update to OrchestratorLadder inside a test was not wrapped in act(...).

When testing, code that causes React state updates should be wrapped into act(...):

act(() => {
  /* fire events that update state */
});
/* assert on the output */

This ensures that you're testing the behavior the user would see in the browser. Learn more at https://react.dev/link/wrap-tests-with-act
Failed to load projects: TypeError: Failed to parse URL from /api/projects
[90m    at node:internal/deps/undici/undici:15845:13[39m
[90m    at runNextTicks (node:internal/process/task_queues:65:5)[39m
[90m    at listOnTimeout (node:internal/timers:569:9)[39m
[90m    at processTimers (node:internal/timers:543:7)[39m
    at [90m/Users/benmaderazo/Code/claude-mermaid-collab/.collab/agent-sessions/worktrees/leaf-exec-cde0f2bc/ui/[39msrc/App.tsx:465:24 {
  [cause]: TypeError: Invalid URL: /api/projects
      at new URLImpl (/Users/benmaderazo/Code/claude-mermaid-collab/ui/node_modules/[4mwhatwg-url[24m/lib/URL-impl.js:20:13)
      at Object.exports.setup (/Users/benmaderazo/Code/claude-mermaid-collab/ui/node_modules/[4mwhatwg-url[24m/lib/URL.js:54:12)
      at new URL (/Users/benmaderazo/Code/claude-mermaid-collab/ui/node_modules/[4mwhatwg-url[24m/lib/URL.js:115:22)
  [90m    at new Request (node:internal/deps/undici/undici:10413:25)[39m
  [90m    at fetch (node:internal/deps/undici/undici:11325:25)[39m
  [90m    at fetch (node:internal/deps/undici/undici:15843:10)[39m
  [90m    at fetch (node:internal/bootstrap/web/exposed-window-or-worker:83:12)[39m
      at [90m/Users/benmaderazo/Code/claude-mermaid-collab/.collab/agent-sessions/worktrees/leaf-exec-cde0f2bc/ui/[39msrc/App.tsx:465:30
      at [90m/Users/benmaderazo/Code/claude-mermaid-collab/.collab/agent-sessions/worktrees/leaf-exec-cde0f2bc/ui/[39msrc/App.tsx:1342:21
      at Object.react_stack_bottom_frame (/Users/benmaderazo/Code/claude-mermaid-collab/ui/node_modules/[4mreact-dom[24m/cjs/react-dom-client.development.js:25989:20)
}
An update to PoolSizeControl inside a test was not wrapped in act(...).

When testing, code that causes React state updates should be wrapped into act(...):

act(() => {
  /* fire events that update state */
});
/* assert on the output */

This ensures that you're testing the behavior the user would see in the browser. Learn more at https://react.dev/link/wrap-tests-with-act
An update to App inside a test was not wrapped in act(...).

When testing, code that causes React state updates should be wrapped into act(...):

act(() => {
  /* fire events that update state */
});
/* assert on the output */

This ensures that you're testing the behavior the user would see in the browser. Learn more at https://react.dev/link/wrap-tests-with-act
An update to App inside a test was not wrapped in act(...).

When testing, code that causes React state updates should be wrapped into act(...):

act(() => {
  /* fire events that update state */
});
/* assert on the output */

This ensures that you're testing the behavior the user would see in the browser. Learn more at https://react.dev/link/wrap-tests-with-act
An update to ConnectingConsole inside a test was not wrapped in act(...).

When testing, code that causes React state updates should be wrapped into act(...):

act(() => {
  /* fire events that update state */
});
/* assert on the output */

This ensures that you're testing the behavior the user would see in the browser. Learn more at https://react.dev/link/wrap-tests-with-act
An update to MissionBlock inside a test was not wrapped in act(...).

When testing, code that causes React state updates should be wrapped into act(...):

act(() => {
  /* fire events that update state */
});
/* assert on the output */

This ensures that you're testing the behavior the user would see in the browser. Learn more at https://react.dev/link/wrap-tests-with-act
An update to ConnectingConsole inside a test was not wrapped in act(...).

When testing, code that causes React state updates should be wrapped into act(...):

act(() => {
  /* fire events that update state */
});
/* assert on the output */

This ensures that you're testing the behavior the user would see in the browser. Learn more at https://react.dev/link/wrap-tests-with-act
An update to App inside a test was not wrapped in act(...).

When testing, code that causes React state updates should be wrapped into act(...):

act(() => {
  /* fire events that update state */
});
/* assert on the output */

This ensures that you're testing the behavior the user would see in the browser. Learn more at https://react.dev/link/wrap-tests-with-act
An update to App inside a test was not wrapped in act(...).

When testing, code that causes React state updates should be wrapped into act(...):

act(() => {
  /* fire events that update state */
});
/* assert on the output */

This ensures that you're testing the behavior the user would see in the browser. Learn more at https://react.dev/link/wrap-tests-with-act

stderr | src/App.test.tsx > App Component > Item 2: Mobile Layout Integration > should pass correct props to MobileLayout when rendering
Notification API not available
Failed to load projects: TypeError: Failed to parse URL from /api/projects
[90m    at node:internal/deps/undici/undici:15845:13[39m
[90m    at runNextTicks (node:internal/process/task_queues:65:5)[39m
[90m    at listOnTimeout (node:internal/timers:569:9)[39m
[90m    at processTimers (node:internal/timers:543:7)[39m
    at [90m/Users/benmaderazo/Code/claude-mermaid-collab/.collab/agent-sessions/worktrees/leaf-exec-cde0f2bc/ui/[39msrc/App.tsx:465:24 {
  [cause]: TypeError: Invalid URL: /api/projects
      at new URLImpl (/Users/benmaderazo/Code/claude-mermaid-collab/ui/node_modules/[4mwhatwg-url[24m/lib/URL-impl.js:20:13)
      at Object.exports.setup (/Users/benmaderazo/Code/claude-mermaid-collab/ui/node_modules/[4mwhatwg-url[24m/lib/URL.js:54:12)
      at new URL (/Users/benmaderazo/Code/claude-mermaid-collab/ui/node_modules/[4mwhatwg-url[24m/lib/URL.js:115:22)
  [90m    at new Request (node:internal/deps/undici/undici:10413:25)[39m
  [90m    at fetch (node:internal/deps/undici/undici:11325:25)[39m
  [90m    at fetch (node:internal/deps/undici/undici:15843:10)[39m
  [90m    at fetch (node:internal/bootstrap/web/exposed-window-or-worker:83:12)[39m
      at [90m/Users/benmaderazo/Code/claude-mermaid-collab/.collab/agent-sessions/worktrees/leaf-exec-cde0f2bc/ui/[39msrc/App.tsx:465:30
      at [90m/Users/benmaderazo/Code/claude-mermaid-collab/.collab/agent-sessions/worktrees/leaf-exec-cde0f2bc/ui/[39msrc/App.tsx:1342:21
      at Object.react_stack_bottom_frame (/Users/benmaderazo/Code/claude-mermaid-collab/ui/node_modules/[4mreact-dom[24m/cjs/react-dom-client.development.js:25989:20)
}
An update to App inside a test was not wrapped in act(...).

When testing, code that causes React state updates should be wrapped into act(...):

act(() => {
  /* fire events that update state */
});
/* assert on the output */

This ensures that you're testing the behavior the user would see in the browser. Learn more at https://react.dev/link/wrap-tests-with-act
An update to App inside a test was not wrapped in act(...).

When testing, code that causes React state updates should be wrapped into act(...):

act(() => {
  /* fire events that update state */
});
/* assert on the output */

This ensures that you're testing the behavior the user would see in the browser. Learn more at https://react.dev/link/wrap-tests-with-act
An update to App inside a test was not wrapped in act(...).

When testing, code that causes React state updates should be wrapped into act(...):

act(() => {
  /* fire events that update state */
});
/* assert on the output */

This ensures that you're testing the behavior the user would see in the browser. Learn more at https://react.dev/link/wrap-tests-with-act
An update to App inside a test was not wrapped in act(...).

When testing, code that causes React state updates should be wrapped into act(...):

act(() => {
  /* fire events that update state */
});
/* assert on the output */

This ensures that you're testing the behavior the user would see in the browser. Learn more at https://react.dev/link/wrap-tests-with-act

stderr | src/App.test.tsx > App Component > Item 2: Mobile Layout Integration > should not break existing desktop layout when MobileLayout integration added
WARNING: Panel defaultSize prop recommended to avoid layout shift after server rendering
WARNING: Panel defaultSize prop recommended to avoid layout shift after server rendering
WARNING: Panel defaultSize prop recommended to avoid layout shift after server rendering
Notification API not available
An update to OrchestratorLadder inside a test was not wrapped in act(...).

When testing, code that causes React state updates should be wrapped into act(...):

act(() => {
  /* fire events that update state */
});
/* assert on the output */

This ensures that you're testing the behavior the user would see in the browser. Learn more at https://react.dev/link/wrap-tests-with-act
An update to OrchestratorLadder inside a test was not wrapped in act(...).

When testing, code that causes React state updates should be wrapped into act(...):

act(() => {
  /* fire events that update state */
});
/* assert on the output */

This ensures that you're testing the behavior the user would see in the browser. Learn more at https://react.dev/link/wrap-tests-with-act
Failed to load projects: TypeError: Failed to parse URL from /api/projects
[90m    at node:internal/deps/undici/undici:15845:13[39m
[90m    at runNextTicks (node:internal/process/task_queues:65:5)[39m
[90m    at listOnTimeout (node:internal/timers:569:9)[39m
[90m    at processTimers (node:internal/timers:543:7)[39m
    at [90m/Users/benmaderazo/Code/claude-mermaid-collab/.collab/agent-sessions/worktrees/leaf-exec-cde0f2bc/ui/[39msrc/App.tsx:465:24 {
  [cause]: TypeError: Invalid URL: /api/projects
      at new URLImpl (/Users/benmaderazo/Code/claude-mermaid-collab/ui/node_modules/[4mwhatwg-url[24m/lib/URL-impl.js:20:13)
      at Object.exports.setup (/Users/benmaderazo/Code/claude-mermaid-collab/ui/node_modules/[4mwhatwg-url[24m/lib/URL.js:54:12)
      at new URL (/Users/benmaderazo/Code/claude-mermaid-collab/ui/node_modules/[4mwhatwg-url[24m/lib/URL.js:115:22)
  [90m    at new Request (node:internal/deps/undici/undici:10413:25)[39m
  [90m    at fetch (node:internal/deps/undici/undici:11325:25)[39m
  [90m    at fetch (node:internal/deps/undici/undici:15843:10)[39m
  [90m    at fetch (node:internal/bootstrap/web/exposed-window-or-worker:83:12)[39m
      at [90m/Users/benmaderazo/Code/claude-mermaid-collab/.collab/agent-sessions/worktrees/leaf-exec-cde0f2bc/ui/[39msrc/App.tsx:465:30
      at [90m/Users/benmaderazo/Code/claude-mermaid-collab/.collab/agent-sessions/worktrees/leaf-exec-cde0f2bc/ui/[39msrc/App.tsx:1342:21
      at Object.react_stack_bottom_frame (/Users/benmaderazo/Code/claude-mermaid-collab/ui/node_modules/[4mreact-dom[24m/cjs/react-dom-client.development.js:25989:20)
}
An update to PoolSizeControl inside a test was not wrapped in act(...).

When testing, code that causes React state updates should be wrapped into act(...):

act(() => {
  /* fire events that update state */
});
/* assert on the output */

This ensures that you're testing the behavior the user would see in the browser. Learn more at https://react.dev/link/wrap-tests-with-act
An update to App inside a test was not wrapped in act(...).

When testing, code that causes React state updates should be wrapped into act(...):

act(() => {
  /* fire events that update state */
});
/* assert on the output */

This ensures that you're testing the behavior the user would see in the browser. Learn more at https://react.dev/link/wrap-tests-with-act
An update to App inside a test was not wrapped in act(...).

When testing, code that causes React state updates should be wrapped into act(...):

act(() => {
  /* fire events that update state */
});
/* assert on the output */

This ensures that you're testing the behavior the user would see in the browser. Learn more at https://react.dev/link/wrap-tests-with-act
An update to ConnectingConsole inside a test was not wrapped in act(...).

When testing, code that causes React state updates should be wrapped into act(...):

act(() => {
  /* fire events that update state */
});
/* assert on the output */

This ensures that you're testing the behavior the user would see in the browser. Learn more at https://react.dev/link/wrap-tests-with-act
An update to MissionBlock inside a test was not wrapped in act(...).

When testing, code that causes React state updates should be wrapped into act(...):

act(() => {
  /* fire events that update state */
});
/* assert on the output */

This ensures that you're testing the behavior the user would see in the browser. Learn more at https://react.dev/link/wrap-tests-with-act
An update to ConnectingConsole inside a test was not wrapped in act(...).

When testing, code that causes React state updates should be wrapped into act(...):

act(() => {
  /* fire events that update state */
});
/* assert on the output */

This ensures that you're testing the behavior the user would see in the browser. Learn more at https://react.dev/link/wrap-tests-with-act
An update to App inside a test was not wrapped in act(...).

When testing, code that causes React state updates should be wrapped into act(...):

act(() => {
  /* fire events that update state */
});
/* assert on the output */

This ensures that you're testing the behavior the user would see in the browser. Learn more at https://react.dev/link/wrap-tests-with-act
An update to App inside a test was not wrapped in act(...).

When testing, code that causes React state updates should be wrapped into act(...):

act(() => {
  /* fire events that update state */
});
/* assert on the output */

This ensures that you're testing the behavior the user would see in the browser. Learn more at https://react.dev/link/wrap-tests-with-act

stderr | src/App.test.tsx > App Component > Item 2: Mobile Layout Integration > should handle transition between mobile and desktop layouts on resize
Notification API not available
An update to App inside a test was not wrapped in act(...).

When testing, code that causes React state updates should be wrapped into act(...):

act(() => {
  /* fire events that update state */
});
/* assert on the output */

This ensures that you're testing the behavior the user would see in the browser. Learn more at https://react.dev/link/wrap-tests-with-act
WARNING: Panel defaultSize prop recommended to avoid layout shift after server rendering
WARNING: Panel defaultSize prop recommended to avoid layout shift after server rendering
WARNING: Panel defaultSize prop recommended to avoid layout shift after server rendering
Failed to load projects: TypeError: Failed to parse URL from /api/projects
[90m    at node:internal/deps/undici/undici:15845:13[39m
[90m    at runNextTicks (node:internal/process/task_queues:65:5)[39m
[90m    at listOnTimeout (node:internal/timers:569:9)[39m
[90m    at processTimers (node:internal/timers:543:7)[39m
    at [90m/Users/benmaderazo/Code/claude-mermaid-collab/.collab/agent-sessions/worktrees/leaf-exec-cde0f2bc/ui/[39msrc/App.tsx:465:24 {
  [cause]: TypeError: Invalid URL: /api/projects
      at new URLImpl (/Users/benmaderazo/Code/claude-mermaid-collab/ui/node_modules/[4mwhatwg-url[24m/lib/URL-impl.js:20:13)
      at Object.exports.setup (/Users/benmaderazo/Code/claude-mermaid-collab/ui/node_modules/[4mwhatwg-url[24m/lib/URL.js:54:12)
      at new URL (/Users/benmaderazo/Code/claude-mermaid-collab/ui/node_modules/[4mwhatwg-url[24m/lib/URL.js:115:22)
  [90m    at new Request (node:internal/deps/undici/undici:10413:25)[39m
  [90m    at fetch (node:internal/deps/undici/undici:11325:25)[39m
  [90m    at fetch (node:internal/deps/undici/undici:15843:10)[39m
  [90m    at fetch (node:internal/bootstrap/web/exposed-window-or-worker:83:12)[39m
      at [90m/Users/benmaderazo/Code/claude-mermaid-collab/.collab/agent-sessions/worktrees/leaf-exec-cde0f2bc/ui/[39msrc/App.tsx:465:30
      at [90m/Users/benmaderazo/Code/claude-mermaid-collab/.collab/agent-sessions/worktrees/leaf-exec-cde0f2bc/ui/[39msrc/App.tsx:1342:21
      at Object.react_stack_bottom_frame (/Users/benmaderazo/Code/claude-mermaid-collab/ui/node_modules/[4mreact-dom[24m/cjs/react-dom-client.development.js:25989:20)
}
An update to OrchestratorLadder inside a test was not wrapped in act(...).

When testing, code that causes React state updates should be wrapped into act(...):

act(() => {
  /* fire events that update state */
});
/* assert on the output */

This ensures that you're testing the behavior the user would see in the browser. Learn more at https://react.dev/link/wrap-tests-with-act
An update to OrchestratorLadder inside a test was not wrapped in act(...).

When testing, code that causes React state updates should be wrapped into act(...):

act(() => {
  /* fire events that update state */
});
/* assert on the output */

This ensures that you're testing the behavior the user would see in the browser. Learn more at https://react.dev/link/wrap-tests-with-act
An update to App inside a test was not wrapped in act(...).

When testing, code that causes React state updates should be wrapped into act(...):

act(() => {
  /* fire events that update state */
});
/* assert on the output */

This ensures that you're testing the behavior the user would see in the browser. Learn more at https://react.dev/link/wrap-tests-with-act
An update to App inside a test was not wrapped in act(...).

When testing, code that causes React state updates should be wrapped into act(...):

act(() => {
  /* fire events that update state */
});
/* assert on the output */

This ensures that you're testing the behavior the user would see in the browser. Learn more at https://react.dev/link/wrap-tests-with-act
An update to ConnectingConsole inside a test was not wrapped in act(...).

When testing, code that causes React state updates should be wrapped into act(...):

act(() => {
  /* fire events that update state */
});
/* assert on the output */

This ensures that you're testing the behavior the user would see in the browser. Learn more at https://react.dev/link/wrap-tests-with-act
An update to PoolSizeControl inside a test was not wrapped in act(...).

When testing, code that causes React state updates should be wrapped into act(...):

act(() => {
  /* fire events that update state */
});
/* assert on the output */

This ensures that you're testing the behavior the user would see in the browser. Learn more at https://react.dev/link/wrap-tests-with-act
An update to ConnectingConsole inside a test was not wrapped in act(...).

When testing, code that causes React state updates should be wrapped into act(...):

act(() => {
  /* fire events that update state */
});
/* assert on the output */

This ensures that you're testing the behavior the user would see in the browser. Learn more at https://react.dev/link/wrap-tests-with-act
An update to MissionBlock inside a test was not wrapped in act(...).

When testing, code that causes React state updates should be wrapped into act(...):

act(() => {
  /* fire events that update state */
});
/* assert on the output */

This ensures that you're testing the behavior the user would see in the browser. Learn more at https://react.dev/link/wrap-tests-with-act
An update to App inside a test was not wrapped in act(...).

When testing, code that causes React state updates should be wrapped into act(...):

act(() => {
  /* fire events that update state */
});
/* assert on the output */

This ensures that you're testing the behavior the user would see in the browser. Learn more at https://react.dev/link/wrap-tests-with-act
An update to App inside a test was not wrapped in act(...).

When testing, code that causes React state updates should be wrapped into act(...):

act(() => {
  /* fire events that update state */
});
/* assert on the output */

This ensures that you're testing the behavior the user would see in the browser. Learn more at https://react.dev/link/wrap-tests-with-act

stderr | src/App.test.tsx > App Component > Item 2: Mobile Layout Integration > should preserve session and editor state across layout changes
WARNING: Panel defaultSize prop recommended to avoid layout shift after server rendering
WARNING: Panel defaultSize prop recommended to avoid layout shift after server rendering
WARNING: Panel defaultSize prop recommended to avoid layout shift after server rendering
Notification API not available
An update to OrchestratorLadder inside a test was not wrapped in act(...).

When testing, code that causes React state updates should be wrapped into act(...):

act(() => {
  /* fire events that update state */
});
/* assert on the output */

This ensures that you're testing the behavior the user would see in the browser. Learn more at https://react.dev/link/wrap-tests-with-act
An update to OrchestratorLadder inside a test was not wrapped in act(...).

When testing, code that causes React state updates should be wrapped into act(...):

act(() => {
  /* fire events that update state */
});
/* assert on the output */

This ensures that you're testing the behavior the user would see in the browser. Learn more at https://react.dev/link/wrap-tests-with-act
Failed to load projects: TypeError: Failed to parse URL from /api/projects
[90m    at node:internal/deps/undici/undici:15845:13[39m
[90m    at runNextTicks (node:internal/process/task_queues:65:5)[39m
[90m    at listOnTimeout (node:internal/timers:569:9)[39m
[90m    at processTimers (node:internal/timers:543:7)[39m
    at [90m/Users/benmaderazo/Code/claude-mermaid-collab/.collab/agent-sessions/worktrees/leaf-exec-cde0f2bc/ui/[39msrc/App.tsx:465:24 {
  [cause]: TypeError: Invalid URL: /api/projects
      at new URLImpl (/Users/benmaderazo/Code/claude-mermaid-collab/ui/node_modules/[4mwhatwg-url[24m/lib/URL-impl.js:20:13)
      at Object.exports.setup (/Users/benmaderazo/Code/claude-mermaid-collab/ui/node_modules/[4mwhatwg-url[24m/lib/URL.js:54:12)
      at new URL (/Users/benmaderazo/Code/claude-mermaid-collab/ui/node_modules/[4mwhatwg-url[24m/lib/URL.js:115:22)
  [90m    at new Request (node:internal/deps/undici/undici:10413:25)[39m
  [90m    at fetch (node:internal/deps/undici/undici:11325:25)[39m
  [90m    at fetch (node:internal/deps/undici/undici:15843:10)[39m
  [90m    at fetch (node:internal/bootstrap/web/exposed-window-or-worker:83:12)[39m
      at [90m/Users/benmaderazo/Code/claude-mermaid-collab/.collab/agent-sessions/worktrees/leaf-exec-cde0f2bc/ui/[39msrc/App.tsx:465:30
      at [90m/Users/benmaderazo/Code/claude-mermaid-collab/.collab/agent-sessions/worktrees/leaf-exec-cde0f2bc/ui/[39msrc/App.tsx:1342:21
      at Object.react_stack_bottom_frame (/Users/benmaderazo/Code/claude-mermaid-collab/ui/node_modules/[4mreact-dom[24m/cjs/react-dom-client.development.js:25989:20)
}
An update to PoolSizeControl inside a test was not wrapped in act(...).

When testing, code that causes React state updates should be wrapped into act(...):

act(() => {
  /* fire events that update state */
});
/* assert on the output */

This ensures that you're testing the behavior the user would see in the browser. Learn more at https://react.dev/link/wrap-tests-with-act
An update to App inside a test was not wrapped in act(...).

When testing, code that causes React state updates should be wrapped into act(...):

act(() => {
  /* fire events that update state */
});
/* assert on the output */

This ensures that you're testing the behavior the user would see in the browser. Learn more at https://react.dev/link/wrap-tests-with-act
An update to App inside a test was not wrapped in act(...).

When testing, code that causes React state updates should be wrapped into act(...):

act(() => {
  /* fire events that update state */
});
/* assert on the output */

This ensures that you're testing the behavior the user would see in the browser. Learn more at https://react.dev/link/wrap-tests-with-act
An update to ConnectingConsole inside a test was not wrapped in act(...).

When testing, code that causes React state updates should be wrapped into act(...):

act(() => {
  /* fire events that update state */
});
/* assert on the output */

This ensures that you're testing the behavior the user would see in the browser. Learn more at https://react.dev/link/wrap-tests-with-act
An update to MissionBlock inside a test was not wrapped in act(...).

When testing, code that causes React state updates should be wrapped into act(...):

act(() => {
  /* fire events that update state */
});
/* assert on the output */

This ensures that you're testing the behavior the user would see in the browser. Learn more at https://react.dev/link/wrap-tests-with-act
An update to ConnectingConsole inside a test was not wrapped in act(...).

When testing, code that causes React state updates should be wrapped into act(...):

act(() => {
  /* fire events that update state */
});
/* assert on the output */

This ensures that you're testing the behavior the user would see in the browser. Learn more at https://react.dev/link/wrap-tests-with-act
An update to App inside a test was not wrapped in act(...).

When testing, code that causes React state updates should be wrapped into act(...):

act(() => {
  /* fire events that update state */
});
/* assert on the output */

This ensures that you're testing the behavior the user would see in the browser. Learn more at https://react.dev/link/wrap-tests-with-act
An update to App inside a test was not wrapped in act(...).

When testing, code that causes React state updates should be wrapped into act(...):

act(() => {
  /* fire events that update state */
});
/* assert on the output */

This ensures that you're testing the behavior the user would see in the browser. Learn more at https://react.dev/link/wrap-tests-with-act

stderr | unknown test
WebSocket error: Event { isTrusted: [36m[Getter][39m }

stderr | src/components/supervisor/PlanKanban.test.tsx > PlanKanban > renders a No-epic lane for orphan todos
In HTML, <button> cannot be a descendant of <button>.
This will cause a hydration error.

  <PlanKanban todos={[...]} showCompleted={false}>
    <div data-testid="plan-kanban" className="flex flex-...">
      <div className="flex-1 min...">
        <section data-testid="orphan-lane" className="rounded-lg...">
          <header>
          <div className="overflow-x...">
            <div className="flex gap-2...">
              <PlanCard todo={{id:"A",kind:"leaf", ...}} unblocks={2} onSelect={undefined} byId={Map} ...>
                <div className="w-56 shrink-0">
>                 <button
>                   type="button"
>                   data-testid="plan-card"
>                   data-todo-id="A"
>                   onClick={undefined}
>                   className="w-full text-left rounded-md border px-3 py-2.5 space-y-1.5 transition-colors hover:brig..."
>                 >
                    <div>
                    <div className="flex items...">
                      <CopyId id="A">
                        <span className="inline-fle..." title="A">
                          <span>
>                         <button
>                           type="button"
>                           data-testid="copy-id"
>                           onClick={function}
>                           title="Copy full id: A"
>                           aria-label="Copy id to clipboard"
>                           className="cursor-pointer leading-none transition-opacity opacity-50 hover:opacity-100"
>                         >
                      ...
              ...

<button> cannot contain a nested <button>.
See this log for the ancestor stack trace.

 ✓ src/components/supervisor/PlanKanban.test.tsx  (12 tests) 67ms
 ✓ src/components/agent-chat/__tests__/FileMentionPicker.controlled.test.tsx  (5 tests) 214ms
 ✓ src/components/dashboard/__tests__/SessionCard.displayName.test.tsx  (9 tests) 62ms
 ✓ src/components/terminal/SessionSwitcher.test.tsx  (4 tests) 74ms
 ✓ src/components/supervisor/bridge/RequirementsInbox.test.tsx  (11 tests) 50ms
 ✓ src/components/editors/__tests__/MarkdownPreview.test.tsx  (47 tests) 153ms
 ✓ src/components/layout/sidebar-tree/__tests__/ServersTreeSection.pairing.test.tsx  (4 tests) 45ms
 ✓ src/components/supervisor/bridge/__tests__/ProjectRail.test.tsx  (9 tests) 45ms
stderr | src/hooks/__tests__/useSession.test.ts > useSession > Session State > should set current session
Failed to load session todos: TypeError: Failed to parse URL from /api/session-todos?project=test-project&session=test-session
[90m    at node:internal/deps/undici/undici:15845:13[39m
    at Object.getSessionTodos [90m(/Users/benmaderazo/Code/claude-mermaid-collab/.collab/agent-sessions/worktrees/leaf-exec-cde0f2bc/ui/[39msrc/lib/api.ts:709:22[90m)[39m {
  [cause]: TypeError: Invalid URL: /api/session-todos?project=test-project&session=test-session
      at new URLImpl (/Users/benmaderazo/Code/claude-mermaid-collab/ui/node_modules/[4mwhatwg-url[24m/lib/URL-impl.js:20:13)
      at Object.exports.setup (/Users/benmaderazo/Code/claude-mermaid-collab/ui/node_modules/[4mwhatwg-url[24m/lib/URL.js:54:12)
      at new URL (/Users/benmaderazo/Code/claude-mermaid-collab/ui/node_modules/[4mwhatwg-url[24m/lib/URL.js:115:22)
  [90m    at new Request (node:internal/deps/undici/undici:10413:25)[39m
  [90m    at fetch (node:internal/deps/undici/undici:11325:25)[39m
  [90m    at fetch (node:internal/deps/undici/undici:15843:10)[39m
  [90m    at fetch (node:internal/bootstrap/web/exposed-window-or-worker:83:12)[39m
      at Object.getSessionTodos [90m(/Users/benmaderazo/Code/claude-mermaid-collab/.collab/agent-sessions/worktrees/leaf-exec-cde0f2bc/ui/[39msrc/lib/api.ts:709:28[90m)[39m
      at Object.setCurrentSession [90m(/Users/benmaderazo/Code/claude-mermaid-collab/.collab/agent-sessions/worktrees/leaf-exec-cde0f2bc/ui/[39msrc/stores/sessionStore.ts:281:10[90m)[39m
      at [90m/Users/benmaderazo/Code/claude-mermaid-collab/.collab/agent-sessions/worktrees/leaf-exec-cde0f2bc/ui/[39msrc/hooks/__tests__/useSession.test.ts:42:24
}

stderr | src/hooks/__tests__/useSession.test.ts > useSession > Session State > should clear current session
Failed to load session todos: TypeError: Failed to parse URL from /api/session-todos?project=test-project&session=test-session
[90m    at node:internal/deps/undici/undici:15845:13[39m
    at Object.getSessionTodos [90m(/Users/benmaderazo/Code/claude-mermaid-collab/.collab/agent-sessions/worktrees/leaf-exec-cde0f2bc/ui/[39msrc/lib/api.ts:709:22[90m)[39m {
  [cause]: TypeError: Invalid URL: /api/session-todos?project=test-project&session=test-session
      at new URLImpl (/Users/benmaderazo/Code/claude-mermaid-collab/ui/node_modules/[4mwhatwg-url[24m/lib/URL-impl.js:20:13)
      at Object.exports.setup (/Users/benmaderazo/Code/claude-mermaid-collab/ui/node_modules/[4mwhatwg-url[24m/lib/URL.js:54:12)
      at new URL (/Users/benmaderazo/Code/claude-mermaid-collab/ui/node_modules/[4mwhatwg-url[24m/lib/URL.js:115:22)
  [90m    at new Request (node:internal/deps/undici/undici:10413:25)[39m
  [90m    at fetch (node:internal/deps/undici/undici:11325:25)[39m
  [90m    at fetch (node:internal/deps/undici/undici:15843:10)[39m
  [90m    at fetch (node:internal/bootstrap/web/exposed-window-or-worker:83:12)[39m
      at Object.getSessionTodos [90m(/Users/benmaderazo/Code/claude-mermaid-collab/.collab/agent-sessions/worktrees/leaf-exec-cde0f2bc/ui/[39msrc/lib/api.ts:709:28[90m)[39m
      at Object.setCurrentSession [90m(/Users/benmaderazo/Code/claude-mermaid-collab/.collab/agent-sessions/worktrees/leaf-exec-cde0f2bc/ui/[39msrc/stores/sessionStore.ts:281:10[90m)[39m
      at [90m/Users/benmaderazo/Code/claude-mermaid-collab/.collab/agent-sessions/worktrees/leaf-exec-cde0f2bc/ui/[39msrc/hooks/__tests__/useSession.test.ts:56:24
}

stderr | src/hooks/__tests__/useSession.test.ts > useSession > Utility Methods > should clear all session data
Failed to load session todos: TypeError: Failed to parse URL from /api/session-todos?project=test-project&session=test-session
[90m    at node:internal/deps/undici/undici:15845:13[39m
    at Object.getSessionTodos [90m(/Users/benmaderazo/Code/claude-mermaid-collab/.collab/agent-sessions/worktrees/leaf-exec-cde0f2bc/ui/[39msrc/lib/api.ts:709:22[90m)[39m {
  [cause]: TypeError: Invalid URL: /api/session-todos?project=test-project&session=test-session
      at new URLImpl (/Users/benmaderazo/Code/claude-mermaid-collab/ui/node_modules/[4mwhatwg-url[24m/lib/URL-impl.js:20:13)
      at Object.exports.setup (/Users/benmaderazo/Code/claude-mermaid-collab/ui/node_modules/[4mwhatwg-url[24m/lib/URL.js:54:12)
      at new URL (/Users/benmaderazo/Code/claude-mermaid-collab/ui/node_modules/[4mwhatwg-url[24m/lib/URL.js:115:22)
  [90m    at new Request (node:internal/deps/undici/undici:10413:25)[39m
  [90m    at fetch (node:internal/deps/undici/undici:11325:25)[39m
  [90m    at fetch (node:internal/deps/undici/undici:15843:10)[39m
  [90m    at fetch (node:internal/bootstrap/web/exposed-window-or-worker:83:12)[39m
      at Object.getSessionTodos [90m(/Users/benmaderazo/Code/claude-mermaid-collab/.collab/agent-sessions/worktrees/leaf-exec-cde0f2bc/ui/[39msrc/lib/api.ts:709:28[90m)[39m
      at Object.setCurrentSession [90m(/Users/benmaderazo/Code/claude-mermaid-collab/.collab/agent-sessions/worktrees/leaf-exec-cde0f2bc/ui/[39msrc/stores/sessionStore.ts:281:10[90m)[39m
      at [90m/Users/benmaderazo/Code/claude-mermaid-collab/.collab/agent-sessions/worktrees/leaf-exec-cde0f2bc/ui/[39msrc/hooks/__tests__/useSession.test.ts:362:24
}

stderr | src/hooks/__tests__/useSession.test.ts > useSession > Utility Methods > should reset store to initial state
Failed to load session todos: TypeError: Failed to parse URL from /api/session-todos?project=test-project&session=test-session
[90m    at node:internal/deps/undici/undici:15845:13[39m
    at Object.getSessionTodos [90m(/Users/benmaderazo/Code/claude-mermaid-collab/.collab/agent-sessions/worktrees/leaf-exec-cde0f2bc/ui/[39msrc/lib/api.ts:709:22[90m)[39m {
  [cause]: TypeError: Invalid URL: /api/session-todos?project=test-project&session=test-session
      at new URLImpl (/Users/benmaderazo/Code/claude-mermaid-collab/ui/node_modules/[4mwhatwg-url[24m/lib/URL-impl.js:20:13)
      at Object.exports.setup (/Users/benmaderazo/Code/claude-mermaid-collab/ui/node_modules/[4mwhatwg-url[24m/lib/URL.js:54:12)
      at new URL (/Users/benmaderazo/Code/claude-mermaid-collab/ui/node_modules/[4mwhatwg-url[24m/lib/URL.js:115:22)
  [90m    at new Request (node:internal/deps/undici/undici:10413:25)[39m
  [90m    at fetch (node:internal/deps/undici/undici:11325:25)[39m
  [90m    at fetch (node:internal/deps/undici/undici:15843:10)[39m
  [90m    at fetch (node:internal/bootstrap/web/exposed-window-or-worker:83:12)[39m
      at Object.getSessionTodos [90m(/Users/benmaderazo/Code/claude-mermaid-collab/.collab/agent-sessions/worktrees/leaf-exec-cde0f2bc/ui/[39msrc/lib/api.ts:709:28[90m)[39m
      at Object.setCurrentSession [90m(/Users/benmaderazo/Code/claude-mermaid-collab/.collab/agent-sessions/worktrees/leaf-exec-cde0f2bc/ui/[39msrc/stores/sessionStore.ts:281:10[90m)[39m
      at [90m/Users/benmaderazo/Code/claude-mermaid-collab/.collab/agent-sessions/worktrees/leaf-exec-cde0f2bc/ui/[39msrc/hooks/__tests__/useSession.test.ts:385:24
}

 ✓ src/hooks/__tests__/useSession.test.ts  (20 tests) 30ms
 ✓ src/components/editors/__tests__/UnifiedEditor.test.tsx  (31 tests) 80ms
 ✓ src/components/layout/tabs/__tests__/TabContextMenu.test.tsx  (10 tests) 37ms
stderr | src/components/supervisor/bridge/WorkerRunStrip.test.tsx > WorkerRunStrip > poll-gate: isActive=false schedules no interval refetch
An update to WorkerRunStrip inside a test was not wrapped in act(...).

When testing, code that causes React state updates should be wrapped into act(...):

act(() => {
  /* fire events that update state */
});
/* assert on the output */

This ensures that you're testing the behavior the user would see in the browser. Learn more at https://react.dev/link/wrap-tests-with-act
An update to WorkerRunStrip inside a test was not wrapped in act(...).

When testing, code that causes React state updates should be wrapped into act(...):

act(() => {
  /* fire events that update state */
});
/* assert on the output */

This ensures that you're testing the behavior the user would see in the browser. Learn more at https://react.dev/link/wrap-tests-with-act
An update to WorkerRunStrip inside a test was not wrapped in act(...).

When testing, code that causes React state updates should be wrapped into act(...):

act(() => {
  /* fire events that update state */
});
/* assert on the output */

This ensures that you're testing the behavior the user would see in the browser. Learn more at https://react.dev/link/wrap-tests-with-act

 ✓ src/components/supervisor/bridge/WorkerRunStrip.test.tsx  (6 tests) 89ms
 ✓ src/components/notifications/__tests__/Toast.test.tsx  (26 tests) 92ms
 ✓ src/components/settings/DaemonProviderControl.test.tsx  (2 tests) 51ms
 ✓ src/components/supervisor/bridge/DogfoodHealthPanel.test.tsx  (5 tests) 98ms
stderr | src/components/terminal/TerminalPane.test.tsx > TerminalConsole robustness > degrades to a disconnected state (no throw) when the WS closes uncleanly before open
[TerminalConsole] WS unclean close → reconnecting local { code: [33m1006[39m, reason: [32m''[39m }

stderr | src/components/terminal/TerminalPane.test.tsx > TerminalConsole robustness > degrades to a disconnected state on WS error
[TerminalConsole] WS error local Event { isTrusted: [36m[Getter][39m }

 ✓ src/components/terminal/TerminalPane.test.tsx  (6 tests) 69ms
stderr | src/components/ai-ui/mermaid/__tests__/DiagramEmbed.test.tsx > DiagramEmbed > rendering > should render the embed container
An update to DiagramEmbed inside a test was not wrapped in act(...).

When testing, code that causes React state updates should be wrapped into act(...):

act(() => {
  /* fire events that update state */
});
/* assert on the output */

This ensures that you're testing the behavior the user would see in the browser. Learn more at https://react.dev/link/wrap-tests-with-act

stderr | src/components/ai-ui/mermaid/__tests__/DiagramEmbed.test.tsx > DiagramEmbed > rendering > should render with responsive width classes
An update to DiagramEmbed inside a test was not wrapped in act(...).

When testing, code that causes React state updates should be wrapped into act(...):

act(() => {
  /* fire events that update state */
});
/* assert on the output */

This ensures that you're testing the behavior the user would see in the browser. Learn more at https://react.dev/link/wrap-tests-with-act

stderr | src/components/ai-ui/mermaid/__tests__/DiagramEmbed.test.tsx > DiagramEmbed > rendering > should handle empty content without errors
An update to DiagramEmbed inside a test was not wrapped in act(...).

When testing, code that causes React state updates should be wrapped into act(...):

act(() => {
  /* fire events that update state */
});
/* assert on the output */

This ensures that you're testing the behavior the user would see in the browser. Learn more at https://react.dev/link/wrap-tests-with-act

stderr | src/components/ai-ui/mermaid/__tests__/DiagramEmbed.test.tsx > DiagramEmbed > rendering > should handle whitespace-only content without errors
An update to DiagramEmbed inside a test was not wrapped in act(...).

When testing, code that causes React state updates should be wrapped into act(...):

act(() => {
  /* fire events that update state */
});
/* assert on the output */

This ensures that you're testing the behavior the user would see in the browser. Learn more at https://react.dev/link/wrap-tests-with-act

stderr | src/components/ai-ui/mermaid/__tests__/DiagramEmbed.test.tsx > DiagramEmbed > styling > should apply custom className to container
An update to DiagramEmbed inside a test was not wrapped in act(...).

When testing, code that causes React state updates should be wrapped into act(...):

act(() => {
  /* fire events that update state */
});
/* assert on the output */

This ensures that you're testing the behavior the user would see in the browser. Learn more at https://react.dev/link/wrap-tests-with-act

stderr | src/components/ai-ui/mermaid/__tests__/DiagramEmbed.test.tsx > DiagramEmbed > styling > should have dark mode support classes
An update to DiagramEmbed inside a test was not wrapped in act(...).

When testing, code that causes React state updates should be wrapped into act(...):

act(() => {
  /* fire events that update state */
});
/* assert on the output */

This ensures that you're testing the behavior the user would see in the browser. Learn more at https://react.dev/link/wrap-tests-with-act

stderr | src/components/ai-ui/mermaid/__tests__/DiagramEmbed.test.tsx > DiagramEmbed > styling > should apply proper border and padding classes to diagram wrapper
An update to DiagramEmbed inside a test was not wrapped in act(...).

When testing, code that causes React state updates should be wrapped into act(...):

act(() => {
  /* fire events that update state */
});
/* assert on the output */

This ensures that you're testing the behavior the user would see in the browser. Learn more at https://react.dev/link/wrap-tests-with-act

stderr | src/components/ai-ui/mermaid/__tests__/DiagramEmbed.test.tsx > DiagramEmbed > height prop > should apply height as string
An update to DiagramEmbed inside a test was not wrapped in act(...).

When testing, code that causes React state updates should be wrapped into act(...):

act(() => {
  /* fire events that update state */
});
/* assert on the output */

This ensures that you're testing the behavior the user would see in the browser. Learn more at https://react.dev/link/wrap-tests-with-act

stderr | src/components/ai-ui/mermaid/__tests__/DiagramEmbed.test.tsx > DiagramEmbed > height prop > should apply height as number converted to px
An update to DiagramEmbed inside a test was not wrapped in act(...).

When testing, code that causes React state updates should be wrapped into act(...):

act(() => {
  /* fire events that update state */
});
/* assert on the output */

This ensures that you're testing the behavior the user would see in the browser. Learn more at https://react.dev/link/wrap-tests-with-act

stderr | src/components/ai-ui/mermaid/__tests__/DiagramEmbed.test.tsx > DiagramEmbed > height prop > should not apply height when not provided
An update to DiagramEmbed inside a test was not wrapped in act(...).

When testing, code that causes React state updates should be wrapped into act(...):

act(() => {
  /* fire events that update state */
});
/* assert on the output */

This ensures that you're testing the behavior the user would see in the browser. Learn more at https://react.dev/link/wrap-tests-with-act

stderr | src/components/ai-ui/mermaid/__tests__/DiagramEmbed.test.tsx > DiagramEmbed > height prop > should apply height in various units
An update to DiagramEmbed inside a test was not wrapped in act(...).

When testing, code that causes React state updates should be wrapped into act(...):

act(() => {
  /* fire events that update state */
});
/* assert on the output */

This ensures that you're testing the behavior the user would see in the browser. Learn more at https://react.dev/link/wrap-tests-with-act

stderr | src/components/ai-ui/mermaid/__tests__/DiagramEmbed.test.tsx > DiagramEmbed > props and content > should accept and handle content prop
An update to DiagramEmbed inside a test was not wrapped in act(...).

When testing, code that causes React state updates should be wrapped into act(...):

act(() => {
  /* fire events that update state */
});
/* assert on the output */

This ensures that you're testing the behavior the user would see in the browser. Learn more at https://react.dev/link/wrap-tests-with-act

stderr | src/components/ai-ui/mermaid/__tests__/DiagramEmbed.test.tsx > DiagramEmbed > props and content > should handle very long content
An update to DiagramEmbed inside a test was not wrapped in act(...).

When testing, code that causes React state updates should be wrapped into act(...):

act(() => {
  /* fire events that update state */
});
/* assert on the output */

This ensures that you're testing the behavior the user would see in the browser. Learn more at https://react.dev/link/wrap-tests-with-act

stderr | src/components/ai-ui/mermaid/__tests__/DiagramEmbed.test.tsx > DiagramEmbed > props and content > should handle special characters
An update to DiagramEmbed inside a test was not wrapped in act(...).

When testing, code that causes React state updates should be wrapped into act(...):

act(() => {
  /* fire events that update state */
});
/* assert on the output */

This ensures that you're testing the behavior the user would see in the browser. Learn more at https://react.dev/link/wrap-tests-with-act

stderr | src/components/ai-ui/mermaid/__tests__/DiagramEmbed.test.tsx > DiagramEmbed > mermaid initialization > should initialize mermaid via initializeMermaid
An update to DiagramEmbed inside a test was not wrapped in act(...).

When testing, code that causes React state updates should be wrapped into act(...):

act(() => {
  /* fire events that update state */
});
/* assert on the output */

This ensures that you're testing the behavior the user would see in the browser. Learn more at https://react.dev/link/wrap-tests-with-act

stderr | src/components/ai-ui/mermaid/__tests__/DiagramEmbed.test.tsx > DiagramEmbed > mermaid initialization > should pass theme to initializeMermaid
An update to DiagramEmbed inside a test was not wrapped in act(...).

When testing, code that causes React state updates should be wrapped into act(...):

act(() => {
  /* fire events that update state */
});
/* assert on the output */

This ensures that you're testing the behavior the user would see in the browser. Learn more at https://react.dev/link/wrap-tests-with-act

stderr | src/components/ai-ui/mermaid/__tests__/DiagramEmbed.test.tsx > DiagramEmbed > error handling and callbacks > should handle onRender callback prop
An update to DiagramEmbed inside a test was not wrapped in act(...).

When testing, code that causes React state updates should be wrapped into act(...):

act(() => {
  /* fire events that update state */
});
/* assert on the output */

This ensures that you're testing the behavior the user would see in the browser. Learn more at https://react.dev/link/wrap-tests-with-act

stderr | src/components/ai-ui/mermaid/__tests__/DiagramEmbed.test.tsx > DiagramEmbed > error handling and callbacks > should handle onError callback prop
An update to DiagramEmbed inside a test was not wrapped in act(...).

When testing, code that causes React state updates should be wrapped into act(...):

act(() => {
  /* fire events that update state */
});
/* assert on the output */

This ensures that you're testing the behavior the user would see in the browser. Learn more at https://react.dev/link/wrap-tests-with-act

stderr | src/components/ai-ui/mermaid/__tests__/DiagramEmbed.test.tsx > DiagramEmbed > error handling and callbacks > should not throw on render error scenarios
An update to DiagramEmbed inside a test was not wrapped in act(...).

When testing, code that causes React state updates should be wrapped into act(...):

act(() => {
  /* fire events that update state */
});
/* assert on the output */

This ensures that you're testing the behavior the user would see in the browser. Learn more at https://react.dev/link/wrap-tests-with-act

stderr | src/components/ai-ui/mermaid/__tests__/DiagramEmbed.test.tsx > DiagramEmbed > component lifecycle > should render without errors
An update to DiagramEmbed inside a test was not wrapped in act(...).

When testing, code that causes React state updates should be wrapped into act(...):

act(() => {
  /* fire events that update state */
});
/* assert on the output */

This ensures that you're testing the behavior the user would see in the browser. Learn more at https://react.dev/link/wrap-tests-with-act

stderr | src/components/ai-ui/mermaid/__tests__/DiagramEmbed.test.tsx > DiagramEmbed > component lifecycle > should handle updates without errors
An update to DiagramEmbed inside a test was not wrapped in act(...).

When testing, code that causes React state updates should be wrapped into act(...):

act(() => {
  /* fire events that update state */
});
/* assert on the output */

This ensures that you're testing the behavior the user would see in the browser. Learn more at https://react.dev/link/wrap-tests-with-act

stderr | src/components/ai-ui/mermaid/__tests__/DiagramEmbed.test.tsx > DiagramEmbed > component lifecycle > should handle rapid prop changes
An update to DiagramEmbed inside a test was not wrapped in act(...).

When testing, code that causes React state updates should be wrapped into act(...):

act(() => {
  /* fire events that update state */
});
/* assert on the output */

This ensures that you're testing the behavior the user would see in the browser. Learn more at https://react.dev/link/wrap-tests-with-act

stderr | src/components/ai-ui/mermaid/__tests__/DiagramEmbed.test.tsx > DiagramEmbed > interface compliance > should have all required properties in props interface
An update to DiagramEmbed inside a test was not wrapped in act(...).

When testing, code that causes React state updates should be wrapped into act(...):

act(() => {
  /* fire events that update state */
});
/* assert on the output */

This ensures that you're testing the behavior the user would see in the browser. Learn more at https://react.dev/link/wrap-tests-with-act

stderr | src/components/ai-ui/mermaid/__tests__/DiagramEmbed.test.tsx > DiagramEmbed > interface compliance > should render with minimal required props
An update to DiagramEmbed inside a test was not wrapped in act(...).

When testing, code that causes React state updates should be wrapped into act(...):

act(() => {
  /* fire events that update state */
});
/* assert on the output */

This ensures that you're testing the behavior the user would see in the browser. Learn more at https://react.dev/link/wrap-tests-with-act

stderr | src/components/ai-ui/mermaid/__tests__/DiagramEmbed.test.tsx > DiagramEmbed > interface compliance > should work with className prop
An update to DiagramEmbed inside a test was not wrapped in act(...).

When testing, code that causes React state updates should be wrapped into act(...):

act(() => {
  /* fire events that update state */
});
/* assert on the output */

This ensures that you're testing the behavior the user would see in the browser. Learn more at https://react.dev/link/wrap-tests-with-act

stderr | src/components/ai-ui/mermaid/__tests__/DiagramEmbed.test.tsx > DiagramEmbed > interface compliance > should work with height prop as number
An update to DiagramEmbed inside a test was not wrapped in act(...).

When testing, code that causes React state updates should be wrapped into act(...):

act(() => {
  /* fire events that update state */
});
/* assert on the output */

This ensures that you're testing the behavior the user would see in the browser. Learn more at https://react.dev/link/wrap-tests-with-act

stderr | src/components/ai-ui/mermaid/__tests__/DiagramEmbed.test.tsx > DiagramEmbed > edge cases > should handle empty string
An update to DiagramEmbed inside a test was not wrapped in act(...).

When testing, code that causes React state updates should be wrapped into act(...):

act(() => {
  /* fire events that update state */
});
/* assert on the output */

This ensures that you're testing the behavior the user would see in the browser. Learn more at https://react.dev/link/wrap-tests-with-act

stderr | src/components/ai-ui/mermaid/__tests__/DiagramEmbed.test.tsx > DiagramEmbed > edge cases > should handle null-like string
An update to DiagramEmbed inside a test was not wrapped in act(...).

When testing, code that causes React state updates should be wrapped into act(...):

act(() => {
  /* fire events that update state */
});
/* assert on the output */

This ensures that you're testing the behavior the user would see in the browser. Learn more at https://react.dev/link/wrap-tests-with-act

stderr | src/components/ai-ui/mermaid/__tests__/DiagramEmbed.test.tsx > DiagramEmbed > edge cases > should handle multiline content
An update to DiagramEmbed inside a test was not wrapped in act(...).

When testing, code that causes React state updates should be wrapped into act(...):

act(() => {
  /* fire events that update state */
});
/* assert on the output */

This ensures that you're testing the behavior the user would see in the browser. Learn more at https://react.dev/link/wrap-tests-with-act

stderr | src/components/ai-ui/mermaid/__tests__/DiagramEmbed.test.tsx > DiagramEmbed > edge cases > should handle content with newlines and tabs
An update to DiagramEmbed inside a test was not wrapped in act(...).

When testing, code that causes React state updates should be wrapped into act(...):

act(() => {
  /* fire events that update state */
});
/* assert on the output */

This ensures that you're testing the behavior the user would see in the browser. Learn more at https://react.dev/link/wrap-tests-with-act

stderr | src/components/ai-ui/mermaid/__tests__/DiagramEmbed.test.tsx > DiagramEmbed > edge cases > should handle height prop edge cases
An update to DiagramEmbed inside a test was not wrapped in act(...).

When testing, code that causes React state updates should be wrapped into act(...):

act(() => {
  /* fire events that update state */
});
/* assert on the output */

This ensures that you're testing the behavior the user would see in the browser. Learn more at https://react.dev/link/wrap-tests-with-act
An update to DiagramEmbed inside a test was not wrapped in act(...).

When testing, code that causes React state updates should be wrapped into act(...):

act(() => {
  /* fire events that update state */
});
/* assert on the output */

This ensures that you're testing the behavior the user would see in the browser. Learn more at https://react.dev/link/wrap-tests-with-act

stderr | src/components/ai-ui/mermaid/__tests__/DiagramEmbed.test.tsx > DiagramEmbed > loading states > should show loading indicator initially
An update to DiagramEmbed inside a test was not wrapped in act(...).

When testing, code that causes React state updates should be wrapped into act(...):

act(() => {
  /* fire events that update state */
});
/* assert on the output */

This ensures that you're testing the behavior the user would see in the browser. Learn more at https://react.dev/link/wrap-tests-with-act

 ✓ src/components/ai-ui/mermaid/__tests__/DiagramEmbed.test.tsx  (34 tests) 84ms
stderr | src/components/ai-ui/mermaid/__tests__/DiagramEmbed.test.tsx > DiagramEmbed > loading states > should display error state when rendering fails
An update to DiagramEmbed inside a test was not wrapped in act(...).

When testing, code that causes React state updates should be wrapped into act(...):

act(() => {
  /* fire events that update state */
});
/* assert on the output */

This ensures that you're testing the behavior the user would see in the browser. Learn more at https://react.dev/link/wrap-tests-with-act

 ✓ src/components/editors/__tests__/CollapsibleDetails.test.tsx  (5 tests) 34ms
 ✓ src/components/layout/__tests__/SplitPane.test.tsx  (42 tests) 91ms
 ✓ src/components/layout/sidebar-tree/__tests__/SidebarNodeContextMenu.multi.test.tsx  (5 tests) 30ms
stderr | src/components/layout/__tests__/Header.test.tsx > Header Component - Item 2: Terminal Close Bug Fix > useEffect dependency array - selectedProject dependency > should include selectedProject in dependency array for sync effect
An update to Header inside a test was not wrapped in act(...).

When testing, code that causes React state updates should be wrapped into act(...):

act(() => {
  /* fire events that update state */
});
/* assert on the output */

This ensures that you're testing the behavior the user would see in the browser. Learn more at https://react.dev/link/wrap-tests-with-act

stderr | src/components/layout/__tests__/Header.test.tsx > Header Component - Item 2: Terminal Close Bug Fix > useEffect dependency array - selectedProject dependency > should update selectedProject when currentSession.project changes
An update to Header inside a test was not wrapped in act(...).

When testing, code that causes React state updates should be wrapped into act(...):

act(() => {
  /* fire events that update state */
});
/* assert on the output */

This ensures that you're testing the behavior the user would see in the browser. Learn more at https://react.dev/link/wrap-tests-with-act

stderr | src/components/layout/__tests__/Header.test.tsx > Header Component - Item 2: Terminal Close Bug Fix > Terminal close does not change current project/session > should maintain selectedProject state after parent state changes
An update to Header inside a test was not wrapped in act(...).

When testing, code that causes React state updates should be wrapped into act(...):

act(() => {
  /* fire events that update state */
});
/* assert on the output */

This ensures that you're testing the behavior the user would see in the browser. Learn more at https://react.dev/link/wrap-tests-with-act

stderr | src/components/layout/__tests__/Header.test.tsx > Header Component - Item 2: Terminal Close Bug Fix > Edge cases - stale closure prevention > should respond to currentSession changes immediately
An update to Header inside a test was not wrapped in act(...).

When testing, code that causes React state updates should be wrapped into act(...):

act(() => {
  /* fire events that update state */
});
/* assert on the output */

This ensures that you're testing the behavior the user would see in the browser. Learn more at https://react.dev/link/wrap-tests-with-act
An update to Header inside a test was not wrapped in act(...).

When testing, code that causes React state updates should be wrapped into act(...):

act(() => {
  /* fire events that update state */
});
/* assert on the output */

This ensures that you're testing the behavior the user would see in the browser. Learn more at https://react.dev/link/wrap-tests-with-act

 ✓ src/components/layout/__tests__/Header.test.tsx  (9 tests) 97ms
 ✓ src/components/supervisor/bridge/rail/panels/WorkPanel.test.tsx  (5 tests) 75ms
stderr | src/components/editors/__tests__/DocumentEditor.wysiwyg.test.tsx > DocumentEditorWysiwyg > Ctrl+S triggers save
An update to DocumentEditorWysiwyg inside a test was not wrapped in act(...).

When testing, code that causes React state updates should be wrapped into act(...):

act(() => {
  /* fire events that update state */
});
/* assert on the output */

This ensures that you're testing the behavior the user would see in the browser. Learn more at https://react.dev/link/wrap-tests-with-act
An update to DocumentEditorWysiwyg inside a test was not wrapped in act(...).

When testing, code that causes React state updates should be wrapped into act(...):

act(() => {
  /* fire events that update state */
});
/* assert on the output */

This ensures that you're testing the behavior the user would see in the browser. Learn more at https://react.dev/link/wrap-tests-with-act
An update to DocumentEditorWysiwyg inside a test was not wrapped in act(...).

When testing, code that causes React state updates should be wrapped into act(...):

act(() => {
  /* fire events that update state */
});
/* assert on the output */

This ensures that you're testing the behavior the user would see in the browser. Learn more at https://react.dev/link/wrap-tests-with-act

 ✓ src/components/editors/__tests__/DocumentEditor.wysiwyg.test.tsx  (13 tests) 80ms
 ✓ src/components/layout/sidebar-tree/__tests__/ServersTreeSection.detectToken.test.tsx  (2 tests) 75ms
 ✓ src/components/supervisor/bridge/ProposedChangesCard.test.tsx  (3 tests) 42ms
 ✓ src/components/agent-chat/__tests__/FileMentionPicker.test.tsx  (6 tests) 32ms
 ✓ src/components/layout/sidebar-tree/__tests__/ServersTreeSection.unauthorized.test.tsx  (2 tests) 107ms
 ✓ src/components/supervisor/bridge/inspector/BridgeInspector.test.tsx  (6 tests) 49ms
stderr | src/components/layout/__tests__/Header.displayName.test.tsx > Header - session label rendering > static session label > updates the label when the current session changes
An update to Header inside a test was not wrapped in act(...).

When testing, code that causes React state updates should be wrapped into act(...):

act(() => {
  /* fire events that update state */
});
/* assert on the output */

This ensures that you're testing the behavior the user would see in the browser. Learn more at https://react.dev/link/wrap-tests-with-act

 ✓ src/components/layout/__tests__/Header.displayName.test.tsx  (5 tests) 45ms
 ✓ src/components/editors/__tests__/AnnotationToolbar.test.tsx  (17 tests) 33ms
 ✓ src/components/layout/editor/__tests__/EditorAreaDropZones.test.tsx  (4 tests) 45ms
 ✓ src/components/layout/sidebar-tree/__tests__/ArtifactTreeSection.test.tsx  (10 tests) 44ms
stderr | src/components/browser/StreamedViewport.test.tsx > StreamedViewport > paints frame and stores meta for matching session
Not implemented: HTMLCanvasElement's getContext() method: without installing the canvas npm package

 ✓ src/components/supervisor/spec/specUiAcceptance.test.tsx  (5 tests) 48ms
 ✓ src/components/browser/StreamedViewport.test.tsx  (13 tests) 68ms
 ✓ src/components/layout/sidebar-tree/__tests__/ServersTreeSection.stop.test.tsx  (4 tests) 64ms
 ✓ src/components/layout/sidebar-tree/__tests__/ArtifactTree.test.tsx  (4 tests) 55ms
 ✓ src/components/dashboard/__tests__/Dashboard.test.tsx  (9 tests) 49ms
 ✓ src/components/editors/__tests__/DocumentEditor.router.test.tsx  (5 tests) 51ms
 ✓ src/components/supervisor/bridge/fleet/useFleetGraph.test.ts  (19 tests) 81ms
 ✓ src/components/supervisor/bridge/DeployBanner.test.tsx  (3 tests) 42ms
stderr | src/components/supervisor/__tests__/PlanKanban.kind.test.tsx > PlanKanban [kind E] acceptance spec > split leaf is not a lane
In HTML, <button> cannot be a descendant of <button>.
This will cause a hydration error.

  <PlanKanban todos={[...]} showCompleted={false}>
    <div data-testid="plan-kanban" className="flex flex-...">
      <div className="flex-1 min...">
        <section data-testid="epic-lane-E" className="rounded-lg...">
          <header>
          <div className="overflow-x...">
            <div className="flex gap-2...">
              <PlanCard todo={{id:"SPLIT", ...}} unblocks={0} onSelect={undefined} byId={Map} inflightLeafIds={undefined} ...>
                <div className="w-56 shrink-0">
>                 <button
>                   type="button"
>                   data-testid="plan-card"
>                   data-todo-id="SPLIT"
>                   onClick={undefined}
>                   className="w-full text-left rounded-md border px-3 py-2.5 space-y-1.5 transition-colors hover:brig..."
>                 >
                    <div>
                    <div className="flex items...">
                      <CopyId id="SPLIT">
                        <span className="inline-fle..." title="SPLIT">
                          <span>
>                         <button
>                           type="button"
>                           data-testid="copy-id"
>                           onClick={function}
>                           title="Copy full id: SPLIT"
>                           aria-label="Copy id to clipboard"
>                           className="cursor-pointer leading-none transition-opacity opacity-50 hover:opacity-100"
>                         >
                  ...

<button> cannot contain a nested <button>.
See this log for the ancestor stack trace.

 ✓ src/components/supervisor/__tests__/PlanKanban.kind.test.tsx  (7 tests) 52ms
 ✓ src/components/supervisor/bridge/InflightPanel.test.tsx  (3 tests) 58ms
 ✓ src/components/supervisor/bridge/__tests__/keyboardOwnership.test.tsx  (7 tests) 43ms
 ✓ src/components/__tests__/StatusIndicator.test.tsx  (30 tests) 46ms
 ✓ src/components/supervisor/bridge/NeedsYouZone.test.tsx  (3 tests) 21ms
stderr | src/components/supervisor/bridge/fleet/FleetGraph.test.tsx > FleetGraph — clicking a worker selects that worker's project > switches the active/selected project to the clicked worker's project
[terminalStore.openFor] failed TypeError: Failed to parse URL from /api/terminal/sessions
[90m    at node:internal/deps/undici/undici:15845:13[39m
    at Object.openFor [90m(/Users/benmaderazo/Code/claude-mermaid-collab/.collab/agent-sessions/worktrees/leaf-exec-cde0f2bc/ui/[39msrc/stores/terminalStore.ts:159:21[90m)[39m {
  [cause]: TypeError: Invalid URL: /api/terminal/sessions
      at new URLImpl (/Users/benmaderazo/Code/claude-mermaid-collab/ui/node_modules/[4mwhatwg-url[24m/lib/URL-impl.js:20:13)
      at Object.exports.setup (/Users/benmaderazo/Code/claude-mermaid-collab/ui/node_modules/[4mwhatwg-url[24m/lib/URL.js:54:12)
      at new URL (/Users/benmaderazo/Code/claude-mermaid-collab/ui/node_modules/[4mwhatwg-url[24m/lib/URL.js:115:22)
  [90m    at new Request (node:internal/deps/undici/undici:10413:25)[39m
  [90m    at fetch (node:internal/deps/undici/undici:11325:25)[39m
  [90m    at fetch (node:internal/deps/undici/undici:15843:10)[39m
  [90m    at fetch (node:internal/bootstrap/web/exposed-window-or-worker:83:12)[39m
      at Object.openFor [90m(/Users/benmaderazo/Code/claude-mermaid-collab/.collab/agent-sessions/worktrees/leaf-exec-cde0f2bc/ui/[39msrc/stores/terminalStore.ts:159:27[90m)[39m
      at Module.activateSessionCard [90m(/Users/benmaderazo/Code/claude-mermaid-collab/.collab/agent-sessions/worktrees/leaf-exec-cde0f2bc/ui/[39msrc/components/layout/SessionCard.tsx:198:36[90m)[39m
}
Failed to load session todos: TypeError: Failed to parse URL from /api/session-todos?project=B&session=worker-x
[90m    at node:internal/deps/undici/undici:15845:13[39m
    at Object.getSessionTodos [90m(/Users/benmaderazo/Code/claude-mermaid-collab/.collab/agent-sessions/worktrees/leaf-exec-cde0f2bc/ui/[39msrc/lib/api.ts:709:22[90m)[39m {
  [cause]: TypeError: Invalid URL: /api/session-todos?project=B&session=worker-x
      at new URLImpl (/Users/benmaderazo/Code/claude-mermaid-collab/ui/node_modules/[4mwhatwg-url[24m/lib/URL-impl.js:20:13)
      at Object.exports.setup (/Users/benmaderazo/Code/claude-mermaid-collab/ui/node_modules/[4mwhatwg-url[24m/lib/URL.js:54:12)
      at new URL (/Users/benmaderazo/Code/claude-mermaid-collab/ui/node_modules/[4mwhatwg-url[24m/lib/URL.js:115:22)
  [90m    at new Request (node:internal/deps/undici/undici:10413:25)[39m
  [90m    at fetch (node:internal/deps/undici/undici:11325:25)[39m
  [90m    at fetch (node:internal/deps/undici/undici:15843:10)[39m
  [90m    at fetch (node:internal/bootstrap/web/exposed-window-or-worker:83:12)[39m
      at Object.getSessionTodos [90m(/Users/benmaderazo/Code/claude-mermaid-collab/.collab/agent-sessions/worktrees/leaf-exec-cde0f2bc/ui/[39msrc/lib/api.ts:709:28[90m)[39m
      at setCurrentSession [90m(/Users/benmaderazo/Code/claude-mermaid-collab/.collab/agent-sessions/worktrees/leaf-exec-cde0f2bc/ui/[39msrc/stores/sessionStore.ts:281:10[90m)[39m
      at selectSession [90m(/Users/benmaderazo/Code/claude-mermaid-collab/.collab/agent-sessions/worktrees/leaf-exec-cde0f2bc/ui/[39msrc/hooks/useDiveIn.ts:48:3[90m)[39m
}

stderr | src/components/supervisor/bridge/fleet/FleetGraph.test.tsx > FleetGraph — clicking a worker selects that worker's project > clicking a worker already in the selected project keeps the selection (no-op)
[terminalStore.openFor] failed TypeError: Failed to parse URL from /api/terminal/sessions
[90m    at node:internal/deps/undici/undici:15845:13[39m
    at Object.openFor [90m(/Users/benmaderazo/Code/claude-mermaid-collab/.collab/agent-sessions/worktrees/leaf-exec-cde0f2bc/ui/[39msrc/stores/terminalStore.ts:159:21[90m)[39m {
  [cause]: TypeError: Invalid URL: /api/terminal/sessions
      at new URLImpl (/Users/benmaderazo/Code/claude-mermaid-collab/ui/node_modules/[4mwhatwg-url[24m/lib/URL-impl.js:20:13)
      at Object.exports.setup (/Users/benmaderazo/Code/claude-mermaid-collab/ui/node_modules/[4mwhatwg-url[24m/lib/URL.js:54:12)
      at new URL (/Users/benmaderazo/Code/claude-mermaid-collab/ui/node_modules/[4mwhatwg-url[24m/lib/URL.js:115:22)
  [90m    at new Request (node:internal/deps/undici/undici:10413:25)[39m
  [90m    at fetch (node:internal/deps/undici/undici:11325:25)[39m
  [90m    at fetch (node:internal/deps/undici/undici:15843:10)[39m
  [90m    at fetch (node:internal/bootstrap/web/exposed-window-or-worker:83:12)[39m
      at Object.openFor [90m(/Users/benmaderazo/Code/claude-mermaid-collab/.collab/agent-sessions/worktrees/leaf-exec-cde0f2bc/ui/[39msrc/stores/terminalStore.ts:159:27[90m)[39m
      at Module.activateSessionCard [90m(/Users/benmaderazo/Code/claude-mermaid-collab/.collab/agent-sessions/worktrees/leaf-exec-cde0f2bc/ui/[39msrc/components/layout/SessionCard.tsx:198:36[90m)[39m
}

 ✓ src/components/supervisor/bridge/fleet/FleetGraph.test.tsx  (3 tests) 37ms
 ✓ src/components/supervisor/bridge/SignalsStrip.test.tsx  (3 tests) 41ms
 ✓ src/vendored/t3chat/chat/__tests__/ToolCards.test.tsx  (15 tests) 39ms
 ✓ src/components/supervisor/bridge/fleet/__tests__/useFleetGraph.kind.test.ts  (8 tests) 76ms
 ✓ src/hooks/__tests__/useEditorHistory.test.ts  (26 tests) 61ms
 ✓ src/hooks/__tests__/useIsMobile.test.ts  (14 tests) 32ms
 ✓ src/stores/__tests__/composerDraftStore.v2.test.ts  (8 tests) 66ms
 ✓ src/components/supervisor/spec/SpecSheetPane.test.tsx  (3 tests) 40ms
 ✓ src/components/supervisor/zen/__tests__/ZenSessionCard.mission.test.tsx  (4 tests) 35ms
 ✓ src/components/supervisor/bridge/PoolSizeControl.test.tsx  (2 tests) 46ms
 ✓ src/hooks/useDiagramUpdateQueue.test.ts  (14 tests) 36ms
 ✓ src/components/supervisor/bridge/WorkerRoster.test.tsx  (3 tests) 28ms
 ✓ src/hooks/useIsMobile.test.ts  (14 tests) 27ms
 ✓ src/stores/__tests__/terminalStore.test.ts  (8 tests) 38ms
 ✓ src/hooks/useSyncScroll.test.ts  (19 tests) 27ms
 ✓ src/components/mobile/__tests__/ChatTab.test.tsx  (9 tests) 59ms
stderr | src/components/supervisor/bridge/stewardProvenance.test.tsx > lingering AI-resolved card (does not silently vanish, fd934fb7) > renders a recently AI-resolved escalation with its outcome even when nothing is open
An update to BridgeEscalationInbox inside a test was not wrapped in act(...).

When testing, code that causes React state updates should be wrapped into act(...):

act(() => {
  /* fire events that update state */
});
/* assert on the output */

This ensures that you're testing the behavior the user would see in the browser. Learn more at https://react.dev/link/wrap-tests-with-act
An update to NeedsYouZone inside a test was not wrapped in act(...).

When testing, code that causes React state updates should be wrapped into act(...):

act(() => {
  /* fire events that update state */
});
/* assert on the output */

This ensures that you're testing the behavior the user would see in the browser. Learn more at https://react.dev/link/wrap-tests-with-act

stderr | src/components/supervisor/bridge/stewardProvenance.test.tsx > lingering AI-resolved card (does not silently vanish, fd934fb7) > does not linger an AI-resolved escalation from a different project
An update to NeedsYouZone inside a test was not wrapped in act(...).

When testing, code that causes React state updates should be wrapped into act(...):

act(() => {
  /* fire events that update state */
});
/* assert on the output */

This ensures that you're testing the behavior the user would see in the browser. Learn more at https://react.dev/link/wrap-tests-with-act

 ✓ src/components/supervisor/bridge/stewardProvenance.test.tsx  (7 tests) 55ms
 ✓ src/hooks/__tests__/useTheme.test.ts  (13 tests) 25ms
 ✓ src/components/supervisor/bridge/escalationParity.test.ts  (3 tests) 22ms
 ✓ src/components/editors/TodoDetailView.test.tsx  (4 tests) 42ms
 ✓ src/components/supervisor/bridge/stage/BridgeStage.test.tsx  (9 tests) 47ms
 ✓ src/components/ai-ui/display/SkillTransition.test.tsx  (9 tests) 28ms
 ✓ src/components/supervisor/bridge/rail/__tests__/missionLoopIntegrity.test.ts  (1 test) 47ms
 ✓ src/components/editors/milkdown/plugins/__tests__/autosave.test.ts  (9 tests | 1 skipped) 8ms
 ✓ src/components/layout/tabs/__tests__/SplitTabBar.test.tsx  (3 tests) 27ms
 ✓ src/components/supervisor/bridge/SpecCoverageCard.test.tsx  (3 tests) 52ms
 ✓ src/hooks/__tests__/useScrollAnchor.test.ts  (9 tests) 34ms
 ✓ src/components/todos/HumanInbox.test.tsx  (4 tests) 26ms
 ✓ src/components/ai-ui/__tests__/SkillTransition.integration.test.tsx  (9 tests) 40ms
 ✓ src/lib/projects-api.test.ts  (16 tests) 12ms
stdout | src/lib/__tests__/websocket.test.ts > WebSocketClient > Basic Connection > should create a new WebSocket instance
WebSocket reconnection scheduled in 1000ms (attempt 1/5)

stdout | src/lib/__tests__/websocket.test.ts > WebSocketClient > Basic Connection > should establish connection successfully
WebSocket reconnection scheduled in 1000ms (attempt 1/5)

stdout | src/lib/__tests__/websocket.test.ts > WebSocketClient > Message Communication > should send message when connected
WebSocket reconnection scheduled in 1000ms (attempt 1/5)

stdout | src/lib/__tests__/websocket.test.ts > WebSocketClient > Message Communication > should queue message while disconnected
WebSocket reconnection scheduled in 1000ms (attempt 1/5)

stdout | src/lib/__tests__/websocket.test.ts > WebSocketClient > Message Communication > should receive and dispatch messages
WebSocket reconnection scheduled in 1000ms (attempt 1/5)

stdout | src/lib/__tests__/websocket.test.ts > WebSocketClient > Message Communication > should handle multiple messages
WebSocket reconnection scheduled in 1000ms (attempt 1/5)

stdout | src/lib/__tests__/websocket.test.ts > WebSocketClient > Message Communication > should handle malformed messages gracefully
WebSocket reconnection scheduled in 1000ms (attempt 1/5)

stdout | src/lib/__tests__/websocket.test.ts > WebSocketClient > Event Emitter Pattern > should emit connect event when connected
WebSocket reconnection scheduled in 1000ms (attempt 1/5)

stdout | src/lib/__tests__/websocket.test.ts > WebSocketClient > Event Emitter Pattern > should emit disconnect event when disconnected
WebSocket reconnection scheduled in 1000ms (attempt 1/5)
WebSocket reconnection scheduled in 2000ms (attempt 2/5)

stdout | src/lib/__tests__/websocket.test.ts > WebSocketClient > Event Emitter Pattern > should support multiple listeners
WebSocket reconnection scheduled in 1000ms (attempt 1/5)

stdout | src/lib/__tests__/websocket.test.ts > WebSocketClient > Event Emitter Pattern > should allow unsubscribing from events
WebSocket reconnection scheduled in 1000ms (attempt 1/5)

stdout | src/lib/__tests__/websocket.test.ts > WebSocketClient > Automatic Reconnection > should attempt to reconnect on disconnect
WebSocket reconnection scheduled in 1000ms (attempt 1/5)
WebSocket reconnection scheduled in 2000ms (attempt 2/5)

stdout | src/lib/__tests__/websocket.test.ts > WebSocketClient > Automatic Reconnection > should use exponential backoff for reconnection
WebSocket reconnection scheduled in 4000ms (attempt 3/5)

stdout | src/lib/__tests__/websocket.test.ts > WebSocketClient > Channel Subscription > should send subscribe message
WebSocket reconnection scheduled in 1000ms (attempt 1/5)

stdout | src/lib/__tests__/websocket.test.ts > WebSocketClient > Channel Subscription > should send unsubscribe message
WebSocket reconnection scheduled in 1000ms (attempt 1/5)

stdout | src/lib/__tests__/websocket.test.ts > WebSocketClient > Channel Subscription > should NOT announce ui_connected from a raw client
WebSocket reconnection scheduled in 1000ms (attempt 1/5)

stdout | src/lib/__tests__/websocket.test.ts > WebSocketClient > Channel Subscription > should announce ui_connected from the shared app client on open
WebSocket reconnection scheduled in 1000ms (attempt 1/5)

stdout | src/lib/__tests__/websocket.test.ts > WebSocketClient > Channel Subscription > should queue subscription while disconnected
WebSocket reconnection scheduled in 1000ms (attempt 1/5)

stdout | src/lib/__tests__/websocket.test.ts > WebSocketClient > Pending Message Flushing > should flush pending messages on reconnect
WebSocket reconnection scheduled in 1000ms (attempt 1/5)

stdout | src/lib/__tests__/websocket.test.ts > WebSocketClient > Pending Message Flushing > should maintain order of pending messages
WebSocket reconnection scheduled in 1000ms (attempt 1/5)

stdout | src/lib/__tests__/websocket.test.ts > WebSocketClient > Real-time Message Flows > should handle diagram update flow
WebSocket reconnection scheduled in 1000ms (attempt 1/5)

stdout | src/lib/__tests__/websocket.test.ts > WebSocketClient > Real-time Message Flows > should handle question event flow
WebSocket reconnection scheduled in 1000ms (attempt 1/5)

stdout | src/lib/__tests__/websocket.test.ts > WebSocketClient > Real-time Message Flows > should handle mixed message types
WebSocket reconnection scheduled in 1000ms (attempt 1/5)

stdout | src/lib/__tests__/websocket.test.ts > WebSocketClient > Error Handling > should log errors to console
WebSocket reconnection scheduled in 1000ms (attempt 1/5)

stdout | src/lib/__tests__/websocket.test.ts > WebSocketClient > Error Handling > should continue functioning after error
WebSocket reconnection scheduled in 1000ms (attempt 1/5)
WebSocket reconnection scheduled in 2000ms (attempt 2/5)

stdout | src/lib/__tests__/websocket.test.ts > WebSocketClient > Message Handler Dispatching CustomEvents > should dispatch status_changed event when receiving status_changed message
WebSocket reconnection scheduled in 1000ms (attempt 1/5)

stdout | src/lib/__tests__/websocket.test.ts > WebSocketClient > Message Handler Dispatching CustomEvents > should dispatch session_state_updated event when receiving session_state_updated message
WebSocket reconnection scheduled in 1000ms (attempt 1/5)

stdout | src/lib/__tests__/websocket.test.ts > WebSocketClient > Message Handler Dispatching CustomEvents > should dispatch both status_changed and session_state_updated events
WebSocket reconnection scheduled in 1000ms (attempt 1/5)

stdout | src/lib/__tests__/websocket.test.ts > WebSocketClient > Message Handler Dispatching CustomEvents > should not dispatch event for non-broadcast message types
WebSocket reconnection scheduled in 1000ms (attempt 1/5)

stdout | src/lib/__tests__/websocket.test.ts > WebSocketClient > Message Handler Dispatching CustomEvents > should still call message handlers after dispatching event
WebSocket reconnection scheduled in 1000ms (attempt 1/5)

stdout | src/lib/__tests__/websocket.test.ts > WebSocketClient > Message Handler Dispatching CustomEvents > should allow listening to status_changed events from WebSocket
WebSocket reconnection scheduled in 1000ms (attempt 1/5)

stdout | src/lib/__tests__/websocket.test.ts > WebSocketClient > Message Handler Dispatching CustomEvents > should allow listening to session_state_updated events from WebSocket
WebSocket reconnection scheduled in 1000ms (attempt 1/5)

stdout | src/lib/__tests__/websocket.test.ts > WebSocketClient > Message Handler Dispatching CustomEvents > should dispatch task_graph_updated event when receiving task_graph_updated message
WebSocket reconnection scheduled in 1000ms (attempt 1/5)

stdout | src/lib/__tests__/websocket.test.ts > WebSocketClient > Message Handler Dispatching CustomEvents > should allow listening to task_graph_updated events from WebSocket
WebSocket reconnection scheduled in 1000ms (attempt 1/5)

stdout | src/lib/__tests__/websocket.test.ts > WebSocketClient > Message Handler Dispatching CustomEvents > should dispatch task_graph_updated with correct detail structure
WebSocket reconnection scheduled in 1000ms (attempt 1/5)

stdout | src/lib/__tests__/websocket.test.ts > WebSocketClient > Message Handler Dispatching CustomEvents > should dispatch all three broadcast event types
WebSocket reconnection scheduled in 1000ms (attempt 1/5)

 ✓ src/lib/__tests__/websocket.test.ts  (50 tests) 13ms
 ✓ src/components/supervisor/bridge/ReadyPanel.test.tsx  (2 tests) 24ms
 ✓ src/components/layout/sidebar-tree/sections/SpecsSection.test.tsx  (3 tests) 29ms
stderr | src/stores/__tests__/sessionStore.test.ts > useSessionStore > Session Management > should set current session
Failed to load session todos: TypeError: Failed to parse URL from /api/session-todos?project=test-project&session=Test+Session
[90m    at node:internal/deps/undici/undici:15845:13[39m
    at Object.getSessionTodos [90m(/Users/benmaderazo/Code/claude-mermaid-collab/.collab/agent-sessions/worktrees/leaf-exec-cde0f2bc/ui/[39msrc/lib/api.ts:709:22[90m)[39m {
  [cause]: TypeError: Invalid URL: /api/session-todos?project=test-project&session=Test+Session
      at new URLImpl (/Users/benmaderazo/Code/claude-mermaid-collab/ui/node_modules/[4mwhatwg-url[24m/lib/URL-impl.js:20:13)
      at Object.exports.setup (/Users/benmaderazo/Code/claude-mermaid-collab/ui/node_modules/[4mwhatwg-url[24m/lib/URL.js:54:12)
      at new URL (/Users/benmaderazo/Code/claude-mermaid-collab/ui/node_modules/[4mwhatwg-url[24m/lib/URL.js:115:22)
  [90m    at new Request (node:internal/deps/undici/undici:10413:25)[39m
  [90m    at fetch (node:internal/deps/undici/undici:11325:25)[39m
  [90m    at fetch (node:internal/deps/undici/undici:15843:10)[39m
  [90m    at fetch (node:internal/bootstrap/web/exposed-window-or-worker:83:12)[39m
      at Object.getSessionTodos [90m(/Users/benmaderazo/Code/claude-mermaid-collab/.collab/agent-sessions/worktrees/leaf-exec-cde0f2bc/ui/[39msrc/lib/api.ts:709:28[90m)[39m
      at Object.setCurrentSession [90m(/Users/benmaderazo/Code/claude-mermaid-collab/.collab/agent-sessions/worktrees/leaf-exec-cde0f2bc/ui/[39msrc/stores/sessionStore.ts:281:10[90m)[39m
      at [90m/Users/benmaderazo/Code/claude-mermaid-collab/.collab/agent-sessions/worktrees/leaf-exec-cde0f2bc/ui/[39msrc/stores/__tests__/sessionStore.test.ts:93:34
}

stderr | src/stores/__tests__/sessionStore.test.ts > useSessionStore > Session Management > should clear session with null
Failed to load session todos: TypeError: Failed to parse URL from /api/session-todos?project=test-project&session=Test+Session
[90m    at node:internal/deps/undici/undici:15845:13[39m
    at Object.getSessionTodos [90m(/Users/benmaderazo/Code/claude-mermaid-collab/.collab/agent-sessions/worktrees/leaf-exec-cde0f2bc/ui/[39msrc/lib/api.ts:709:22[90m)[39m {
  [cause]: TypeError: Invalid URL: /api/session-todos?project=test-project&session=Test+Session
      at new URLImpl (/Users/benmaderazo/Code/claude-mermaid-collab/ui/node_modules/[4mwhatwg-url[24m/lib/URL-impl.js:20:13)
      at Object.exports.setup (/Users/benmaderazo/Code/claude-mermaid-collab/ui/node_modules/[4mwhatwg-url[24m/lib/URL.js:54:12)
      at new URL (/Users/benmaderazo/Code/claude-mermaid-collab/ui/node_modules/[4mwhatwg-url[24m/lib/URL.js:115:22)
  [90m    at new Request (node:internal/deps/undici/undici:10413:25)[39m
  [90m    at fetch (node:internal/deps/undici/undici:11325:25)[39m
  [90m    at fetch (node:internal/deps/undici/undici:15843:10)[39m
  [90m    at fetch (node:internal/bootstrap/web/exposed-window-or-worker:83:12)[39m
      at Object.getSessionTodos [90m(/Users/benmaderazo/Code/claude-mermaid-collab/.collab/agent-sessions/worktrees/leaf-exec-cde0f2bc/ui/[39msrc/lib/api.ts:709:28[90m)[39m
      at Object.setCurrentSession [90m(/Users/benmaderazo/Code/claude-mermaid-collab/.collab/agent-sessions/worktrees/leaf-exec-cde0f2bc/ui/[39msrc/stores/sessionStore.ts:281:10[90m)[39m
      at [90m/Users/benmaderazo/Code/claude-mermaid-collab/.collab/agent-sessions/worktrees/leaf-exec-cde0f2bc/ui/[39msrc/stores/__tests__/sessionStore.test.ts:99:34
}

stderr | src/stores/__tests__/sessionStore.test.ts > useSessionStore > Session Management > should clear diagrams and documents when session changes
Failed to load session todos: TypeError: Failed to parse URL from /api/session-todos?project=test-project&session=Test+Session
[90m    at node:internal/deps/undici/undici:15845:13[39m
    at Object.getSessionTodos [90m(/Users/benmaderazo/Code/claude-mermaid-collab/.collab/agent-sessions/worktrees/leaf-exec-cde0f2bc/ui/[39msrc/lib/api.ts:709:22[90m)[39m {
  [cause]: TypeError: Invalid URL: /api/session-todos?project=test-project&session=Test+Session
      at new URLImpl (/Users/benmaderazo/Code/claude-mermaid-collab/ui/node_modules/[4mwhatwg-url[24m/lib/URL-impl.js:20:13)
      at Object.exports.setup (/Users/benmaderazo/Code/claude-mermaid-collab/ui/node_modules/[4mwhatwg-url[24m/lib/URL.js:54:12)
      at new URL (/Users/benmaderazo/Code/claude-mermaid-collab/ui/node_modules/[4mwhatwg-url[24m/lib/URL.js:115:22)
  [90m    at new Request (node:internal/deps/undici/undici:10413:25)[39m
  [90m    at fetch (node:internal/deps/undici/undici:11325:25)[39m
  [90m    at fetch (node:internal/deps/undici/undici:15843:10)[39m
  [90m    at fetch (node:internal/bootstrap/web/exposed-window-or-worker:83:12)[39m
      at Object.getSessionTodos [90m(/Users/benmaderazo/Code/claude-mermaid-collab/.collab/agent-sessions/worktrees/leaf-exec-cde0f2bc/ui/[39msrc/lib/api.ts:709:28[90m)[39m
      at Object.setCurrentSession [90m(/Users/benmaderazo/Code/claude-mermaid-collab/.collab/agent-sessions/worktrees/leaf-exec-cde0f2bc/ui/[39msrc/stores/sessionStore.ts:281:10[90m)[39m
      at [90m/Users/benmaderazo/Code/claude-mermaid-collab/.collab/agent-sessions/worktrees/leaf-exec-cde0f2bc/ui/[39msrc/stores/__tests__/sessionStore.test.ts:111:34
}

stderr | src/stores/__tests__/sessionStore.test.ts > useSessionStore > Session Management > should clear error when setting new session
Failed to load session todos: TypeError: Failed to parse URL from /api/session-todos?project=test-project&session=Test+Session
[90m    at node:internal/deps/undici/undici:15845:13[39m
    at Object.getSessionTodos [90m(/Users/benmaderazo/Code/claude-mermaid-collab/.collab/agent-sessions/worktrees/leaf-exec-cde0f2bc/ui/[39msrc/lib/api.ts:709:22[90m)[39m {
  [cause]: TypeError: Invalid URL: /api/session-todos?project=test-project&session=Test+Session
      at new URLImpl (/Users/benmaderazo/Code/claude-mermaid-collab/ui/node_modules/[4mwhatwg-url[24m/lib/URL-impl.js:20:13)
      at Object.exports.setup (/Users/benmaderazo/Code/claude-mermaid-collab/ui/node_modules/[4mwhatwg-url[24m/lib/URL.js:54:12)
      at new URL (/Users/benmaderazo/Code/claude-mermaid-collab/ui/node_modules/[4mwhatwg-url[24m/lib/URL.js:115:22)
  [90m    at new Request (node:internal/deps/undici/undici:10413:25)[39m
  [90m    at fetch (node:internal/deps/undici/undici:11325:25)[39m
  [90m    at fetch (node:internal/deps/undici/undici:15843:10)[39m
  [90m    at fetch (node:internal/bootstrap/web/exposed-window-or-worker:83:12)[39m
      at Object.getSessionTodos [90m(/Users/benmaderazo/Code/claude-mermaid-collab/.collab/agent-sessions/worktrees/leaf-exec-cde0f2bc/ui/[39msrc/lib/api.ts:709:28[90m)[39m
      at Object.setCurrentSession [90m(/Users/benmaderazo/Code/claude-mermaid-collab/.collab/agent-sessions/worktrees/leaf-exec-cde0f2bc/ui/[39msrc/stores/sessionStore.ts:281:10[90m)[39m
      at [90m/Users/benmaderazo/Code/claude-mermaid-collab/.collab/agent-sessions/worktrees/leaf-exec-cde0f2bc/ui/[39msrc/stores/__tests__/sessionStore.test.ts:126:34
}

stderr | src/stores/__tests__/sessionStore.test.ts > useSessionStore > Clear Session > should clear all session data
Failed to load session todos: TypeError: Failed to parse URL from /api/session-todos?project=test-project&session=Test+Session
[90m    at node:internal/deps/undici/undici:15845:13[39m
    at Object.getSessionTodos [90m(/Users/benmaderazo/Code/claude-mermaid-collab/.collab/agent-sessions/worktrees/leaf-exec-cde0f2bc/ui/[39msrc/lib/api.ts:709:22[90m)[39m {
  [cause]: TypeError: Invalid URL: /api/session-todos?project=test-project&session=Test+Session
      at new URLImpl (/Users/benmaderazo/Code/claude-mermaid-collab/ui/node_modules/[4mwhatwg-url[24m/lib/URL-impl.js:20:13)
      at Object.exports.setup (/Users/benmaderazo/Code/claude-mermaid-collab/ui/node_modules/[4mwhatwg-url[24m/lib/URL.js:54:12)
      at new URL (/Users/benmaderazo/Code/claude-mermaid-collab/ui/node_modules/[4mwhatwg-url[24m/lib/URL.js:115:22)
  [90m    at new Request (node:internal/deps/undici/undici:10413:25)[39m
  [90m    at fetch (node:internal/deps/undici/undici:11325:25)[39m
  [90m    at fetch (node:internal/deps/undici/undici:15843:10)[39m
  [90m    at fetch (node:internal/bootstrap/web/exposed-window-or-worker:83:12)[39m
      at Object.getSessionTodos [90m(/Users/benmaderazo/Code/claude-mermaid-collab/.collab/agent-sessions/worktrees/leaf-exec-cde0f2bc/ui/[39msrc/lib/api.ts:709:28[90m)[39m
      at Object.setCurrentSession [90m(/Users/benmaderazo/Code/claude-mermaid-collab/.collab/agent-sessions/worktrees/leaf-exec-cde0f2bc/ui/[39msrc/stores/sessionStore.ts:281:10[90m)[39m
      at [90m/Users/benmaderazo/Code/claude-mermaid-collab/.collab/agent-sessions/worktrees/leaf-exec-cde0f2bc/ui/[39msrc/stores/__tests__/sessionStore.test.ts:455:34
}

stderr | src/stores/__tests__/sessionStore.test.ts > useSessionStore > Reset Store > should reset store to initial state
Failed to load session todos: TypeError: Failed to parse URL from /api/session-todos?project=test-project&session=Test+Session
[90m    at node:internal/deps/undici/undici:15845:13[39m
    at Object.getSessionTodos [90m(/Users/benmaderazo/Code/claude-mermaid-collab/.collab/agent-sessions/worktrees/leaf-exec-cde0f2bc/ui/[39msrc/lib/api.ts:709:22[90m)[39m {
  [cause]: TypeError: Invalid URL: /api/session-todos?project=test-project&session=Test+Session
      at new URLImpl (/Users/benmaderazo/Code/claude-mermaid-collab/ui/node_modules/[4mwhatwg-url[24m/lib/URL-impl.js:20:13)
      at Object.exports.setup (/Users/benmaderazo/Code/claude-mermaid-collab/ui/node_modules/[4mwhatwg-url[24m/lib/URL.js:54:12)
      at new URL (/Users/benmaderazo/Code/claude-mermaid-collab/ui/node_modules/[4mwhatwg-url[24m/lib/URL.js:115:22)
  [90m    at new Request (node:internal/deps/undici/undici:10413:25)[39m
  [90m    at fetch (node:internal/deps/undici/undici:11325:25)[39m
  [90m    at fetch (node:internal/deps/undici/undici:15843:10)[39m
  [90m    at fetch (node:internal/bootstrap/web/exposed-window-or-worker:83:12)[39m
      at Object.getSessionTodos [90m(/Users/benmaderazo/Code/claude-mermaid-collab/.collab/agent-sessions/worktrees/leaf-exec-cde0f2bc/ui/[39msrc/lib/api.ts:709:28[90m)[39m
      at Object.setCurrentSession [90m(/Users/benmaderazo/Code/claude-mermaid-collab/.collab/agent-sessions/worktrees/leaf-exec-cde0f2bc/ui/[39msrc/stores/sessionStore.ts:281:10[90m)[39m
      at [90m/Users/benmaderazo/Code/claude-mermaid-collab/.collab/agent-sessions/worktrees/leaf-exec-cde0f2bc/ui/[39msrc/stores/__tests__/sessionStore.test.ts:485:34
}

stderr | src/stores/__tests__/sessionStore.test.ts > useSessionStore > Complex Scenarios > should handle mixed diagram and document operations
Failed to load session todos: TypeError: Failed to parse URL from /api/session-todos?project=test-project&session=Test+Session
[90m    at node:internal/deps/undici/undici:15845:13[39m
    at Object.getSessionTodos [90m(/Users/benmaderazo/Code/claude-mermaid-collab/.collab/agent-sessions/worktrees/leaf-exec-cde0f2bc/ui/[39msrc/lib/api.ts:709:22[90m)[39m {
  [cause]: TypeError: Invalid URL: /api/session-todos?project=test-project&session=Test+Session
      at new URLImpl (/Users/benmaderazo/Code/claude-mermaid-collab/ui/node_modules/[4mwhatwg-url[24m/lib/URL-impl.js:20:13)
      at Object.exports.setup (/Users/benmaderazo/Code/claude-mermaid-collab/ui/node_modules/[4mwhatwg-url[24m/lib/URL.js:54:12)
      at new URL (/Users/benmaderazo/Code/claude-mermaid-collab/ui/node_modules/[4mwhatwg-url[24m/lib/URL.js:115:22)
  [90m    at new Request (node:internal/deps/undici/undici:10413:25)[39m
  [90m    at fetch (node:internal/deps/undici/undici:11325:25)[39m
  [90m    at fetch (node:internal/deps/undici/undici:15843:10)[39m
  [90m    at fetch (node:internal/bootstrap/web/exposed-window-or-worker:83:12)[39m
      at Object.getSessionTodos [90m(/Users/benmaderazo/Code/claude-mermaid-collab/.collab/agent-sessions/worktrees/leaf-exec-cde0f2bc/ui/[39msrc/lib/api.ts:709:28[90m)[39m
      at Object.setCurrentSession [90m(/Users/benmaderazo/Code/claude-mermaid-collab/.collab/agent-sessions/worktrees/leaf-exec-cde0f2bc/ui/[39msrc/stores/sessionStore.ts:281:10[90m)[39m
      at [90m/Users/benmaderazo/Code/claude-mermaid-collab/.collab/agent-sessions/worktrees/leaf-exec-cde0f2bc/ui/[39msrc/stores/__tests__/sessionStore.test.ts:521:34
}

stderr | src/stores/__tests__/sessionStore.test.ts > useSessionStore > Complex Scenarios > should handle session switching with preserved selections
Failed to load session todos: TypeError: Failed to parse URL from /api/session-todos?project=test-project&session=Session+1
[90m    at node:internal/deps/undici/undici:15845:13[39m
    at Object.getSessionTodos [90m(/Users/benmaderazo/Code/claude-mermaid-collab/.collab/agent-sessions/worktrees/leaf-exec-cde0f2bc/ui/[39msrc/lib/api.ts:709:22[90m)[39m {
  [cause]: TypeError: Invalid URL: /api/session-todos?project=test-project&session=Session+1
      at new URLImpl (/Users/benmaderazo/Code/claude-mermaid-collab/ui/node_modules/[4mwhatwg-url[24m/lib/URL-impl.js:20:13)
      at Object.exports.setup (/Users/benmaderazo/Code/claude-mermaid-collab/ui/node_modules/[4mwhatwg-url[24m/lib/URL.js:54:12)
      at new URL (/Users/benmaderazo/Code/claude-mermaid-collab/ui/node_modules/[4mwhatwg-url[24m/lib/URL.js:115:22)
  [90m    at new Request (node:internal/deps/undici/undici:10413:25)[39m
  [90m    at fetch (node:internal/deps/undici/undici:11325:25)[39m
  [90m    at fetch (node:internal/deps/undici/undici:15843:10)[39m
  [90m    at fetch (node:internal/bootstrap/web/exposed-window-or-worker:83:12)[39m
      at Object.getSessionTodos [90m(/Users/benmaderazo/Code/claude-mermaid-collab/.collab/agent-sessions/worktrees/leaf-exec-cde0f2bc/ui/[39msrc/lib/api.ts:709:28[90m)[39m
      at Object.setCurrentSession [90m(/Users/benmaderazo/Code/claude-mermaid-collab/.collab/agent-sessions/worktrees/leaf-exec-cde0f2bc/ui/[39msrc/stores/sessionStore.ts:281:10[90m)[39m
      at [90m/Users/benmaderazo/Code/claude-mermaid-collab/.collab/agent-sessions/worktrees/leaf-exec-cde0f2bc/ui/[39msrc/stores/__tests__/sessionStore.test.ts:548:34
}
Failed to load session todos: TypeError: Failed to parse URL from /api/session-todos?project=test-project&session=Session+2
[90m    at node:internal/deps/undici/undici:15845:13[39m
    at Object.getSessionTodos [90m(/Users/benmaderazo/Code/claude-mermaid-collab/.collab/agent-sessions/worktrees/leaf-exec-cde0f2bc/ui/[39msrc/lib/api.ts:709:22[90m)[39m {
  [cause]: TypeError: Invalid URL: /api/session-todos?project=test-project&session=Session+2
      at new URLImpl (/Users/benmaderazo/Code/claude-mermaid-collab/ui/node_modules/[4mwhatwg-url[24m/lib/URL-impl.js:20:13)
      at Object.exports.setup (/Users/benmaderazo/Code/claude-mermaid-collab/ui/node_modules/[4mwhatwg-url[24m/lib/URL.js:54:12)
      at new URL (/Users/benmaderazo/Code/claude-mermaid-collab/ui/node_modules/[4mwhatwg-url[24m/lib/URL.js:115:22)
  [90m    at new Request (node:internal/deps/undici/undici:10413:25)[39m
  [90m    at fetch (node:internal/deps/undici/undici:11325:25)[39m
  [90m    at fetch (node:internal/deps/undici/undici:15843:10)[39m
  [90m    at fetch (node:internal/bootstrap/web/exposed-window-or-worker:83:12)[39m
      at Object.getSessionTodos [90m(/Users/benmaderazo/Code/claude-mermaid-collab/.collab/agent-sessions/worktrees/leaf-exec-cde0f2bc/ui/[39msrc/lib/api.ts:709:28[90m)[39m
      at Object.setCurrentSession [90m(/Users/benmaderazo/Code/claude-mermaid-collab/.collab/agent-sessions/worktrees/leaf-exec-cde0f2bc/ui/[39msrc/stores/sessionStore.ts:281:10[90m)[39m
      at [90m/Users/benmaderazo/Code/claude-mermaid-collab/.collab/agent-sessions/worktrees/leaf-exec-cde0f2bc/ui/[39msrc/stores/__tests__/sessionStore.test.ts:555:34
}

stderr | src/stores/__tests__/sessionStore.test.ts > useSessionStore > Pending Diff State > should clear pendingDiff when session changes
Failed to load session todos: TypeError: Failed to parse URL from /api/session-todos?project=test-project&session=Test+Session
[90m    at node:internal/deps/undici/undici:15845:13[39m
    at Object.getSessionTodos [90m(/Users/benmaderazo/Code/claude-mermaid-collab/.collab/agent-sessions/worktrees/leaf-exec-cde0f2bc/ui/[39msrc/lib/api.ts:709:22[90m)[39m {
  [cause]: TypeError: Invalid URL: /api/session-todos?project=test-project&session=Test+Session
      at new URLImpl (/Users/benmaderazo/Code/claude-mermaid-collab/ui/node_modules/[4mwhatwg-url[24m/lib/URL-impl.js:20:13)
      at Object.exports.setup (/Users/benmaderazo/Code/claude-mermaid-collab/ui/node_modules/[4mwhatwg-url[24m/lib/URL.js:54:12)
      at new URL (/Users/benmaderazo/Code/claude-mermaid-collab/ui/node_modules/[4mwhatwg-url[24m/lib/URL.js:115:22)
  [90m    at new Request (node:internal/deps/undici/undici:10413:25)[39m
  [90m    at fetch (node:internal/deps/undici/undici:11325:25)[39m
  [90m    at fetch (node:internal/deps/undici/undici:15843:10)[39m
  [90m    at fetch (node:internal/bootstrap/web/exposed-window-or-worker:83:12)[39m
      at Object.getSessionTodos [90m(/Users/benmaderazo/Code/claude-mermaid-collab/.collab/agent-sessions/worktrees/leaf-exec-cde0f2bc/ui/[39msrc/lib/api.ts:709:28[90m)[39m
      at Object.setCurrentSession [90m(/Users/benmaderazo/Code/claude-mermaid-collab/.collab/agent-sessions/worktrees/leaf-exec-cde0f2bc/ui/[39msrc/stores/sessionStore.ts:281:10[90m)[39m
      at [90m/Users/benmaderazo/Code/claude-mermaid-collab/.collab/agent-sessions/worktrees/leaf-exec-cde0f2bc/ui/[39msrc/stores/__tests__/sessionStore.test.ts:693:34
}

stderr | src/stores/__tests__/sessionStore.test.ts > useSessionStore > Snippet Integration with Session Lifecycle > should clear snippets when session changes
Failed to load session todos: TypeError: Failed to parse URL from /api/session-todos?project=test-project&session=Test+Session
[90m    at node:internal/deps/undici/undici:15845:13[39m
    at Object.getSessionTodos [90m(/Users/benmaderazo/Code/claude-mermaid-collab/.collab/agent-sessions/worktrees/leaf-exec-cde0f2bc/ui/[39msrc/lib/api.ts:709:22[90m)[39m {
  [cause]: TypeError: Invalid URL: /api/session-todos?project=test-project&session=Test+Session
      at new URLImpl (/Users/benmaderazo/Code/claude-mermaid-collab/ui/node_modules/[4mwhatwg-url[24m/lib/URL-impl.js:20:13)
      at Object.exports.setup (/Users/benmaderazo/Code/claude-mermaid-collab/ui/node_modules/[4mwhatwg-url[24m/lib/URL.js:54:12)
      at new URL (/Users/benmaderazo/Code/claude-mermaid-collab/ui/node_modules/[4mwhatwg-url[24m/lib/URL.js:115:22)
  [90m    at new Request (node:internal/deps/undici/undici:10413:25)[39m
  [90m    at fetch (node:internal/deps/undici/undici:11325:25)[39m
  [90m    at fetch (node:internal/deps/undici/undici:15843:10)[39m
  [90m    at fetch (node:internal/bootstrap/web/exposed-window-or-worker:83:12)[39m
      at Object.getSessionTodos [90m(/Users/benmaderazo/Code/claude-mermaid-collab/.collab/agent-sessions/worktrees/leaf-exec-cde0f2bc/ui/[39msrc/lib/api.ts:709:28[90m)[39m
      at Object.setCurrentSession [90m(/Users/benmaderazo/Code/claude-mermaid-collab/.collab/agent-sessions/worktrees/leaf-exec-cde0f2bc/ui/[39msrc/stores/sessionStore.ts:281:10[90m)[39m
      at [90m/Users/benmaderazo/Code/claude-mermaid-collab/.collab/agent-sessions/worktrees/leaf-exec-cde0f2bc/ui/[39msrc/stores/__tests__/sessionStore.test.ts:957:34
}

 ✓ src/stores/__tests__/sessionStore.test.ts  (90 tests) 22ms
 ✓ src/components/supervisor/bridge/suggestionInline.test.tsx  (3 tests) 28ms
 ✓ src/components/mobile/ChatTab.test.tsx  (12 tests) 25ms
stderr | src/components/supervisor/bridge/FleetVitals.test.tsx > FleetVitals > still surfaces unlanded epics (the non-redundant safety line kept on the Bridge)
Each child in a list should have a unique "key" prop.

Check the render method of `FleetVitals`. See https://react.dev/link/warning-keys for more information.

 ✓ src/components/supervisor/bridge/FleetVitals.test.tsx  (3 tests) 29ms
 ✓ src/stores/__tests__/composerDraftStore.test.ts  (4 tests) 55ms
 ✓ src/components/task-graph/__tests__/TaskGraphView.test.tsx  (5 tests) 29ms
 ✓ src/components/supervisor/spec/SystemObjectTree.test.tsx  (2 tests) 27ms
 ✓ src/components/editors/__tests__/DocumentEditor.wysiwyg.history.test.tsx  (2 tests) 26ms
 ✓ src/vendored/t3chat/chat/__tests__/CompactionBanner.test.tsx  (1 test) 24ms
 ✓ src/types/__tests__/types.test.ts  (24 tests) 12ms
 ✓ src/components/supervisor/bridge/fleet/__tests__/useFleetGraph.mission.test.ts  (4 tests) 21ms
 ✓ src/components/supervisor/ConstraintPeerChips.test.tsx  (2 tests) 18ms
 ✓ src/hooks/__tests__/useKeyboardOwner.test.ts  (6 tests) 29ms
 ✓ src/components/editors/__tests__/DocumentEditor.wysiwyg.diff.test.tsx  (2 tests) 24ms
 ✓ src/components/supervisor/bridge/__tests__/StrandedPanel.test.tsx  (3 tests) 24ms
 ✓ src/hooks/__tests__/useNavHistory.test.ts  (14 tests) 20ms
 ✓ src/vendored/t3chat/chat/__tests__/ModelPill.test.tsx  (1 test) 30ms
 ✓ src/components/layout/editor/__tests__/SplitPaneParity.test.tsx  (13 tests) 34ms
 ✓ src/components/supervisor/bridge/RequirementChip.test.tsx  (7 tests) 57ms
 ✓ src/components/editors/milkdown/plugins/__tests__/rawPositions.test.ts  (7 tests) 9ms
 ✓ src/hooks/__tests__/useTabKeyboard.test.ts  (8 tests) 16ms
 ✓ src/stores/__tests__/agentStore.historical.test.ts  (4 tests) 8ms
 ✓ src/hooks/__tests__/useAgentShortcuts.test.ts  (8 tests) 19ms
 ✓ src/components/supervisor/bridge/BridgeDashboard.focal.test.tsx  (2 tests) 27ms
 ✓ src/hooks/__tests__/useEditorAutoPromote.test.ts  (6 tests) 13ms
 ✓ src/components/supervisor/bridge/BridgeDashboard.reconnect.test.tsx  (1 test) 17ms
stderr | src/components/supervisor/bridge/BridgeDashboard.reconnect.test.tsx > BridgeDashboard post-reconnect resync > re-runs the Bridge loaders when the WS client reconnects
An update to BridgeDashboard inside a test was not wrapped in act(...).

When testing, code that causes React state updates should be wrapped into act(...):

act(() => {
  /* fire events that update state */
});
/* assert on the output */

This ensures that you're testing the behavior the user would see in the browser. Learn more at https://react.dev/link/wrap-tests-with-act

 ✓ src/vendored/t3chat/chat/__tests__/composer-nodes.test.tsx  (9 tests) 6ms
 ✓ src/stores/__tests__/questionStore.test.ts  (34 tests) 7ms
 ✓ src/stores/eventStreamStore.test.ts  (5 tests) 16ms
 ✓ src/lib/remarkAnnotations.test.ts  (13 tests) 21ms
 ✓ src/stores/supervisorStore.test.ts  (16 tests) 11ms
 ✓ src/components/editors/milkdown/plugins/__tests__/diagramEmbed.test.ts  (14 tests | 1 skipped) 26ms
 ✓ src/types/__tests__/diff.test.ts  (19 tests) 4ms
 ✓ src/lib/__tests__/todoHierarchy.test.ts  (14 tests) 7ms
 ✓ src/lib/__tests__/timeline-group.test.ts  (8 tests) 21ms
 ✓ src/components/ai-ui/__tests__/registry.test.ts  (34 tests) 12ms
 ✓ src/components/supervisor/bridge/funnel.test.ts  (11 tests) 8ms
 ✓ src/components/layout/sidebar-tree/folderTree.test.ts  (15 tests) 2ms
 ✓ src/hooks/__tests__/useAgentSession.commandid.test.ts  (3 tests) 17ms
 ✓ src/lib/__tests__/api.snippet.test.ts  (16 tests) 8ms
 ✓ src/vendored/t3chat/chat/__tests__/composer-editor-paste.test.ts  (4 tests) 7ms
 ✓ src/stores/__tests__/sidebarTreeStore.test.ts  (12 tests) 6ms
 ✓ src/lib/__tests__/claimability.parity.test.ts  (18 tests) 12ms
 ✓ src/stores/__tests__/tabsStore.panes.test.ts  (11 tests) 9ms
 ✓ src/lib/escalationLifecycle.test.ts  (15 tests) 3ms
 ✓ src/stores/__tests__/uiStore.test.ts  (43 tests) 7ms
 ✓ src/lib/zenPulse.test.ts  (17 tests) 18ms
 ✓ src/stores/projectStore.test.ts  (48 tests) 10ms
 ✓ src/stores/quickReplyStore.order.test.ts  (5 tests) 4ms
 ✓ src/components/layout/__tests__/disambiguateProjectLabels.test.ts  (3 tests) 1ms
 ✓ src/lib/__tests__/diagramUtils.test.ts  (81 tests) 9ms
 ✓ src/stores/viewerStore.test.ts  (21 tests) 3ms
 ✓ src/stores/__tests__/sessionStore.kind.test.ts  (2 tests) 3ms
 ✓ src/vendored/t3chat/chat/__tests__/composer-editor-mentions.test.ts  (3 tests) 15ms
 ✓ src/vendored/t3chat/chat/__tests__/composer-editor-serialize.test.ts  (3 tests) 19ms
 ✓ src/lib/paragraphStack.test.ts  (31 tests) 6ms
 ✓ src/lib/todoEvents.test.ts  (6 tests) 1ms
 ✓ src/lib/__tests__/citations.test.ts  (9 tests) 5ms
 ✓ src/lib/__tests__/mermaidFormatter.test.ts  (57 tests) 14ms
 ✓ src/lib/__tests__/perf-bus.test.ts  (6 tests) 8ms
 ✓ src/stores/__tests__/agentStore.extensions.test.ts  (7 tests) 10ms
 ✓ src/lib/websocket.test.ts  (2 tests) 3ms
 ✓ src/components/supervisor/bridge/__tests__/escalationSelectors.test.ts  (5 tests) 1ms
 ✓ src/lib/__tests__/extract-functions.test.ts  (13 tests) 7ms
 ✓ src/lib/__tests__/todoKind.test.ts  (67 tests) 6ms
 ✓ src/vendored/t3chat/chat/MessagesTimeline.logic.test.ts  (4 tests) 7ms
 ✓ src/services/__tests__/notification-service.test.ts  (14 tests) 12ms
stderr | src/services/__tests__/notification-service.test.ts > NotificationService > requestNotificationPermission > should return denied if Notification API is not available
Notification API not available

stderr | src/services/__tests__/notification-service.test.ts > NotificationService > requestNotificationPermission > should handle error during permission request
Error requesting notification permission: Error: Permission error
    at [90m/Users/benmaderazo/Code/claude-mermaid-collab/.collab/agent-sessions/worktrees/leaf-exec-cde0f2bc/ui/[39msrc/services/__tests__/notification-service.test.ts:105:63
    at file:///Users/benmaderazo/Code/claude-mermaid-collab/ui/node_modules/[4m@vitest/runner[24m/dist/index.js:135:14
    at file:///Users/benmaderazo/Code/claude-mermaid-collab/ui/node_modules/[4m@vitest/runner[24m/dist/index.js:58:26
    at runTest (file:///Users/benmaderazo/Code/claude-mermaid-collab/ui/node_modules/[4m@vitest/runner[24m/dist/index.js:663:17)
    at runSuite (file:///Users/benmaderazo/Code/claude-mermaid-collab/ui/node_modules/[4m@vitest/runner[24m/dist/index.js:782:15)
    at runSuite (file:///Users/benmaderazo/Code/claude-mermaid-collab/ui/node_modules/[4m@vitest/runner[24m/dist/index.js:782:15)
    at runSuite (file:///Users/benmaderazo/Code/claude-mermaid-collab/ui/node_modules/[4m@vitest/runner[24m/dist/index.js:782:15)
    at runFiles (file:///Users/benmaderazo/Code/claude-mermaid-collab/ui/node_modules/[4m@vitest/runner[24m/dist/index.js:834:5)
    at startTests (file:///Users/benmaderazo/Code/claude-mermaid-collab/ui/node_modules/[4m@vitest/runner[24m/dist/index.js:843:3)
    at file:///Users/benmaderazo/Code/claude-mermaid-collab/ui/node_modules/[4mvitest[24m/dist/entry.js:103:7

stderr | src/services/__tests__/notification-service.test.ts > NotificationService > showUserInputNotification > should handle notification not supported gracefully
Notification API not available

stderr | src/services/__tests__/notification-service.test.ts > NotificationService > showUserInputNotification > should not return notification instance when API unavailable
Notification API not available

 ✓ src/stores/__tests__/proposalStore.test.ts  (38 tests) 9ms
 ✓ src/components/layout/sidebar-tree/__tests__/artifactTreeSelectors.test.ts  (10 tests) 7ms
 ✓ src/components/layout/sidebar-tree/__tests__/orderVisibleNodes.test.ts  (7 tests) 3ms
 ✓ src/components/layout/sidebar-tree/__tests__/runBatchAction.test.ts  (7 tests) 8ms
 ✓ src/lib/epicHistory.test.ts  (11 tests) 3ms
 ✓ src/components/editors/milkdown/__tests__/codeBlockPrism.test.ts  (2 tests) 3ms
 ✓ src/components/editors/milkdown/__tests__/headingCollapse.test.tsx  (4 tests) 7ms
 ✓ src/lib/__tests__/conductingView.test.ts  (5 tests) 2ms
 ✓ src/lib/__tests__/link-file.test.ts  (2 tests) 3ms
 ✓ src/types/__tests__/proposal.test.ts  (19 tests) 8ms
 ✓ src/types/__tests__/status.test.ts  (7 tests) 3ms
 ✓ src/stores/__tests__/chatStore.test.ts  (34 tests) 7ms
 ✓ src/components/supervisor/__tests__/bucketEpic.test.ts  (11 tests) 8ms
 ✓ src/vendored/t3chat/lib/utils.test.ts  (9 tests) 12ms
 ✓ src/components/editors/milkdown/__tests__/imageResolver.test.tsx  (6 tests) 10ms
 ✓ src/components/editors/milkdown/__tests__/rawDetails.test.ts  (4 tests) 12ms
 ✓ src/components/editors/milkdown/__tests__/telemetry.test.ts  (4 tests) 3ms
 ✓ src/stores/subscriptionStore.test.ts  (5 tests) 4ms
 ✓ src/lib/statusSelectors.test.ts  (21 tests) 4ms
 ✓ src/lib/triageSelectors.test.ts  (8 tests) 6ms
 ✓ src/components/supervisor/systemNodes.test.ts  (10 tests) 9ms
 ✓ src/components/supervisor/bridge/requirementSelectors.test.ts  (3 tests) 3ms
 ✓ src/components/supervisor/roadmapToMermaid.test.ts  (7 tests) 2ms
 ✓ src/lib/__tests__/claimability.test.ts  (20 tests) 8ms
 ✓ src/lib/__tests__/importArtifact.test.ts  (6 tests) 6ms
 ✓ src/lib/__tests__/parseArtifactNotification.test.ts  (26 tests) 4ms
 ✓ src/stores/__tests__/agentStore.test.ts  (16 tests) 15ms
 ✓ src/stores/__tests__/agentStore.tools.test.ts  (6 tests) 3ms
 ✓ src/stores/__tests__/agentStore.worktree.test.ts  (2 tests) 6ms
 ✓ src/stores/__tests__/browserStore.test.ts  (10 tests) 8ms
 ✓ src/stores/__tests__/sidebarTreeStore.multiselect.test.ts  (10 tests) 3ms
 ✓ src/types/__tests__/artifacts.test.ts  (34 tests) 10ms
 ✓ src/stores/__tests__/tabsStore.test.ts  (10 tests) 5ms
 ✓ src/components/supervisor/spec/objectTreeModel.test.ts  (7 tests) 2ms
 ✓ src/vendored/t3chat/chat/composerSlashCommandSearch.test.ts  (5 tests) 3ms
 ✓ src/components/editors/milkdown/plugins/annotations/__tests__/migrator.test.ts  (5 tests) 4ms
 ✓ src/components/supervisor/bridge/funnel.epicBucket.test.ts  (6 tests) 5ms
 ✓ src/components/layout/__tests__/SupervisorPanel.localIcon.test.tsx  (2 tests) 5ms
 ✓ src/lib/eventTaxonomy.test.ts  (11 tests) 4ms
 ✓ src/lib/freshnessSelectors.test.ts  (17 tests) 4ms
 ✓ src/lib/todoGrouping.test.ts  (2 tests) 13ms
 ✓ src/components/supervisor/systemToMermaid.test.ts  (9 tests) 8ms
 ✓ src/stores/workerFabricStore.test.ts  (3 tests) 2ms
 ✓ src/stores/__tests__/agentStore.orphan-events.test.ts  (4 tests) 5ms
 ✓ src/stores/__tests__/agentStore.permission.test.ts  (6 tests) 8ms
 ✓ src/stores/__tests__/uiStore.zoom.test.ts  (6 tests) 5ms
 ✓ src/components/supervisor/bridge/funnel.live.test.ts  (9 tests) 4ms
 ✓ src/vendored/t3chat/chat/composer-logic.test.ts  (5 tests) 2ms
 ✓ src/vendored/t3chat/chat/__tests__/composer-editor-keymap.test.ts  (2 tests) 3ms
 ✓ src/lib/__tests__/dangerous-commands.test.ts  (10 tests) 4ms
 ✓ src/lib/terminal-ws.test.ts  (4 tests) 3ms
 ✓ src/components/browser/latencyStats.test.ts  (3 tests) 2ms
 ✓ src/stores/__tests__/subscriptionStore.reconcile.test.ts  (5 tests) 2ms
 ✓ src/vendored/t3chat/ChatView.logic.test.ts  (1 test) 1ms
 ✓ src/components/layout/sidebar-tree/__tests__/getActionsForSelection.test.ts  (6 tests) 1ms
 ✓ src/components/layout/__tests__/SupervisorPanel.serverIcons.test.ts  (4 tests) 1ms
 ✓ src/components/ai-ui/__tests__/Dropdown.integration.test.tsx  (4 tests) 3ms
 ✓ src/components/supervisor/bridge/__tests__/BridgeDashboard.graphTodos.test.ts  (13 tests) 3ms
 ✓ src/components/layout/editor/__tests__/SplitEditorHost.test.tsx  (7 tests) 3ms

⎯⎯⎯⎯⎯⎯⎯ Failed Tests 1 ⎯⎯⎯⎯⎯⎯⎯

 FAIL  src/components/layout/__tests__/SupervisorPanel.byProject.test.tsx > SupervisorPanel — per-project collapsible group > renders a project header with the claudepix avatar and the combined-state attribute
TypeError: useSupervisorStore.getState is not a function
 ❯ fetchAll src/components/layout/SupervisorPanel.tsx:298:65
    296|         // Browser / no native bridge: only the page-origin server is …
    297|         // fall back to the single-server store list under the current…
    298|         setProjectsByServer({ [serverScope]: useSupervisorStore.getSta…
       |                                                                 ^
    299|       }
    300|     };
 ❯ src/components/layout/SupervisorPanel.tsx:301:5
 ❯ Object.react_stack_bottom_frame ../../../../../ui/node_modules/react-dom/cjs/react-dom-client.development.js:25989:20
 ❯ runWithFiberInDEV ../../../../../ui/node_modules/react-dom/cjs/react-dom-client.development.js:874:13
 ❯ commitHookEffectListMount ../../../../../ui/node_modules/react-dom/cjs/react-dom-client.development.js:13249:29
 ❯ commitHookPassiveMountEffects ../../../../../ui/node_modules/react-dom/cjs/react-dom-client.development.js:13336:11
 ❯ commitPassiveMountOnFiber ../../../../../ui/node_modules/react-dom/cjs/react-dom-client.development.js:15484:13
 ❯ recursivelyTraversePassiveMountEffects ../../../../../ui/node_modules/react-dom/cjs/react-dom-client.development.js:15439:11
 ❯ commitPassiveMountOnFiber ../../../../../ui/node_modules/react-dom/cjs/react-dom-client.development.js:15519:11
 ❯ flushPassiveEffects ../../../../../ui/node_modules/react-dom/cjs/react-dom-client.development.js:18432:9

⎯⎯⎯⎯⎯⎯⎯⎯⎯⎯⎯⎯⎯⎯⎯⎯⎯⎯⎯⎯⎯⎯⎯⎯[1/1]⎯

 Test Files  1 failed | 288 passed (289)
      Tests  1 failed | 3751 passed | 1 skipped | 4 todo (3757)
   Start at  21:00:48
   Duration  20.29s (transform 4.97s, setup 19.04s, collect 54.17s, tests 43.29s, environment 88.26s, prepare 15.90s)

